******************************************************************************
            TI ARM Clang Linker PC v3.2.2                      
******************************************************************************
>> Linked Sat Oct 19 10:34:08 2024

OUTPUT FILE NAME:   <gpiointerrupt_CC3220S_LAUNCHXL_nortos_ticlang.out>
ENTRY POINT SYMBOL: "resetISR"  address: 2001144d


MEMORY CONFIGURATION

         name            origin    length      used     unused   attr    fill
----------------------  --------  ---------  --------  --------  ----  --------
  SRAM2                 20000000   00004000  0000130c  00002cf4  RW X
  SRAM                  20004000   0003c000  0000f466  0002cb9a  RW X
  LOG_DATA              90000000   00040000  00000000  00040000  R   
  LOG_PTR               94000008   00040000  00000000  00040000  R   


SEGMENT ALLOCATION MAP

run origin  load origin   length   init length attrs members
----------  ----------- ---------- ----------- ----- -------
20003000    20003000    00001000   00000000    rw-
  20003000    20003000    00001000   00000000    rw- .stack
20004000    20004000    00000040   00000040    r--
  20004000    20004000    00000040   00000040    r-- .resetVecs
20004040    20004040    00008000   00000000    rw-
  20004040    20004040    00008000   00000000    rw- .sysmem
2000c040    2000c040    00005b40   00005b40    r-x
  2000c040    2000c040    00005b40   00005b40    r-x .text
20011c00    20011c00    00000a13   00000000    rw-
  20011c00    20011c00    00000a13   00000000    rw- .bss
20012620    20012620    0000074d   0000074d    r--
  20012620    20012620    0000074d   0000074d    r-- .rodata
20012d70    20012d70    0000068e   00000000    rw-
  20012d70    20012d70    0000068e   00000000    rw- .data
20013400    20013400    000000f8   000000f8    r--
  20013400    20013400    000000f8   000000f8    r-- .cinit


SECTION ALLOCATION MAP

 output                                  attributes/
section   page    origin      length       input sections
--------  ----  ----------  ----------   ----------------
.text      0    2000c040    00005b40     
                  2000c040    0000086c     libc.a : _printfi.c.obj (.text:__TI_printfi_nofloat)
                  2000c8ac    000004b8     driverlib.a : prcm.obj (.text.PRCMCC3200MCUInit)
                  2000cd64    000003e4     drivers_cc32xx.a : PowerCC32XX.c.obj (.text.Power_sleep)
                  2000d148    00000222                      : UART2CC32XX.c.obj (.text.UART2CC32XX_hwiIntFxn)
                  2000d36a    00000002     ti_drivers_config.o (.text.Board_initHook)
                  2000d36c    000001cc     drivers_cc32xx.a : UART2CC32XX.c.obj (.text.UART2_open)
                  2000d538    00000178     gpiointerrupt.o (.text.initI2C)
                  2000d6b0    00000174     drivers_cc32xx.a : UART2.c.obj (.text.UART2_writeTimeoutBlocking)
                  2000d824    00000154     gpiointerrupt.o (.text.mainThread)
                  2000d978    00000150     nortos_cc32xx.a : PowerCC32XX_nortos.c.obj (.text.PowerCC32XX_sleepPolicy)
                  2000dac8    00000148     drivers_cc32xx.a : TimerCC32XX.c.obj (.text.Timer_open)
                  2000dc10    00000140                      : GPIOCC32XX.c.obj (.text.GPIO_setConfig)
                  2000dd50    00000138                      : I2CCC32XX.c.obj (.text.I2CCC32XX_hwiFxn)
                  2000de88    00000126                      : I2C.c.obj (.text.I2C_transferTimeout)
                  2000dfae    00000002                      : I2C.c.obj (.text.I2C_init)
                  2000dfb0    00000120     libc.a : memory.c.obj (.text.aligned_alloc)
                  2000e0d0    0000011a     drivers_cc32xx.a : UART2.c.obj (.text.UART2_writeTimeoutNonblocking)
                  2000e1ea    00000112     driverlib.a : udma.obj (.text.uDMAChannelTransferSet)
                  2000e2fc    000000fc     libclang_rt.builtins.a : muldf3.S.obj (.text.__muldf3)
                  2000e3f8    000000f0     libc.a : memory.c.obj (.text.free)
                  2000e4e8    000000e8     drivers_cc32xx.a : I2CCC32XX.c.obj (.text.I2C_open)
                  2000e5d0    000000e8                      : UART2CC32XX.c.obj (.text.UART2_close)
                  2000e6b8    000000cc                      : UART2CC32XX.c.obj (.text.UART2Support_dmaStartRx)
                  2000e784    000000c8     driverlib.a : interrupt.obj (.text.IntDisable)
                  2000e84c    000000c8                 : interrupt.obj (.text.IntEnable)
                  2000e914    000000c4     drivers_cc32xx.a : UART2CC32XX.c.obj (.text.UART2CC32XX_initHw)
                  2000e9d8    000000b8                      : UART2CC32XX.c.obj (.text.UART2Support_dmaStartTx)
                  2000ea90    000000b0     libclang_rt.builtins.a : udivmoddi4.S.obj (.text)
                  2000eb40    000000ac     driverlib.a : gpio.obj (.text.GPIOIntTypeSet)
                  2000ebec    000000a4                 : interrupt.obj (.text.IntPendSet)
                  2000ec90    000000a2                 : pin.obj (.text.PinConfigSet)
                  2000ed32    0000009c     drivers_cc32xx.a : I2CCC32XX.c.obj (.text.I2CCC32XX_completeTransfer)
                  2000edce    00000002     nortos_cc32xx.a : PowerCC32XX_nortos.c.obj (.text.PowerCC32XX_initPolicy)
                  2000edd0    0000009c     gpiointerrupt.o (.text.readTemp)
                  2000ee6c    00000098     driverlib.a : i2c.obj (.text.I2CMasterInitExpClk)
                  2000ef04    00000098     nortos_cc32xx.a : SemaphoreP_nortos.c.obj (.text.SemaphoreP_pend)
                  2000ef9c    00000004                     : ClockPSysTick_nortos.c.obj (.text.ClockP_doTick)
                  2000efa0    00000096     drivers_cc32xx.a : PowerCC32XX_ticlang.asm.obj (.text)
                  2000f036    00000092     driverlib.a : udma.obj (.text.uDMAChannelAttributeDisable)
                  2000f0c8    00000090     drivers_cc32xx.a : GPIOCC32XX.c.obj (.text.GPIO_init)
                  2000f158    0000008e     driverlib.a : prcm.obj (.text.PRCMSysResetCauseGet)
                  2000f1e6    00000002     nortos_cc32xx.a : SemaphoreP_nortos.c.obj (.text.SemaphoreP_destruct)
                  2000f1e8    00000088     drivers_cc32xx.a : PowerCC32XX.c.obj (.text.PowerCC32XX_configureWakeup)
                  2000f270    0000007a                      : I2CCC32XX.c.obj (.text.I2CCC32XX_primeReadBurst)
                  2000f2ea    00000002                      : Timer.c.obj (.text.Timer_init)
                  2000f2ec    00000078                      : PowerCC32XX.c.obj (.text.Power_init)
                  2000f364    00000074     nortos_cc32xx.a : HwiPCC32XX_nortos.c.obj (.text.HwiP_construct)
                  2000f3d8    00000074     driverlib.a : prcm.obj (.text.PRCMHibernateWakeUpGPIOSelect)
                  2000f44c    00000074                 : uart.obj (.text.UARTConfigSetExpClk)
                  2000f4c0    00000070     libc.a : copy_decompress_lzss.c.obj (.text:decompress:lzss)
                  2000f530    0000006c     driverlib.a : pin.obj (.text.PinLockLevelSet)
                  2000f59c    0000006c     drivers_cc32xx.a : PowerCC32XX.c.obj (.text.Power_setDependency)
                  2000f608    0000006c                      : UDMACC32XX.c.obj (.text.UDMACC32XX_open)
                  2000f674    0000006c     gpiointerrupt.o (.text.initTimer)
                  2000f6e0    0000006c     drivers_cc32xx.a : GPIOCC32XX.c.obj (.text.powerNotifyFxn)
                  2000f74c    0000006c     libc.a : memory.c.obj (.text.split)
                  2000f7b8    0000006a     driverlib.a : prcm.obj (.text.PRCMPeripheralReset)
                  2000f822    00000002     drivers_cc32xx.a : UART2CC32XX.c.obj (.text.UART2CC32XX_eventCallback)
                  2000f824    00000068                      : I2CCC32XX.c.obj (.text.I2CCC32XX_initHw)
                  2000f88c    00000068     driverlib.a : interrupt.obj (.text.IntPendClear)
                  2000f8f4    00000066     drivers_cc32xx.a : I2CCC32XX.c.obj (.text.I2CCC32XX_primeWriteBurst)
                  2000f95a    00000002     libclang_rt.builtins.a : aeabi_div0.c.obj (.text.__aeabi_ldiv0)
                  2000f95c    00000060     drivers_cc32xx.a : GPIOCC32XX.c.obj (.text.GPIO_write)
                  2000f9bc    00000060                      : UART2CC32XX.c.obj (.text.UART2Support_dmaStopTx)
                  2000fa1c    0000005c     driverlib.a : flash.obj (.text.FlashDisable)
                  2000fa78    0000005c     drivers_cc32xx.a : I2CCC32XX.c.obj (.text.I2CSupport_primeTransfer)
                  2000fad4    0000005c     driverlib.a : prcm.obj (.text.PRCMHibernateWakeupSourceDisable)
                  2000fb30    0000005c     drivers_cc32xx.a : TimerCC32XX.c.obj (.text.TimerCC32XX_allocateTimerResource)
                  2000fb8c    0000005a     driverlib.a : prcm.obj (.text.PRCMPeripheralClkEnable)
                  2000fbe6    00000002     libc.a : _lock.c.obj (.text._nop)
                  2000fbe8    00000058     nortos_cc32xx.a : ClockPSysTick_nortos.c.obj (.text.ClockP_startup)
                  2000fc40    00000058     driverlib.a : interrupt.obj (.text.IntPrioritySet)
                  2000fc98    00000056                 : prcm.obj (.text.PRCMLPDSEnter)
                  2000fcee    00000002     nortos_cc32xx.a : startup_cc32xx_ticlang.c.obj (.text.busFaultHandler)
                  2000fcf0    00000054     drivers_cc32xx.a : PowerCC32XX.c.obj (.text.PowerCC32XX_setParkState)
                  2000fd44    00000054                      : PowerCC32XX.c.obj (.text.Power_releaseDependency)
                  2000fd98    00000050                      : GPIOCC32XX.c.obj (.text.GPIO_hwiIntFxn)
                  2000fde8    00000050     driverlib.a : prcm.obj (.text.PRCMHibernateWakeupSourceEnable)
                  2000fe38    00000050     nortos_cc32xx.a : SemaphoreP_nortos.c.obj (.text.SemaphoreP_construct)
                  2000fe88    0000004e     driverlib.a : udma.obj (.text.uDMAChannelAssign)
                  2000fed6    00000002     nortos_cc32xx.a : SemaphoreP_nortos.c.obj (.text.clkFxn)
                  2000fed8    0000004c     drivers_cc32xx.a : GPIOCC32XX.c.obj (.text.GPIO_setInterruptConfig)
                  2000ff24    0000004c     driverlib.a : prcm.obj (.text.PRCMLPDSRestoreInfoSet)
                  2000ff70    0000004c     drivers_cc32xx.a : TimerCC32XX.c.obj (.text.initHw)
                  2000ffbc    0000004a                      : UART2CC32XX.c.obj (.text.UART2Support_dmaStopRx)
                  20010006    0000004a                      : TimerCC32XX.c.obj (.text.getPrescaler)
                  20010050    0000004a     driverlib.a : udma.obj (.text.uDMAChannelSizeGet)
                  2001009a    00000002     nortos_cc32xx.a : startup_cc32xx_ticlang.c.obj (.text.defaultHandler)
                  2001009c    00000048                     : ClockPSysTick_nortos.c.obj (.text.ClockP_sysTickHandler)
                  200100e4    00000048     driverlib.a : prcm.obj (.text.PRCMIntEnable)
                  2001012c    00000048                 : prcm.obj (.text.PRCMPeripheralStatusGet)
                  20010174    00000048                 : pin.obj (.text.PinConfigGet)
                  200101bc    00000048     libclang_rt.builtins.a : fixdfsi.S.obj (.text.__fixdfsi)
                  20010204    00000046     drivers_cc32xx.a : I2CCC32XX.c.obj (.text.I2CCC32XX_fillTransmitFifo)
                  2001024a    00000046     driverlib.a : prcm.obj (.text.PRCMLPDSEnterKeepDebugIf)
                  20010290    00000046     drivers_cc32xx.a : RingBuf.c.obj (.text.RingBuf_put)
                  200102d6    00000044     driverlib.a : gpio.obj (.text.GPIODirModeSet)
                  2001031a    00000002     nortos_cc32xx.a : startup_cc32xx_ticlang.c.obj (.text.faultISR)
                  2001031c    00000044     drivers_cc32xx.a : GPIOCC32XX.c.obj (.text.GPIO_disableInt)
                  20010360    00000044                      : GPIOCC32XX.c.obj (.text.GPIO_enableInt)
                  200103a4    00000044                      : PowerCC32XX.c.obj (.text.Power_releaseConstraint)
                  200103e8    00000044                      : Timer.c.obj (.text.Timer_start)
                  2001042c    00000044     nortos_cc32xx.a : ClockPSysTick_nortos.c.obj (.text.addToList)
                  20010470    00000044     libc.a : snprintf.c.obj (.text.snprintf)
                  200104b4    00000042     driverlib.a : pin.obj (.text.PinModeSet)
                  200104f6    00000042                 : timer.obj (.text.TimerControlStall)
                  20010538    00000042     drivers_cc32xx.a : TimerCC32XX.c.obj (.text.Timer_close)
                  2001057a    00000042     nortos_cc32xx.a : PowerCC32XX_nortos.c.obj (.text.getCountsRTC)
                  200105bc    00000040                     : SemaphoreP_nortos.c.obj (.text.SemaphoreP_post)
                  200105fc    00000040     drivers_cc32xx.a : Timer.c.obj (.text.Timer_stop)
                  2001063c    00000040     libc.a : atoi.c.obj (.text.atoi)
                  2001067c    00000040     driverlib.a : udma.obj (.text.uDMAChannelControlSet)
                  200106bc    0000003e                 : pin.obj (.text.PinDirModeSet)
                  200106fa    00000002     nortos_cc32xx.a : startup_cc32xx_ticlang.c.obj (.text.nmiISR)
                  200106fc    0000003c                     : ClockPSysTick_nortos.c.obj (.text.ClockP_stop)
                  20010738    0000003c     drivers_cc32xx.a : UDMACC32XX.c.obj (.text.UDMACC32XX_init)
                  20010774    0000003a                      : TimerCC32XX.c.obj (.text.TimerSupport_timerEnable)
                  200107ae    00000002     --HOLE-- [fill = 0]
                  200107b0    00000038     nortos_cc32xx.a : ClockPSysTick_nortos.c.obj (.text.ClockP_destruct)
                  200107e8    00000038     drivers_cc32xx.a : PowerCC32XX.c.obj (.text.Power_setConstraint)
                  20010820    00000038                      : RingBuf.c.obj (.text.RingBuf_putAdvance)
                  20010858    00000038     nortos_cc32xx.a : SwiP_nortos.c.obj (.text.SwiP_restore)
                  20010890    00000038     drivers_cc32xx.a : UDMACC32XX.c.obj (.text.UDMACC32XX_close)
                  200108c8    00000038     libc.a : autoinit.c.obj (.text:__TI_auto_init_nobinit_nopinit)
                  20010900    00000036     driverlib.a : pin.obj (.text.PinLock)
                  20010936    00000036     drivers_cc32xx.a : TimerCC32XX.c.obj (.text.TimerCC32XX_hwiIntFunction)
                  2001096c    00000036     driverlib.a : uart.obj (.text.UARTCharPutNonBlocking)
                  200109a2    00000002     --HOLE-- [fill = 0]
                  200109a4    00000034     nortos_cc32xx.a : ClockPSysTick_nortos.c.obj (.text.ClockP_start)
                  200109d8    00000034     driverlib.a : i2c.obj (.text.I2CFIFODataPutNonBlocking)
                  20010a0c    00000034                 : pin.obj (.text.PinDirModeGet)
                  20010a40    00000034                 : pin.obj (.text.PinModeGet)
                  20010a74    00000034     drivers_cc32xx.a : PowerCC32XX.c.obj (.text.PowerCC32XX_parkPin)
                  20010aa8    00000034                      : TimerCC32XX.c.obj (.text.TimerCC32XX_freeTimerResource)
                  20010adc    00000034                      : UART2.c.obj (.text.UART2_rxDisable)
                  20010b10    00000034     nortos_cc32xx.a : startup_cc32xx_ticlang.c.obj (.text.initVectors)
                  20010b44    00000030                     : ClockPSysTick_nortos.c.obj (.text.ClockP_getTicksUntilInterrupt)
                  20010b74    00000030     driverlib.a : i2c.obj (.text.I2CFIFODataGetNonBlocking)
                  20010ba4    00000030                 : prcm.obj (.text.PRCMLPDSIntervalSet)
                  20010bd4    00000030                 : prcm.obj (.text.PRCMSlowClkCtrFastGet)
                  20010c04    00000030                 : timer.obj (.text.TimerLoadSet)
                  20010c34    00000030                 : timer.obj (.text.TimerPrescaleSet)
                  20010c64    00000030     libc.a : snprintf.c.obj (.text._outs)
                  20010c94    00000030     drivers_cc32xx.a : PowerCC32XX.c.obj (.text.notify)
                  20010cc4    0000002e     driverlib.a : gpio.obj (.text.GPIOIntStatus)
                  20010cf2    0000002e     drivers_cc32xx.a : RingBuf.c.obj (.text.RingBuf_getConsume)
                  20010d20    0000002e                      : RingBuf.c.obj (.text.RingBuf_putPointer)
                  20010d4e    0000002e     driverlib.a : uart.obj (.text.UARTDisable)
                  20010d7c    0000002e     libclang_rt.builtins.a : floatsidf.S.obj (.text.__floatsidf)
                  20010daa    0000002c     driverlib.a : i2c.obj (.text.I2CMasterIntStatusEx)
                  20010dd6    0000002c     drivers_cc32xx.a : UART2CC32XX.c.obj (.text.UART2CC32XX_getRxData)
                  20010e02    00000002     --HOLE-- [fill = 0]
                  20010e04    0000002c     gpiointerrupt.o (.text.initUART)
                  20010e30    0000002a     nortos_cc32xx.a : HwiPCC32XX_nortos.c.obj (.text.HwiP_create)
                  20010e5a    0000002a     driverlib.a : prcm.obj (.text.PRCMLPDSWakeUpGPIOSelect)
                  20010e84    0000002a                 : prcm.obj (.text.PRCMPeripheralClkDisable)
                  20010eae    0000002a                 : uart.obj (.text.UARTIntStatus)
                  20010ed8    00000028                 : i2c.obj (.text.I2CMasterBusBusy)
                  20010f00    00000028                 : i2c.obj (.text.I2CMasterSlaveAddrSet)
                  20010f28    00000028                 : i2c.obj (.text.I2CTxFIFOConfigSet)
                  20010f50    00000028     drivers_cc32xx.a : I2C.c.obj (.text.I2C_cancel)
                  20010f78    00000028                      : List.c.obj (.text.List_remove)
                  20010fa0    00000028     driverlib.a : prcm.obj (.text.PRCMSRAMRetentionEnable)
                  20010fc8    00000028     drivers_cc32xx.a : PowerCC32XX.c.obj (.text.PowerCC32XX_getParkState)
                  20010ff0    00000028                      : TimerCC32XX.c.obj (.text.TimerSupport_timerDisable)
                  20011018    00000028     libc.a : memory.c.obj (.text.free_list_insert)
                  20011040    00000024     driverlib.a : i2c.obj (.text.I2CRxFIFOConfigSet)
                  20011064    00000024                 : interrupt.obj (.text.IntUnregister)
                  20011088    00000024     drivers_cc32xx.a : List.c.obj (.text.List_put)
                  200110ac    00000024     driverlib.a : prcm.obj (.text.PRCMLPDSWakeupSourceEnable)
                  200110d0    00000024     drivers_cc32xx.a : PowerCC32XX.c.obj (.text.PowerCC32XX_restoreParkState)
                  200110f4    00000024                      : PowerCC32XX.c.obj (.text.PowerCC32XX_restoreParkedPin)
                  20011118    00000024                      : PowerCC32XX.c.obj (.text.Power_registerNotify)
                  2001113c    00000024                      : UART2CC32XX.c.obj (.text.UART2Support_disableRx)
                  20011160    00000024     libc.a : boot_cortex_m.c.obj (.text:_c_int00_noargs)
                  20011184    00000022     driverlib.a : gpio.obj (.text.GPIOPinWrite)
                  200111a6    00000022                 : pin.obj (.text.PinUnlock)
                  200111c8    00000022     drivers_cc32xx.a : RingBuf.c.obj (.text.RingBuf_getPointer)
                  200111ea    00000022                      : UART2CC32XX.c.obj (.text.UART2Support_sendData)
                  2001120c    00000020     driverlib.a : interrupt.obj (.text.IntRegister)
                  2001122c    00000020                 : pin.obj (.text.PinTypeI2C)
                  2001124c    00000020     drivers_cc32xx.a : PowerCC32XX.c.obj (.text.PowerCC32XX_reset)
                  2001126c    00000020                      : PowerCC32XX.c.obj (.text.Power_unregisterNotify)
                  2001128c    00000020     nortos_cc32xx.a : SemaphoreP_nortos.c.obj (.text.SemaphoreP_constructBinary)
                  200112ac    00000020                     : SemaphoreP_nortos.c.obj (.text.SemaphoreP_createBinary)
                  200112cc    00000020     driverlib.a : timer.obj (.text.TimerDisable)
                  200112ec    0000001e                 : pin.obj (.text.PinTypeUART)
                  2001130a    0000001e     drivers_cc32xx.a : UART2.c.obj (.text.UART2_writeTimeout)
                  20011328    0000001e     driverlib.a : uart.obj (.text.UARTEnable)
                  20011346    0000001e     libc.a : memccpy.c.obj (.text.memccpy)
                  20011364    0000001e     driverlib.a : udma.obj (.text.uDMAChannelDisable)
                  20011382    0000001e                 : udma.obj (.text.uDMAChannelEnable)
                  200113a0    0000001e                 : udma.obj (.text.uDMAChannelIsEnabled)
                  200113be    00000002     --HOLE-- [fill = 0]
                  200113c0    0000001c     drivers_cc32xx.a : GPIO.c.obj (.text.GPIO_setCallback)
                  200113dc    0000001c     nortos_cc32xx.a : HwiPCC32XX_nortos.c.obj (.text.HwiP_dispatch)
                  200113f8    0000001c                     : SwiP_nortos.c.obj (.text.SwiP_disable)
                  20011414    0000001c     libc.a : memory.c.obj (.text.free_list_remove)
                  20011430    0000001c     drivers_cc32xx.a : TimerCC32XX.c.obj (.text.getPowerMgrId)
                  2001144c    0000001c     nortos_cc32xx.a : startup_cc32xx_ticlang.c.obj (.text.resetISR)
                  20011468    0000001a     driverlib.a : gpio.obj (.text.GPIOIntDisable)
                  20011482    0000001a                 : prcm.obj (.text.PRCMHIBRegRead)
                  2001149c    0000001a                 : prcm.obj (.text.PRCMHIBRegWrite)
                  200114b6    0000001a                 : prcm.obj (.text.PRCMLPDSWakeupSourceDisable)
                  200114d0    0000001a                 : pin.obj (.text.PinToPadGet)
                  200114ea    0000001a                 : timer.obj (.text.TimerEnable)
                  20011504    0000001a                 : uart.obj (.text.UARTFlowControlSet)
                  2001151e    00000018                 : gpio.obj (.text.GPIOIntEnable)
                  20011536    00000018     nortos_cc32xx.a : SemaphoreP_nortos.c.obj (.text.SemaphoreP_create)
                  2001154e    00000018     libc.a : snprintf.c.obj (.text._outc)
                  20011566    00000016     ti_drivers_config.o (.text.Board_init)
                  2001157c    00000016     driverlib.a : i2c.obj (.text.I2CMasterBurstLengthSet)
                  20011592    00000016                 : i2c.obj (.text.I2CMasterIntDisableEx)
                  200115a8    00000016                 : i2c.obj (.text.I2CRxFIFOFlush)
                  200115be    00000016                 : i2c.obj (.text.I2CTxFIFOFlush)
                  200115d4    00000016                 : systick.obj (.text.SysTickPeriodSet)
                  200115ea    00000016                 : timer.obj (.text.TimerIntDisable)
                  20011600    00000016                 : uart.obj (.text.UARTCharsAvail)
                  20011616    00000016                 : uart.obj (.text.UARTDMADisable)
                  2001162c    00000016                 : uart.obj (.text.UARTFIFOLevelSet)
                  20011642    00000016                 : uart.obj (.text.UARTIntDisable)
                  20011658    00000014                 : cpu.obj (.text.CPUcpsid)
                  2001166c    00000014                 : cpu.obj (.text.CPUcpsie)
                  20011680    00000014     nortos_cc32xx.a : HwiPCC32XX_nortos.c.obj (.text.HwiP_destruct)
                  20011694    00000014     driverlib.a : i2c.obj (.text.I2CMasterIntEnableEx)
                  200116a8    00000014                 : interrupt.obj (.text.IntVTableBaseSet)
                  200116bc    00000014     drivers_cc32xx.a : PowerCC32XX.c.obj (.text.Power_disablePolicy)
                  200116d0    00000014                      : PowerCC32XX.c.obj (.text.Power_getTransitionLatency)
                  200116e4    00000014                      : PowerCC32XX.c.obj (.text.Power_idleFunc)
                  200116f8    00000014     driverlib.a : timer.obj (.text.TimerIntEnable)
                  2001170c    00000014                 : uart.obj (.text.UARTDMAEnable)
                  20011720    00000014                 : uart.obj (.text.UARTIntEnable)
                  20011734    00000014     libclang_rt.builtins.a : aeabi_uldivmod.S.obj (.text.__aeabi_uldivmod)
                  20011748    00000014     driverlib.a : udma.obj (.text.uDMAControlBaseSet)
                  2001175c    00000014                 : udma.obj (.text.uDMAIntClear)
                  20011770    00000012     nortos_cc32xx.a : ClockPSysTick_nortos.c.obj (.text.ClockP_add)
                  20011782    00000012     driverlib.a : gpio.obj (.text.GPIOIntClear)
                  20011794    00000012     nortos_cc32xx.a : HwiPCC32XX_nortos.c.obj (.text.HwiP_Params_init)
                  200117a6    00000012                     : HwiPCC32XX_nortos.c.obj (.text.HwiP_delete)
                  200117b8    00000012     driverlib.a : i2c.obj (.text.I2CMasterDisable)
                  200117ca    00000012                 : i2c.obj (.text.I2CMasterEnable)
                  200117dc    00000012     drivers_cc32xx.a : I2C.c.obj (.text.I2C_transfer)
                  200117ee    00000012     driverlib.a : systick.obj (.text.SysTickEnable)
                  20011800    00000012                 : systick.obj (.text.SysTickIntDisable)
                  20011812    00000012                 : systick.obj (.text.SysTickIntEnable)
                  20011824    00000012     drivers_cc32xx.a : UDMACC32XX.c.obj (.text.postNotifyFxn)
                  20011836    00000012     libc.a : memcpy_t2.S.obj (.text:TI_memcpy_small)
                  20011848    00000010     nortos_cc32xx.a : ClockPSysTick_nortos.c.obj (.text.ClockP_getCpuFreq)
                  20011858    00000010                     : ClockPSysTick_nortos.c.obj (.text.ClockP_getSystemTicks)
                  20011868    00000010                     : ClockPSysTick_nortos.c.obj (.text.ClockP_setTicks)
                  20011878    00000010                     : HwiPCC32XX_nortos.c.obj (.text.HwiP_inISR)
                  20011888    00000010     driverlib.a : i2c.obj (.text.I2CMasterControl)
                  20011898    00000010                 : i2c.obj (.text.I2CMasterIntClearEx)
                  200118a8    00000010                 : i2c.obj (.text.I2CMasterTimeoutSet)
                  200118b8    00000010     drivers_cc32xx.a : PowerCC32XX.c.obj (.text.Power_enablePolicy)
                  200118c8    00000010                      : RingBuf.c.obj (.text.RingBuf_construct)
                  200118d8    00000010     driverlib.a : timer.obj (.text.TimerIntClear)
                  200118e8    00000010     drivers_cc32xx.a : Timer.c.obj (.text.Timer_Params_init)
                  200118f8    00000010                      : UART2CC32XX.c.obj (.text.UART2Support_txDone)
                  20011908    00000010     driverlib.a : uart.obj (.text.UARTBusy)
                  20011918    00000010                 : uart.obj (.text.UARTIntClear)
                  20011928    00000010                 : uart.obj (.text.UARTRxErrorGet)
                  20011938    00000010     main_nortos.o (.text.main)
                  20011948    00000010     libc.a : wcslen.c.obj (.text.wcslen)
                  20011958    00000010            : copy_zero_init.c.obj (.text:decompress:ZI)
                  20011968    0000000e     nortos_cc32xx.a : HwiPCC32XX_nortos.c.obj (.text.HwiP_interruptsEnabled)
                  20011976    0000000e     driverlib.a : i2c.obj (.text.I2CFIFOStatus)
                  20011984    0000000e     drivers_cc32xx.a : UART2.c.obj (.text.UART2_write)
                  20011992    0000000e     libc.a : _printfi.c.obj (.text.strlen)
                  200119a0    0000000e     driverlib.a : udma.obj (.text.uDMAEnable)
                  200119ae    0000000e                 : udma.obj (.text.uDMAErrorStatusClear)
                  200119bc    0000000e     libc.a : memset_t2.S.obj (.text:TI_memset_small)
                  200119ca    0000000e            : copy_decompress_none.c.obj (.text:decompress:none)
                  200119d8    0000000c     driverlib.a : cpu.obj (.text.CPUwfi)
                  200119e4    0000000c     drivers_cc32xx.a : I2CCC32XX.c.obj (.text.I2CCC32XX_postNotify)
                  200119f0    0000000c                      : I2C.c.obj (.text.I2C_Params_init)
                  200119fc    0000000c                      : I2CCC32XX.c.obj (.text.OUTLINED_FUNCTION_0)
                  20011a08    0000000c                      : UART2CC32XX.c.obj (.text.OUTLINED_FUNCTION_0)
                  20011a14    0000000c     gpiointerrupt.o (.text.OUTLINED_FUNCTION_0)
                  20011a20    0000000c     driverlib.a : prcm.obj (.text.PRCMLPDSWakeupCauseGet)
                  20011a2c    0000000c     drivers_cc32xx.a : PowerCC32XX.c.obj (.text.Power_getConstraintMask)
                  20011a38    0000000c                      : UART2CC32XX.c.obj (.text.UART2CC32XX_postNotifyFxn)
                  20011a44    0000000c                      : UART2CC32XX.c.obj (.text.UART2Support_disableTx)
                  20011a50    0000000c                      : UART2CC32XX.c.obj (.text.UART2Support_enableTx)
                  20011a5c    0000000c                      : UART2.c.obj (.text.UART2_Params_init)
                  20011a68    0000000c     gpiointerrupt.o (.text.gpioButtonFxn0)
                  20011a74    0000000c     gpiointerrupt.o (.text.gpioButtonFxn1)
                  20011a80    0000000c     drivers_cc32xx.a : TimerCC32XX.c.obj (.text.postNotifyFxn)
                  20011a8c    0000000c     gpiointerrupt.o (.text.timerCallback)
                  20011a98    0000000c     driverlib.a : udma.obj (.text.uDMAErrorStatusGet)
                  20011aa4    0000000a                 : cpu.obj (.text.CPUprimask)
                  20011aae    0000000a     nortos_cc32xx.a : ClockPSysTick_nortos.c.obj (.text.ClockP_isActive)
                  20011ab8    0000000a     driverlib.a : interrupt.obj (.text.IntMasterDisable)
                  20011ac2    0000000a                 : interrupt.obj (.text.IntMasterEnable)
                  20011acc    0000000a     drivers_cc32xx.a : UART2CC32XX.c.obj (.text.OUTLINED_FUNCTION_1)
                  20011ad6    0000000a                      : UART2CC32XX.c.obj (.text.OUTLINED_FUNCTION_2)
                  20011ae0    0000000a     libclang_rt.builtins.a : aeabi_memset.S.obj (.text.__aeabi_memset)
                  20011aea    0000000a     ti_drivers_config.o (.text.dmaErrorFxn)
                  20011af4    00000008     nortos_cc32xx.a : HwiPCC32XX_nortos.c.obj (.text.HwiP_disable)
                  20011afc    00000008                     : HwiPCC32XX_nortos.c.obj (.text.HwiP_restore)
                  20011b04    00000008     drivers_cc32xx.a : I2CCC32XX.c.obj (.text.I2CCC32XX_blockingCallback)
                  20011b0c    00000008                      : I2CCC32XX.c.obj (.text.I2CSupport_controllerFinish)
                  20011b14    00000008     driverlib.a : prcm.obj (.text.PRCMSleepEnter)
                  20011b1c    00000008                 : utils.obj (.text.UtilsDelay)
                  20011b24    00000008     libc.a : aeabi_portable.c.obj (.text.__aeabi_errno_addr)
                  20011b2c    00000008     libclang_rt.builtins.a : aeabi_memset.S.obj (.text.__aeabi_memclr)
                  20011b34    00000008     libc.a : memory.c.obj (.text.malloc)
                  20011b3c    00000006     drivers_cc32xx.a : I2CCC32XX.c.obj (.text.I2CSupport_powerRelConstraint)
                  20011b42    00000006                      : I2CCC32XX.c.obj (.text.I2CSupport_powerSetConstraint)
                  20011b48    00000006                      : UART2CC32XX.c.obj (.text.UART2Support_powerRelConstraint)
                  20011b4e    00000004     nortos_cc32xx.a : HwiPCC32XX_nortos.c.obj (.text.HwiP_clearInterrupt)
                  20011b52    00000004                     : HwiPCC32XX_nortos.c.obj (.text.HwiP_disableInterrupt)
                  20011b56    00000004                     : HwiPCC32XX_nortos.c.obj (.text.HwiP_enable)
                  20011b5a    00000004                     : HwiPCC32XX_nortos.c.obj (.text.HwiP_enableInterrupt)
                  20011b5e    00000004                     : HwiPCC32XX_nortos.c.obj (.text.HwiP_post)
                  20011b62    00000004     driverlib.a : interrupt.obj (.text.IntDefaultHandler)
                  20011b66    00000004     nortos_cc32xx.a : NoRTOS.c.obj (.text.NoRTOS_start)
                  20011b6a    00000004     drivers_cc32xx.a : RingBuf.c.obj (.text.RingBuf_getCount)
                  20011b6e    00000004     nortos_cc32xx.a : SemaphoreP_nortos.c.obj (.text.SemaphoreP_delete)
                  20011b72    00000002     --HOLE-- [fill = 0]
                  20011b74    00000004     libclang_rt.builtins.a : aeabi_memcpy.S.obj (.text.__aeabi_memcpy)
                  20011b78    00000004     libc.a : pre_init.c.obj (.text._system_pre_init)
                  20011b7c    00000004            : exit.c.obj (.text:abort)

.ramVecs   0    20000000    0000030c     NOLOAD SECTION
                  20000000    0000030c     nortos_cc32xx.a : startup_cc32xx_ticlang.c.obj (.ramVecs)

.stack     0    20003000    00001000     UNINITIALIZED
                  20003000    00000004     libc.a : boot_cortex_m.c.obj (.stack)
                  20003004    00000ffc     --HOLE--

.resetVecs 
*          0    20004000    00000040     
                  20004000    00000040     nortos_cc32xx.a : startup_cc32xx_ticlang.c.obj (.resetVecs)

.sysmem    0    20004040    00008000     UNINITIALIZED
                  20004040    00000010     libc.a : memory.c.obj (.sysmem)
                  20004050    00007ff0     --HOLE--

.bss       0    20011c00    00000a13     UNINITIALIZED
                  20011c00    00000400     ti_drivers_config.o (.bss.dmaControlTable)
                  20012000    00000178     (.common:uart2CC32XXObjects0)
                  20012178    0000012c     (.common:PowerCC32XX_contextSave)
                  200122a4    000000fc     (.common:i2cCC32XXObjects)
                  200123a0    00000084     (.common:gpioCallbackFunctions)
                  20012424    00000084     (.common:gpioUserArgs)
                  200124a8    00000084     (.common:timerCC32XXObjects)
                  2001252c    00000040     (.common:output)
                  2001256c    00000020     ti_drivers_config.o (.bss.uart2RxRingBuffer0)
                  2001258c    00000020     ti_drivers_config.o (.bss.uart2TxRingBuffer0)
                  200125ac    00000020     (.common:i2cTransaction)
                  200125cc    00000014     drivers_cc32xx.a : UDMACC32XX.c.obj (.bss.postNotifyObj)
                  200125e0    00000010     (.common:ClockP_ctrl)
                  200125f0    00000008     (.common:udmaCC3220SObject)
                  200125f8    00000004     nortos_cc32xx.a : ClockPSysTick_nortos.c.obj (.bss.sysTickPeriod)
                  200125fc    00000004     libc.a : memory.c.obj (.bss.sys_free)
                  20012600    00000004     drivers_cc32xx.a : TimerCC32XX.c.obj (.bss.timerState.0)
                  20012604    00000004     (.common:i2c)
                  20012608    00000004     (.common:timer0)
                  2001260c    00000004     (.common:uart)
                  20012610    00000002     (.common:rxBuffer)
                  20012612    00000001     (.common:txBuffer)

.rodata    0    20012620    0000074d     
                  20012620    00000101     libc.a : aeabi_ctype.S.obj (.rodata:__aeabi_ctype_table_)
                  20012721    00000002     drivers_cc32xx.a : UART2CC32XX.c.obj (.rodata.stopBits)
                  20012723    00000001     ti_drivers_config.o (.rodata.GPIO_pinUpperBound)
                  20012724    00000100     driverlib.a : pin.obj (.rodata.g_ulPinToPadMap)
                  20012824    000000d4                 : interrupt.obj (.rodata.g_pulRegs)
                  200128f8    000000a8                 : prcm.obj (.rodata.PRCM_PeriphRegsList)
                  200129a0    00000048     gpiointerrupt.o (.rodata.str1.88141095010518599421)
                  200129e8    00000044     ti_drivers_config.o (.rodata.PowerCC32XX_config)
                  20012a2c    00000038     gpiointerrupt.o (.rodata.str1.48557138690711581964)
                  20012a64    00000038     ti_drivers_config.o (.rodata.uart2CC32XXHWAttrs0)
                  20012a9c    00000032     gpiointerrupt.o (.rodata.str1.59672170090002130734)
                  20012ace    00000001     ti_drivers_config.o (.rodata.I2C_count)
                  20012acf    00000001     ti_drivers_config.o (.rodata.Timer_count)
                  20012ad0    00000028     drivers_cc32xx.a : GPIOCC32XX.c.obj (.rodata.portConfigs)
                  20012af8    00000028     gpiointerrupt.o (.rodata.str1.117259490511853709771)
                  20012b20    00000024     drivers_cc32xx.a : UART2.c.obj (.rodata.UART2_defaultParams)
                  20012b44    00000021                      : GPIOCC32XX.c.obj (.rodata.pinTable)
                  20012b65    00000021     gpiointerrupt.o (.rodata.str1.172639838942318644741)
                  20012b86    00000001     ti_drivers_config.o (.rodata.UART2_count)
                  20012b87    00000001     --HOLE-- [fill = 0]
                  20012b88    0000001f     gpiointerrupt.o (.rodata.str1.75752999448730089094)
                  20012ba7    00000001     --HOLE-- [fill = 0]
                  20012ba8    0000001b     gpiointerrupt.o (.rodata.str1.119337933097536889414)
                  20012bc3    00000001     --HOLE-- [fill = 0]
                  20012bc4    0000001a     gpiointerrupt.o (.rodata.str1.99899187528894583924)
                  20012bde    00000002     --HOLE-- [fill = 0]
                  20012be0    00000018     driverlib.a : interrupt.obj (.rodata.g_pulDisRegs)
                  20012bf8    00000018                 : interrupt.obj (.rodata.g_pulEnRegs)
                  20012c10    00000018                 : interrupt.obj (.rodata.g_pulPendRegs)
                  20012c28    00000018                 : interrupt.obj (.rodata.g_pulUnpendRegs)
                  20012c40    00000018     gpiointerrupt.o (.rodata.sensors)
                  20012c58    00000016     gpiointerrupt.o (.rodata.str1.74142311551570879921)
                  20012c6e    00000002     --HOLE-- [fill = 0]
                  20012c70    00000014     ti_drivers_config.o (.rodata.i2cCC32XXHWAttrs)
                  20012c84    00000013     gpiointerrupt.o (.rodata.str1.2552335557485402984)
                  20012c97    00000011     libc.a : _printfi.c.obj (.rodata.str1.11645776875810915891)
                  20012ca8    00000011            : _printfi.c.obj (.rodata.str1.44690500295887128011)
                  20012cb9    00000003     --HOLE-- [fill = 0]
                  20012cbc    00000010     ti_drivers_config.o (.rodata.GPIO_config)
                  20012ccc    00000010     drivers_cc32xx.a : I2CCC32XX.c.obj (.rodata.cst16)
                  20012cdc    00000010     ti_drivers_config.o (.rodata.timerCC32XXHWAttrs)
                  20012cec    0000000d     gpiointerrupt.o (.rodata.str1.8099049698717124711)
                  20012cf9    00000003     --HOLE-- [fill = 0]
                  20012cfc    0000000c     drivers_cc32xx.a : Timer.c.obj (.rodata.defaultParams)
                  20012d08    0000000c                      : TimerCC32XX.c.obj (.rodata.defaultParams)
                  20012d14    0000000c     ti_drivers_config.o (.rodata.udmaCC3220SHWAttrs)
                  20012d20    00000009     gpiointerrupt.o (.rodata.str1.149745159178111864794)
                  20012d29    00000003     --HOLE-- [fill = 0]
                  20012d2c    00000009     gpiointerrupt.o (.rodata.str1.27667157146944505614)
                  20012d35    00000003     --HOLE-- [fill = 0]
                  20012d38    00000008     ti_drivers_config.o (.rodata.I2C_config)
                  20012d40    00000008     ti_drivers_config.o (.rodata.Timer_config)
                  20012d48    00000008     ti_drivers_config.o (.rodata.UART2_config)
                  20012d50    00000008     ti_drivers_config.o (.rodata.UDMACC32XX_config)
                  20012d58    00000005     drivers_cc32xx.a : UART2CC32XX.c.obj (.rodata.parityType)
                  20012d5d    00000004                      : UART2CC32XX.c.obj (.rodata.cst4)
                  20012d61    00000004     gpiointerrupt.o (.rodata.str1.177127741038011458291)
                  20012d65    00000004     gpiointerrupt.o (.rodata.str1.76852768311284507591)
                  20012d69    00000004     gpiointerrupt.o (.rodata.str1.83244292559720334441)

.cinit     0    20013400    000000f8     
                  20013400    000000d1     (.cinit..data.load) [load image, compression = lzss]
                  200134d1    00000003     --HOLE-- [fill = 0]
                  200134d4    0000000c     (__TI_handler_table)
                  200134e0    00000008     (.cinit..bss.load) [load image, compression = zero_init]
                  200134e8    00000010     (__TI_cinit_table)

.init_array 
*          0    20004000    00000000     UNINITIALIZED

.data      0    20012d70    0000068e     UNINITIALIZED
                  20012d70    0000030c     nortos_cc32xx.a : HwiPCC32XX_nortos.c.obj (.data.HwiP_dispatchTable)
                  2001307c    0000016c     drivers_cc32xx.a : PowerCC32XX.c.obj (.data.PowerCC32XX_module)
                  200131e8    000000f8     ti_drivers_config.o (.data.parkInfo)
                  200132e0    00000084     ti_drivers_config.o (.data.gpioPinConfigs)
                  20013364    0000004c     nortos_cc32xx.a : SwiP_nortos.c.obj (.data..L_MergedGlobals)
                  200133b0    00000018     drivers_cc32xx.a : GPIOCC32XX.c.obj (.data..L_MergedGlobals)
                  200133c8    00000010     nortos_cc32xx.a : SemaphoreP_nortos.c.obj (.data..L_MergedGlobals)
                  200133d8    00000008     drivers_cc32xx.a : UDMACC32XX.c.obj (.data..L_MergedGlobals)
                  200133e0    00000008     nortos_cc32xx.a : ClockPSysTick_nortos.c.obj (.data..L_MergedGlobals)
                  200133e8    00000004                     : HwiPCC32XX_nortos.c.obj (.data.HwiP_swiPIntNum)
                  200133ec    00000004     libc.a : aeabi_portable.c.obj (.data.__aeabi_errno)
                  200133f0    00000004            : _lock.c.obj (.data._lock)
                  200133f4    00000004            : _lock.c.obj (.data._unlock)
                  200133f8    00000003     gpiointerrupt.o (.data..L_MergedGlobals)
                  200133fb    00000001     drivers_cc32xx.a : GPIOCC32XX.c.obj (.data.initCalled)
                  200133fc    00000001     libc.a : memory.c.obj (.data.memory_is_initialized)
                  200133fd    00000001     drivers_cc32xx.a : GPIOCC32XX.c.obj (.data.portHwiCreatedBitMask)

.log_data 
*          0    90000000    00000000     COPY SECTION

.log_ptr   0    94000008    00000000     COPY SECTION

__llvm_prf_cnts 
*          0    20004000    00000000     UNINITIALIZED

__llvm_prf_bits 
*          0    20004000    00000000     UNINITIALIZED

MODULE SUMMARY

       Module                         code    ro data   rw data
       ------                         ----    -------   -------
    .\
       gpiointerrupt.o                1072    443       114    
       main_nortos.o                  16      0         0      
    +--+------------------------------+-------+---------+---------+
       Total:                         1088    443       114    
                                                               
    .\syscfg\
       ti_drivers_config.o            34      224       2500   
    +--+------------------------------+-------+---------+---------+
       Total:                         34      224       2500   
                                                               
    C:/ti/simplelink_cc32xx_sdk_7_10_00_13/kernel/nortos/lib/ticlang/m4/nortos_cc32xx.a
       HwiPCC32XX_nortos.c.obj        308     0         784    
       startup_cc32xx_ticlang.c.obj   88      64        780    
       ClockPSysTick_nortos.c.obj     524     0         28     
       SemaphoreP_nortos.c.obj        392     0         16     
       PowerCC32XX_nortos.c.obj       404     0         0      
       SwiP_nortos.c.obj              84      0         76     
       NoRTOS.c.obj                   4       0         0      
    +--+------------------------------+-------+---------+---------+
       Total:                         1804    64        1684   
                                                               
    C:/ti/simplelink_cc32xx_sdk_7_10_00_13/source/ti/devices/cc32xx/driverlib/ticlang/Release/driverlib.a
       prcm.obj                       2564    168       0      
       interrupt.obj                  868     308       0      
       pin.obj                        750     256       0      
       udma.obj                       806     0         0      
       i2c.obj                        658     0         0      
       uart.obj                       490     0         0      
       gpio.obj                       388     0         0      
       timer.obj                      278     0         0      
       flash.obj                      92      0         0      
       systick.obj                    76      0         0      
       cpu.obj                        62      0         0      
       utils.obj                      8       0         0      
    +--+------------------------------+-------+---------+---------+
       Total:                         7040    732       0      
                                                               
    C:/ti/simplelink_cc32xx_sdk_7_10_00_13/source/ti/drivers/lib/ticlang/m4/drivers_cc32xx.a
       PowerCC32XX.c.obj              2052    0         664    
       UART2CC32XX.c.obj              2198    11        0      
       I2CCC32XX.c.obj                1242    16        0      
       GPIOCC32XX.c.obj               960     73        26     
       TimerCC32XX.c.obj              880     12        4      
       UART2.c.obj                    762     36        0      
       I2C.c.obj                      366     0         0      
       RingBuf.c.obj                  272     0         0      
       UDMACC32XX.c.obj               242     0         28     
       Timer.c.obj                    150     12        0      
       PowerCC32XX_ticlang.asm.obj    150     0         0      
       List.c.obj                     76      0         0      
       GPIO.c.obj                     28      0         0      
    +--+------------------------------+-------+---------+---------+
       Total:                         9378    160       722    
                                                               
    C:\ti\ccs1280\ccs\tools\compiler\ti-cgt-armllvm_3.2.2.LTS\lib\armv7em-ti-none-eabi/c/libc.a
       _printfi.c.obj                 2170    34        0      
       memory.c.obj                   712     0         5      
       aeabi_ctype.S.obj              0       257       0      
       snprintf.c.obj                 140     0         0      
       copy_decompress_lzss.c.obj     112     0         0      
       atoi.c.obj                     64      0         0      
       autoinit.c.obj                 56      0         0      
       boot_cortex_m.c.obj            36      0         0      
       memccpy.c.obj                  30      0         0      
       memcpy_t2.S.obj                18      0         0      
       copy_zero_init.c.obj           16      0         0      
       wcslen.c.obj                   16      0         0      
       copy_decompress_none.c.obj     14      0         0      
       memset_t2.S.obj                14      0         0      
       aeabi_portable.c.obj           8       0         4      
       _lock.c.obj                    2       0         8      
       exit.c.obj                     4       0         0      
       pre_init.c.obj                 4       0         0      
    +--+------------------------------+-------+---------+---------+
       Total:                         3416    291       17     
                                                               
    C:\ti\ccs1280\ccs\tools\compiler\ti-cgt-armllvm_3.2.2.LTS\lib\clang/15.0.7/lib/armv7em-ti-none-eabi/libclang_rt.builtins.a
       muldf3.S.obj                   252     0         0      
       udivmoddi4.S.obj               176     0         0      
       fixdfsi.S.obj                  72      0         0      
       floatsidf.S.obj                46      0         0      
       aeabi_uldivmod.S.obj           20      0         0      
       aeabi_memset.S.obj             18      0         0      
       aeabi_memcpy.S.obj             4       0         0      
       aeabi_div0.c.obj               2       0         0      
    +--+------------------------------+-------+---------+---------+
       Total:                         590     0         0      
                                                               
       Heap:                          0       0         32768  
       Stack:                         0       0         4096   
       Linker Generated:              0       245       0      
    +--+------------------------------+-------+---------+---------+
       Grand Total:                   23350   2159      41901  


LINKER GENERATED COPY TABLES

__TI_cinit_table @ 200134e8 records: 2, size/record: 8, table size: 16
	.data: load addr=20013400, load size=000000d1 bytes, run addr=20012d70, run size=0000068e bytes, compression=lzss
	.bss: load addr=200134e0, load size=00000008 bytes, run addr=20011c00, run size=00000a13 bytes, compression=zero_init


LINKER GENERATED HANDLER TABLE

__TI_handler_table @ 200134d4 records: 3, size/record: 4, table size: 12
	index: 0, handler: __TI_decompress_lzss
	index: 1, handler: __TI_decompress_none
	index: 2, handler: __TI_zero_init


GLOBAL SYMBOLS: SORTED ALPHABETICALLY BY Name 

address   name                             
-------   ----                             
20011567  Board_init                       
2000d36b  Board_initHook                   
200133f9  Button0Flag                      
200133fa  Button1Flag                      
20011b7c  C$$EXIT                          
20011659  CPUcpsid                         
2001166d  CPUcpsie                         
20011aa5  CPUprimask                       
200119d9  CPUwfi                           
20011771  ClockP_add                       
200125e0  ClockP_ctrl                      
200107b1  ClockP_destruct                  
2000ef9d  ClockP_doTick                    
20011849  ClockP_getCpuFreq                
20011859  ClockP_getSystemTicks            
20010b45  ClockP_getTicksUntilInterrupt    
20011aaf  ClockP_isActive                  
20011869  ClockP_setTicks                  
200109a5  ClockP_start                     
2000fbe9  ClockP_startup                   
200106fd  ClockP_stop                      
2001009d  ClockP_sysTickHandler            
200133e4  ClockP_tickPeriod                
2000fa1d  FlashDisable                     
200102d7  GPIODirModeSet                   
20011783  GPIOIntClear                     
20011469  GPIOIntDisable                   
2001151f  GPIOIntEnable                    
20010cc5  GPIOIntStatus                    
2000eb41  GPIOIntTypeSet                   
20011185  GPIOPinWrite                     
20012cbc  GPIO_config                      
2001031d  GPIO_disableInt                  
20010361  GPIO_enableInt                   
2000fd99  GPIO_hwiIntFxn                   
2000f0c9  GPIO_init                        
20012723  GPIO_pinUpperBound               
200113c1  GPIO_setCallback                 
2000dc11  GPIO_setConfig                   
2000fed9  GPIO_setInterruptConfig          
2000f95d  GPIO_write                       
20011795  HwiP_Params_init                 
20011b4f  HwiP_clearInterrupt              
2000f365  HwiP_construct                   
20010e31  HwiP_create                      
200117a7  HwiP_delete                      
20011681  HwiP_destruct                    
20011af5  HwiP_disable                     
20011b53  HwiP_disableInterrupt            
200113dd  HwiP_dispatch                    
20011b57  HwiP_enable                      
20011b5b  HwiP_enableInterrupt             
20011879  HwiP_inISR                       
20011969  HwiP_interruptsEnabled           
20011b5f  HwiP_post                        
20011afd  HwiP_restore                     
200133e8  HwiP_swiPIntNum                  
20010b75  I2CFIFODataGetNonBlocking        
200109d9  I2CFIFODataPutNonBlocking        
20011977  I2CFIFOStatus                    
2001157d  I2CMasterBurstLengthSet          
20010ed9  I2CMasterBusBusy                 
20011889  I2CMasterControl                 
200117b9  I2CMasterDisable                 
200117cb  I2CMasterEnable                  
2000ee6d  I2CMasterInitExpClk              
20011899  I2CMasterIntClearEx              
20011593  I2CMasterIntDisableEx            
20011695  I2CMasterIntEnableEx             
20010dab  I2CMasterIntStatusEx             
20010f01  I2CMasterSlaveAddrSet            
200118a9  I2CMasterTimeoutSet              
20011041  I2CRxFIFOConfigSet               
200115a9  I2CRxFIFOFlush                   
20011b0d  I2CSupport_controllerFinish      
20011b3d  I2CSupport_powerRelConstraint    
20011b43  I2CSupport_powerSetConstraint    
2000fa79  I2CSupport_primeTransfer         
20010f29  I2CTxFIFOConfigSet               
200115bf  I2CTxFIFOFlush                   
200119f1  I2C_Params_init                  
20010f51  I2C_cancel                       
20012d38  I2C_config                       
20012ace  I2C_count                        
2000dfaf  I2C_init                         
2000e4e9  I2C_open                         
200117dd  I2C_transfer                     
2000de89  I2C_transferTimeout              
UNDEFED   ITM_flush                        
UNDEFED   ITM_restore                      
2000e785  IntDisable                       
2000e84d  IntEnable                        
20011ab9  IntMasterDisable                 
20011ac3  IntMasterEnable                  
2000f88d  IntPendClear                     
2000ebed  IntPendSet                       
2000fc41  IntPrioritySet                   
2001120d  IntRegister                      
20011065  IntUnregister                    
200116a9  IntVTableBaseSet                 
20011089  List_put                         
20010f79  List_remove                      
20011b67  NoRTOS_start                     
2000c8ad  PRCMCC3200MCUInit                
20011483  PRCMHIBRegRead                   
2001149d  PRCMHIBRegWrite                  
2000f3d9  PRCMHibernateWakeUpGPIOSelect    
2000fad5  PRCMHibernateWakeupSourceDisable 
2000fde9  PRCMHibernateWakeupSourceEnable  
200100e5  PRCMIntEnable                    
2000fc99  PRCMLPDSEnter                    
2001024b  PRCMLPDSEnterKeepDebugIf         
20010ba5  PRCMLPDSIntervalSet              
2000ff25  PRCMLPDSRestoreInfoSet           
20010e5b  PRCMLPDSWakeUpGPIOSelect         
20011a21  PRCMLPDSWakeupCauseGet           
200114b7  PRCMLPDSWakeupSourceDisable      
200110ad  PRCMLPDSWakeupSourceEnable       
20010e85  PRCMPeripheralClkDisable         
2000fb8d  PRCMPeripheralClkEnable          
2000f7b9  PRCMPeripheralReset              
2001012d  PRCMPeripheralStatusGet          
20010fa1  PRCMSRAMRetentionEnable          
20011b15  PRCMSleepEnter                   
20010bd5  PRCMSlowClkCtrFastGet            
2000f159  PRCMSysResetCauseGet             
20010175  PinConfigGet                     
2000ec91  PinConfigSet                     
20010a0d  PinDirModeGet                    
200106bd  PinDirModeSet                    
20010901  PinLock                          
2000f531  PinLockLevelSet                  
20010a41  PinModeGet                       
200104b5  PinModeSet                       
200114d1  PinToPadGet                      
2001122d  PinTypeI2C                       
200112ed  PinTypeUART                      
200111a7  PinUnlock                        
200129e8  PowerCC32XX_config               
2000f1e9  PowerCC32XX_configureWakeup      
20012178  PowerCC32XX_contextSave          
2000efa1  PowerCC32XX_enterLPDS            
20010fc9  PowerCC32XX_getParkState         
2000edcf  PowerCC32XX_initPolicy           
2001307c  PowerCC32XX_module               
20010a75  PowerCC32XX_parkPin              
2001124d  PowerCC32XX_reset                
200110d1  PowerCC32XX_restoreParkState     
200110f5  PowerCC32XX_restoreParkedPin     
2000efe5  PowerCC32XX_resumeLPDS           
2000fcf1  PowerCC32XX_setParkState         
2000d979  PowerCC32XX_sleepPolicy          
200116bd  Power_disablePolicy              
200118b9  Power_enablePolicy               
20011a2d  Power_getConstraintMask          
200116d1  Power_getTransitionLatency       
200116e5  Power_idleFunc                   
2000f2ed  Power_init                       
20011119  Power_registerNotify             
200103a5  Power_releaseConstraint          
2000fd45  Power_releaseDependency          
200107e9  Power_setConstraint              
2000f59d  Power_setDependency              
2000cd65  Power_sleep                      
2001126d  Power_unregisterNotify           
200118c9  RingBuf_construct                
20010cf3  RingBuf_getConsume               
20011b6b  RingBuf_getCount                 
200111c9  RingBuf_getPointer               
20010291  RingBuf_put                      
20010821  RingBuf_putAdvance               
20010d21  RingBuf_putPointer               
2000fe39  SemaphoreP_construct             
2001128d  SemaphoreP_constructBinary       
20011537  SemaphoreP_create                
200112ad  SemaphoreP_createBinary          
200133d0  SemaphoreP_defaultParams         
20011b6f  SemaphoreP_delete                
2000f1e7  SemaphoreP_destruct              
2000ef05  SemaphoreP_pend                  
200105bd  SemaphoreP_post                  
200113f9  SwiP_disable                     
20010859  SwiP_restore                     
200117ef  SysTickEnable                    
20011801  SysTickIntDisable                
20011813  SysTickIntEnable                 
200115d5  SysTickPeriodSet                 
20011837  TI_memcpy_small                  
200119bd  TI_memset_small                  
2000fb31  TimerCC32XX_allocateTimerResource
20010aa9  TimerCC32XX_freeTimerResource    
200104f7  TimerControlStall                
200112cd  TimerDisable                     
200114eb  TimerEnable                      
200133f8  TimerFlag                        
200118d9  TimerIntClear                    
200115eb  TimerIntDisable                  
200116f9  TimerIntEnable                   
20010c05  TimerLoadSet                     
20010c35  TimerPrescaleSet                 
20010ff1  TimerSupport_timerDisable        
20010775  TimerSupport_timerEnable         
200118e9  Timer_Params_init                
20010539  Timer_close                      
20012d40  Timer_config                     
20012acf  Timer_count                      
2000f2eb  Timer_init                       
2000dac9  Timer_open                       
200103e9  Timer_start                      
200105fd  Timer_stop                       
2001113d  UART2Support_disableRx           
20011a45  UART2Support_disableTx           
2000e6b9  UART2Support_dmaStartRx          
2000e9d9  UART2Support_dmaStartTx          
2000ffbd  UART2Support_dmaStopRx           
2000f9bd  UART2Support_dmaStopTx           
20011a51  UART2Support_enableTx            
20011b49  UART2Support_powerRelConstraint  
200111eb  UART2Support_sendData            
200118f9  UART2Support_txDone              
20011a5d  UART2_Params_init                
2000e5d1  UART2_close                      
20012d48  UART2_config                     
20012b86  UART2_count                      
20012b20  UART2_defaultParams              
2000d36d  UART2_open                       
20010add  UART2_rxDisable                  
20011985  UART2_write                      
2001130b  UART2_writeTimeout               
2000d6b1  UART2_writeTimeoutBlocking       
2000e0d1  UART2_writeTimeoutNonblocking    
20011909  UARTBusy                         
2001096d  UARTCharPutNonBlocking           
20011601  UARTCharsAvail                   
2000f44d  UARTConfigSetExpClk              
20011617  UARTDMADisable                   
2001170d  UARTDMAEnable                    
20010d4f  UARTDisable                      
20011329  UARTEnable                       
2001162d  UARTFIFOLevelSet                 
20011505  UARTFlowControlSet               
20011919  UARTIntClear                     
20011643  UARTIntDisable                   
20011721  UARTIntEnable                    
20010eaf  UARTIntStatus                    
20011929  UARTRxErrorGet                   
20010891  UDMACC32XX_close                 
20012d50  UDMACC32XX_config                
20010739  UDMACC32XX_init                  
2000f609  UDMACC32XX_open                  
20011b1d  UtilsDelay                       
20004000  __STACK_END                      
00001000  __STACK_SIZE                     
00008000  __SYSMEM_SIZE                    
00000000  __TI_ATRegion0_region_sz         
00000000  __TI_ATRegion0_src_addr          
00000000  __TI_ATRegion0_trg_addr          
00000000  __TI_ATRegion1_region_sz         
00000000  __TI_ATRegion1_src_addr          
00000000  __TI_ATRegion1_trg_addr          
00000000  __TI_ATRegion2_region_sz         
00000000  __TI_ATRegion2_src_addr          
00000000  __TI_ATRegion2_trg_addr          
200134e8  __TI_CINIT_Base                  
200134f8  __TI_CINIT_Limit                 
200134f8  __TI_CINIT_Warm                  
200134d4  __TI_Handler_Table_Base          
200134e0  __TI_Handler_Table_Limit         
200108c9  __TI_auto_init_nobinit_nopinit   
2000f4c1  __TI_decompress_lzss             
200119cb  __TI_decompress_none             
ffffffff  __TI_pprof_out_hndl              
2000c041  __TI_printfi_nofloat             
ffffffff  __TI_prof_data_size              
ffffffff  __TI_prof_data_start             
20013400  __TI_static_base__               
20011959  __TI_zero_init                   
20012620  __aeabi_ctype_table_             
20012620  __aeabi_ctype_table_C            
200101bd  __aeabi_d2iz                     
2000e2fd  __aeabi_dmul                     
200133ec  __aeabi_errno                    
20011b25  __aeabi_errno_addr               
20010d7d  __aeabi_i2d                      
2000f95b  __aeabi_ldiv0                    
20011b2d  __aeabi_memclr                   
20011b2d  __aeabi_memclr4                  
20011b2d  __aeabi_memclr8                  
20011b75  __aeabi_memcpy                   
20011b75  __aeabi_memcpy4                  
20011b75  __aeabi_memcpy8                  
20011ae1  __aeabi_memset                   
20011ae1  __aeabi_memset4                  
20011ae1  __aeabi_memset8                  
20011735  __aeabi_uldivmod                 
ffffffff  __binit__                        
200101bd  __fixdfsi                        
20010d7d  __floatsidf                      
UNDEFED   __mpu_init                       
2000e2fd  __muldf3                         
20003000  __stack                          
20004000  __start___llvm_prf_bits          
20004000  __start___llvm_prf_cnts          
20004000  __stop___llvm_prf_bits           
20004000  __stop___llvm_prf_cnts           
2000ea91  __udivmoddi4                     
20011161  _c_int00_noargs                  
200133f0  _lock                            
2000fbe7  _nop                             
20004040  _sys_memory                      
UNDEFED   _system_post_cinit               
20011b79  _system_pre_init                 
200133f4  _unlock                          
20011b7d  abort                            
2000dfb1  aligned_alloc                    
2001063d  atoi                             
ffffffff  binit                            
2000fed7  clkFxn                           
2000e3f9  free                             
20011a69  gpioButtonFxn0                   
20011a75  gpioButtonFxn1                   
200123a0  gpioCallbackFunctions            
200132e0  gpioPinConfigs                   
20012424  gpioUserArgs                     
20012604  i2c                              
20012c70  i2cCC32XXHWAttrs                 
200122a4  i2cCC32XXObjects                 
200125ac  i2cTransaction                   
2000d539  initI2C                          
2000f675  initTimer                        
20010e05  initUART                         
20010b11  initVectors                      
20011939  main                             
2000d825  mainThread                       
20011b35  malloc                           
2000dfb1  memalign                         
20011347  memccpy                          
2001252c  output                           
200131e8  parkInfo                         
2000edd1  readTemp                         
2001144d  resetISR                         
20012610  rxBuffer                         
20010471  snprintf                         
20012608  timer0                           
20012cdc  timerCC32XXHWAttrs               
200124a8  timerCC32XXObjects               
20011a8d  timerCallback                    
20012612  txBuffer                         
2000fe89  uDMAChannelAssign                
2000f037  uDMAChannelAttributeDisable      
2001067d  uDMAChannelControlSet            
20011365  uDMAChannelDisable               
20011383  uDMAChannelEnable                
200113a1  uDMAChannelIsEnabled             
20010051  uDMAChannelSizeGet               
2000e1eb  uDMAChannelTransferSet           
20011749  uDMAControlBaseSet               
200119a1  uDMAEnable                       
200119af  uDMAErrorStatusClear             
20011a99  uDMAErrorStatusGet               
2001175d  uDMAIntClear                     
2001260c  uart                             
20012000  uart2CC32XXObjects0              
20012d14  udmaCC3220SHWAttrs               
200125f0  udmaCC3220SObject                
20011949  wcslen                           


GLOBAL SYMBOLS: SORTED BY Symbol Address 

address   name                             
-------   ----                             
00000000  __TI_ATRegion0_region_sz         
00000000  __TI_ATRegion0_src_addr          
00000000  __TI_ATRegion0_trg_addr          
00000000  __TI_ATRegion1_region_sz         
00000000  __TI_ATRegion1_src_addr          
00000000  __TI_ATRegion1_trg_addr          
00000000  __TI_ATRegion2_region_sz         
00000000  __TI_ATRegion2_src_addr          
00000000  __TI_ATRegion2_trg_addr          
00001000  __STACK_SIZE                     
00008000  __SYSMEM_SIZE                    
20003000  __stack                          
20004000  __STACK_END                      
20004000  __start___llvm_prf_bits          
20004000  __start___llvm_prf_cnts          
20004000  __stop___llvm_prf_bits           
20004000  __stop___llvm_prf_cnts           
20004040  _sys_memory                      
2000c041  __TI_printfi_nofloat             
2000c8ad  PRCMCC3200MCUInit                
2000cd65  Power_sleep                      
2000d36b  Board_initHook                   
2000d36d  UART2_open                       
2000d539  initI2C                          
2000d6b1  UART2_writeTimeoutBlocking       
2000d825  mainThread                       
2000d979  PowerCC32XX_sleepPolicy          
2000dac9  Timer_open                       
2000dc11  GPIO_setConfig                   
2000de89  I2C_transferTimeout              
2000dfaf  I2C_init                         
2000dfb1  aligned_alloc                    
2000dfb1  memalign                         
2000e0d1  UART2_writeTimeoutNonblocking    
2000e1eb  uDMAChannelTransferSet           
2000e2fd  __aeabi_dmul                     
2000e2fd  __muldf3                         
2000e3f9  free                             
2000e4e9  I2C_open                         
2000e5d1  UART2_close                      
2000e6b9  UART2Support_dmaStartRx          
2000e785  IntDisable                       
2000e84d  IntEnable                        
2000e9d9  UART2Support_dmaStartTx          
2000ea91  __udivmoddi4                     
2000eb41  GPIOIntTypeSet                   
2000ebed  IntPendSet                       
2000ec91  PinConfigSet                     
2000edcf  PowerCC32XX_initPolicy           
2000edd1  readTemp                         
2000ee6d  I2CMasterInitExpClk              
2000ef05  SemaphoreP_pend                  
2000ef9d  ClockP_doTick                    
2000efa1  PowerCC32XX_enterLPDS            
2000efe5  PowerCC32XX_resumeLPDS           
2000f037  uDMAChannelAttributeDisable      
2000f0c9  GPIO_init                        
2000f159  PRCMSysResetCauseGet             
2000f1e7  SemaphoreP_destruct              
2000f1e9  PowerCC32XX_configureWakeup      
2000f2eb  Timer_init                       
2000f2ed  Power_init                       
2000f365  HwiP_construct                   
2000f3d9  PRCMHibernateWakeUpGPIOSelect    
2000f44d  UARTConfigSetExpClk              
2000f4c1  __TI_decompress_lzss             
2000f531  PinLockLevelSet                  
2000f59d  Power_setDependency              
2000f609  UDMACC32XX_open                  
2000f675  initTimer                        
2000f7b9  PRCMPeripheralReset              
2000f88d  IntPendClear                     
2000f95b  __aeabi_ldiv0                    
2000f95d  GPIO_write                       
2000f9bd  UART2Support_dmaStopTx           
2000fa1d  FlashDisable                     
2000fa79  I2CSupport_primeTransfer         
2000fad5  PRCMHibernateWakeupSourceDisable 
2000fb31  TimerCC32XX_allocateTimerResource
2000fb8d  PRCMPeripheralClkEnable          
2000fbe7  _nop                             
2000fbe9  ClockP_startup                   
2000fc41  IntPrioritySet                   
2000fc99  PRCMLPDSEnter                    
2000fcf1  PowerCC32XX_setParkState         
2000fd45  Power_releaseDependency          
2000fd99  GPIO_hwiIntFxn                   
2000fde9  PRCMHibernateWakeupSourceEnable  
2000fe39  SemaphoreP_construct             
2000fe89  uDMAChannelAssign                
2000fed7  clkFxn                           
2000fed9  GPIO_setInterruptConfig          
2000ff25  PRCMLPDSRestoreInfoSet           
2000ffbd  UART2Support_dmaStopRx           
20010051  uDMAChannelSizeGet               
2001009d  ClockP_sysTickHandler            
200100e5  PRCMIntEnable                    
2001012d  PRCMPeripheralStatusGet          
20010175  PinConfigGet                     
200101bd  __aeabi_d2iz                     
200101bd  __fixdfsi                        
2001024b  PRCMLPDSEnterKeepDebugIf         
20010291  RingBuf_put                      
200102d7  GPIODirModeSet                   
2001031d  GPIO_disableInt                  
20010361  GPIO_enableInt                   
200103a5  Power_releaseConstraint          
200103e9  Timer_start                      
20010471  snprintf                         
200104b5  PinModeSet                       
200104f7  TimerControlStall                
20010539  Timer_close                      
200105bd  SemaphoreP_post                  
200105fd  Timer_stop                       
2001063d  atoi                             
2001067d  uDMAChannelControlSet            
200106bd  PinDirModeSet                    
200106fd  ClockP_stop                      
20010739  UDMACC32XX_init                  
20010775  TimerSupport_timerEnable         
200107b1  ClockP_destruct                  
200107e9  Power_setConstraint              
20010821  RingBuf_putAdvance               
20010859  SwiP_restore                     
20010891  UDMACC32XX_close                 
200108c9  __TI_auto_init_nobinit_nopinit   
20010901  PinLock                          
2001096d  UARTCharPutNonBlocking           
200109a5  ClockP_start                     
200109d9  I2CFIFODataPutNonBlocking        
20010a0d  PinDirModeGet                    
20010a41  PinModeGet                       
20010a75  PowerCC32XX_parkPin              
20010aa9  TimerCC32XX_freeTimerResource    
20010add  UART2_rxDisable                  
20010b11  initVectors                      
20010b45  ClockP_getTicksUntilInterrupt    
20010b75  I2CFIFODataGetNonBlocking        
20010ba5  PRCMLPDSIntervalSet              
20010bd5  PRCMSlowClkCtrFastGet            
20010c05  TimerLoadSet                     
20010c35  TimerPrescaleSet                 
20010cc5  GPIOIntStatus                    
20010cf3  RingBuf_getConsume               
20010d21  RingBuf_putPointer               
20010d4f  UARTDisable                      
20010d7d  __aeabi_i2d                      
20010d7d  __floatsidf                      
20010dab  I2CMasterIntStatusEx             
20010e05  initUART                         
20010e31  HwiP_create                      
20010e5b  PRCMLPDSWakeUpGPIOSelect         
20010e85  PRCMPeripheralClkDisable         
20010eaf  UARTIntStatus                    
20010ed9  I2CMasterBusBusy                 
20010f01  I2CMasterSlaveAddrSet            
20010f29  I2CTxFIFOConfigSet               
20010f51  I2C_cancel                       
20010f79  List_remove                      
20010fa1  PRCMSRAMRetentionEnable          
20010fc9  PowerCC32XX_getParkState         
20010ff1  TimerSupport_timerDisable        
20011041  I2CRxFIFOConfigSet               
20011065  IntUnregister                    
20011089  List_put                         
200110ad  PRCMLPDSWakeupSourceEnable       
200110d1  PowerCC32XX_restoreParkState     
200110f5  PowerCC32XX_restoreParkedPin     
20011119  Power_registerNotify             
2001113d  UART2Support_disableRx           
20011161  _c_int00_noargs                  
20011185  GPIOPinWrite                     
200111a7  PinUnlock                        
200111c9  RingBuf_getPointer               
200111eb  UART2Support_sendData            
2001120d  IntRegister                      
2001122d  PinTypeI2C                       
2001124d  PowerCC32XX_reset                
2001126d  Power_unregisterNotify           
2001128d  SemaphoreP_constructBinary       
200112ad  SemaphoreP_createBinary          
200112cd  TimerDisable                     
200112ed  PinTypeUART                      
2001130b  UART2_writeTimeout               
20011329  UARTEnable                       
20011347  memccpy                          
20011365  uDMAChannelDisable               
20011383  uDMAChannelEnable                
200113a1  uDMAChannelIsEnabled             
200113c1  GPIO_setCallback                 
200113dd  HwiP_dispatch                    
200113f9  SwiP_disable                     
2001144d  resetISR                         
20011469  GPIOIntDisable                   
20011483  PRCMHIBRegRead                   
2001149d  PRCMHIBRegWrite                  
200114b7  PRCMLPDSWakeupSourceDisable      
200114d1  PinToPadGet                      
200114eb  TimerEnable                      
20011505  UARTFlowControlSet               
2001151f  GPIOIntEnable                    
20011537  SemaphoreP_create                
20011567  Board_init                       
2001157d  I2CMasterBurstLengthSet          
20011593  I2CMasterIntDisableEx            
200115a9  I2CRxFIFOFlush                   
200115bf  I2CTxFIFOFlush                   
200115d5  SysTickPeriodSet                 
200115eb  TimerIntDisable                  
20011601  UARTCharsAvail                   
20011617  UARTDMADisable                   
2001162d  UARTFIFOLevelSet                 
20011643  UARTIntDisable                   
20011659  CPUcpsid                         
2001166d  CPUcpsie                         
20011681  HwiP_destruct                    
20011695  I2CMasterIntEnableEx             
200116a9  IntVTableBaseSet                 
200116bd  Power_disablePolicy              
200116d1  Power_getTransitionLatency       
200116e5  Power_idleFunc                   
200116f9  TimerIntEnable                   
2001170d  UARTDMAEnable                    
20011721  UARTIntEnable                    
20011735  __aeabi_uldivmod                 
20011749  uDMAControlBaseSet               
2001175d  uDMAIntClear                     
20011771  ClockP_add                       
20011783  GPIOIntClear                     
20011795  HwiP_Params_init                 
200117a7  HwiP_delete                      
200117b9  I2CMasterDisable                 
200117cb  I2CMasterEnable                  
200117dd  I2C_transfer                     
200117ef  SysTickEnable                    
20011801  SysTickIntDisable                
20011813  SysTickIntEnable                 
20011837  TI_memcpy_small                  
20011849  ClockP_getCpuFreq                
20011859  ClockP_getSystemTicks            
20011869  ClockP_setTicks                  
20011879  HwiP_inISR                       
20011889  I2CMasterControl                 
20011899  I2CMasterIntClearEx              
200118a9  I2CMasterTimeoutSet              
200118b9  Power_enablePolicy               
200118c9  RingBuf_construct                
200118d9  TimerIntClear                    
200118e9  Timer_Params_init                
200118f9  UART2Support_txDone              
20011909  UARTBusy                         
20011919  UARTIntClear                     
20011929  UARTRxErrorGet                   
20011939  main                             
20011949  wcslen                           
20011959  __TI_zero_init                   
20011969  HwiP_interruptsEnabled           
20011977  I2CFIFOStatus                    
20011985  UART2_write                      
200119a1  uDMAEnable                       
200119af  uDMAErrorStatusClear             
200119bd  TI_memset_small                  
200119cb  __TI_decompress_none             
200119d9  CPUwfi                           
200119f1  I2C_Params_init                  
20011a21  PRCMLPDSWakeupCauseGet           
20011a2d  Power_getConstraintMask          
20011a45  UART2Support_disableTx           
20011a51  UART2Support_enableTx            
20011a5d  UART2_Params_init                
20011a69  gpioButtonFxn0                   
20011a75  gpioButtonFxn1                   
20011a8d  timerCallback                    
20011a99  uDMAErrorStatusGet               
20011aa5  CPUprimask                       
20011aaf  ClockP_isActive                  
20011ab9  IntMasterDisable                 
20011ac3  IntMasterEnable                  
20011ae1  __aeabi_memset                   
20011ae1  __aeabi_memset4                  
20011ae1  __aeabi_memset8                  
20011af5  HwiP_disable                     
20011afd  HwiP_restore                     
20011b0d  I2CSupport_controllerFinish      
20011b15  PRCMSleepEnter                   
20011b1d  UtilsDelay                       
20011b25  __aeabi_errno_addr               
20011b2d  __aeabi_memclr                   
20011b2d  __aeabi_memclr4                  
20011b2d  __aeabi_memclr8                  
20011b35  malloc                           
20011b3d  I2CSupport_powerRelConstraint    
20011b43  I2CSupport_powerSetConstraint    
20011b49  UART2Support_powerRelConstraint  
20011b4f  HwiP_clearInterrupt              
20011b53  HwiP_disableInterrupt            
20011b57  HwiP_enable                      
20011b5b  HwiP_enableInterrupt             
20011b5f  HwiP_post                        
20011b67  NoRTOS_start                     
20011b6b  RingBuf_getCount                 
20011b6f  SemaphoreP_delete                
20011b75  __aeabi_memcpy                   
20011b75  __aeabi_memcpy4                  
20011b75  __aeabi_memcpy8                  
20011b79  _system_pre_init                 
20011b7c  C$$EXIT                          
20011b7d  abort                            
20012000  uart2CC32XXObjects0              
20012178  PowerCC32XX_contextSave          
200122a4  i2cCC32XXObjects                 
200123a0  gpioCallbackFunctions            
20012424  gpioUserArgs                     
200124a8  timerCC32XXObjects               
2001252c  output                           
200125ac  i2cTransaction                   
200125e0  ClockP_ctrl                      
200125f0  udmaCC3220SObject                
20012604  i2c                              
20012608  timer0                           
2001260c  uart                             
20012610  rxBuffer                         
20012612  txBuffer                         
20012620  __aeabi_ctype_table_             
20012620  __aeabi_ctype_table_C            
20012723  GPIO_pinUpperBound               
200129e8  PowerCC32XX_config               
20012ace  I2C_count                        
20012acf  Timer_count                      
20012b20  UART2_defaultParams              
20012b86  UART2_count                      
20012c70  i2cCC32XXHWAttrs                 
20012cbc  GPIO_config                      
20012cdc  timerCC32XXHWAttrs               
20012d14  udmaCC3220SHWAttrs               
20012d38  I2C_config                       
20012d40  Timer_config                     
20012d48  UART2_config                     
20012d50  UDMACC32XX_config                
2001307c  PowerCC32XX_module               
200131e8  parkInfo                         
200132e0  gpioPinConfigs                   
200133d0  SemaphoreP_defaultParams         
200133e4  ClockP_tickPeriod                
200133e8  HwiP_swiPIntNum                  
200133ec  __aeabi_errno                    
200133f0  _lock                            
200133f4  _unlock                          
200133f8  TimerFlag                        
200133f9  Button0Flag                      
200133fa  Button1Flag                      
20013400  __TI_static_base__               
200134d4  __TI_Handler_Table_Base          
200134e0  __TI_Handler_Table_Limit         
200134e8  __TI_CINIT_Base                  
200134f8  __TI_CINIT_Limit                 
200134f8  __TI_CINIT_Warm                  
ffffffff  __TI_pprof_out_hndl              
ffffffff  __TI_prof_data_size              
ffffffff  __TI_prof_data_start             
ffffffff  __binit__                        
ffffffff  binit                            
UNDEFED   ITM_flush                        
UNDEFED   ITM_restore                      
UNDEFED   __mpu_init                       
UNDEFED   _system_post_cinit               

[366 symbols]
