<?xml version="1.0" encoding="ISO-8859-1" ?>
<link_info>
   <banner>TI ARM Clang Linker PC v3.2.2.LTS</banner>
   <copyright>Copyright (c) 1996-2018 Texas Instruments Incorporated</copyright>
   <link_time>0x6713cbca</link_time>
   <link_errors>0x0</link_errors>
   <output_file>C:\Users\Bryce\Documents\SNHU\CS-350\Module 7\gpiointerrupt_CC3220S_LAUNCHXL_nortos_ticlang\MCU+Image\gpiointerrupt_CC3220S_LAUNCHXL_nortos_ticlang.out</output_file>
   <entry_point>
      <name>resetISR</name>
      <address>0x200113bd</address>
   </entry_point>
   <input_file_list>
      <input_file id="fl-1">
         <path>C:\Users\Bryce\Documents\SNHU\CS-350\Module 7\gpiointerrupt_CC3220S_LAUNCHXL_nortos_ticlang\MCU+Image\.\</path>
         <kind>object</kind>
         <file>gpiointerrupt.o</file>
         <name>gpiointerrupt.o</name>
      </input_file>
      <input_file id="fl-2">
         <path>C:\Users\Bryce\Documents\SNHU\CS-350\Module 7\gpiointerrupt_CC3220S_LAUNCHXL_nortos_ticlang\MCU+Image\.\syscfg\</path>
         <kind>object</kind>
         <file>ti_drivers_config.o</file>
         <name>ti_drivers_config.o</name>
      </input_file>
      <input_file id="fl-3">
         <path>C:\Users\Bryce\Documents\SNHU\CS-350\Module 7\gpiointerrupt_CC3220S_LAUNCHXL_nortos_ticlang\MCU+Image\.\</path>
         <kind>object</kind>
         <file>main_nortos.o</file>
         <name>main_nortos.o</name>
      </input_file>
      <input_file id="fl-13">
         <path>C:\Users\Bryce\Documents\SNHU\CS-350\Module 7\gpiointerrupt_CC3220S_LAUNCHXL_nortos_ticlang\MCU+Image\</path>
         <kind>object</kind>
         <file>&lt;internal&gt;</file>
         <name>&lt;internal&gt;</name>
      </input_file>
      <input_file id="fl-14">
         <path>C:\ti\simplelink_cc32xx_sdk_7_10_00_13\source\ti\drivers\lib\ticlang\m4\</path>
         <kind>archive</kind>
         <file>drivers_cc32xx.a</file>
         <name>GPIO.c.obj</name>
      </input_file>
      <input_file id="fl-15">
         <path>C:\ti\simplelink_cc32xx_sdk_7_10_00_13\source\ti\drivers\lib\ticlang\m4\</path>
         <kind>archive</kind>
         <file>drivers_cc32xx.a</file>
         <name>GPIOCC32XX.c.obj</name>
      </input_file>
      <input_file id="fl-16">
         <path>C:\ti\simplelink_cc32xx_sdk_7_10_00_13\source\ti\drivers\lib\ticlang\m4\</path>
         <kind>archive</kind>
         <file>drivers_cc32xx.a</file>
         <name>I2C.c.obj</name>
      </input_file>
      <input_file id="fl-17">
         <path>C:\ti\simplelink_cc32xx_sdk_7_10_00_13\source\ti\drivers\lib\ticlang\m4\</path>
         <kind>archive</kind>
         <file>drivers_cc32xx.a</file>
         <name>I2CCC32XX.c.obj</name>
      </input_file>
      <input_file id="fl-18">
         <path>C:\ti\simplelink_cc32xx_sdk_7_10_00_13\source\ti\drivers\lib\ticlang\m4\</path>
         <kind>archive</kind>
         <file>drivers_cc32xx.a</file>
         <name>PowerCC32XX.c.obj</name>
      </input_file>
      <input_file id="fl-19">
         <path>C:\ti\simplelink_cc32xx_sdk_7_10_00_13\source\ti\drivers\lib\ticlang\m4\</path>
         <kind>archive</kind>
         <file>drivers_cc32xx.a</file>
         <name>PowerCC32XX_ticlang.asm.obj</name>
      </input_file>
      <input_file id="fl-1a">
         <path>C:\ti\simplelink_cc32xx_sdk_7_10_00_13\source\ti\drivers\lib\ticlang\m4\</path>
         <kind>archive</kind>
         <file>drivers_cc32xx.a</file>
         <name>Timer.c.obj</name>
      </input_file>
      <input_file id="fl-1b">
         <path>C:\ti\simplelink_cc32xx_sdk_7_10_00_13\source\ti\drivers\lib\ticlang\m4\</path>
         <kind>archive</kind>
         <file>drivers_cc32xx.a</file>
         <name>TimerCC32XX.c.obj</name>
      </input_file>
      <input_file id="fl-1c">
         <path>C:\ti\simplelink_cc32xx_sdk_7_10_00_13\source\ti\drivers\lib\ticlang\m4\</path>
         <kind>archive</kind>
         <file>drivers_cc32xx.a</file>
         <name>UART2.c.obj</name>
      </input_file>
      <input_file id="fl-1d">
         <path>C:\ti\simplelink_cc32xx_sdk_7_10_00_13\source\ti\drivers\lib\ticlang\m4\</path>
         <kind>archive</kind>
         <file>drivers_cc32xx.a</file>
         <name>UART2CC32XX.c.obj</name>
      </input_file>
      <input_file id="fl-1e">
         <path>C:\ti\simplelink_cc32xx_sdk_7_10_00_13\source\ti\drivers\lib\ticlang\m4\</path>
         <kind>archive</kind>
         <file>drivers_cc32xx.a</file>
         <name>List.c.obj</name>
      </input_file>
      <input_file id="fl-1f">
         <path>C:\ti\simplelink_cc32xx_sdk_7_10_00_13\source\ti\drivers\lib\ticlang\m4\</path>
         <kind>archive</kind>
         <file>drivers_cc32xx.a</file>
         <name>RingBuf.c.obj</name>
      </input_file>
      <input_file id="fl-20">
         <path>C:\ti\simplelink_cc32xx_sdk_7_10_00_13\source\ti\drivers\lib\ticlang\m4\</path>
         <kind>archive</kind>
         <file>drivers_cc32xx.a</file>
         <name>UDMACC32XX.c.obj</name>
      </input_file>
      <input_file id="fl-21">
         <path>C:\ti\simplelink_cc32xx_sdk_7_10_00_13\kernel\nortos\lib\ticlang\m4\</path>
         <kind>archive</kind>
         <file>nortos_cc32xx.a</file>
         <name>NoRTOS.c.obj</name>
      </input_file>
      <input_file id="fl-22">
         <path>C:\ti\simplelink_cc32xx_sdk_7_10_00_13\kernel\nortos\lib\ticlang\m4\</path>
         <kind>archive</kind>
         <file>nortos_cc32xx.a</file>
         <name>SemaphoreP_nortos.c.obj</name>
      </input_file>
      <input_file id="fl-23">
         <path>C:\ti\simplelink_cc32xx_sdk_7_10_00_13\kernel\nortos\lib\ticlang\m4\</path>
         <kind>archive</kind>
         <file>nortos_cc32xx.a</file>
         <name>ClockPSysTick_nortos.c.obj</name>
      </input_file>
      <input_file id="fl-24">
         <path>C:\ti\simplelink_cc32xx_sdk_7_10_00_13\kernel\nortos\lib\ticlang\m4\</path>
         <kind>archive</kind>
         <file>nortos_cc32xx.a</file>
         <name>HwiPCC32XX_nortos.c.obj</name>
      </input_file>
      <input_file id="fl-25">
         <path>C:\ti\simplelink_cc32xx_sdk_7_10_00_13\kernel\nortos\lib\ticlang\m4\</path>
         <kind>archive</kind>
         <file>nortos_cc32xx.a</file>
         <name>PowerCC32XX_nortos.c.obj</name>
      </input_file>
      <input_file id="fl-26">
         <path>C:\ti\simplelink_cc32xx_sdk_7_10_00_13\kernel\nortos\lib\ticlang\m4\</path>
         <kind>archive</kind>
         <file>nortos_cc32xx.a</file>
         <name>startup_cc32xx_ticlang.c.obj</name>
      </input_file>
      <input_file id="fl-27">
         <path>C:\ti\simplelink_cc32xx_sdk_7_10_00_13\kernel\nortos\lib\ticlang\m4\</path>
         <kind>archive</kind>
         <file>nortos_cc32xx.a</file>
         <name>SwiP_nortos.c.obj</name>
      </input_file>
      <input_file id="fl-28">
         <path>C:\ti\simplelink_cc32xx_sdk_7_10_00_13\source\ti\devices\cc32xx\driverlib\ticlang\Release\</path>
         <kind>archive</kind>
         <file>driverlib.a</file>
         <name>cpu.obj</name>
      </input_file>
      <input_file id="fl-29">
         <path>C:\ti\simplelink_cc32xx_sdk_7_10_00_13\source\ti\devices\cc32xx\driverlib\ticlang\Release\</path>
         <kind>archive</kind>
         <file>driverlib.a</file>
         <name>gpio.obj</name>
      </input_file>
      <input_file id="fl-2a">
         <path>C:\ti\simplelink_cc32xx_sdk_7_10_00_13\source\ti\devices\cc32xx\driverlib\ticlang\Release\</path>
         <kind>archive</kind>
         <file>driverlib.a</file>
         <name>hwspinlock.obj</name>
      </input_file>
      <input_file id="fl-2b">
         <path>C:\ti\simplelink_cc32xx_sdk_7_10_00_13\source\ti\devices\cc32xx\driverlib\ticlang\Release\</path>
         <kind>archive</kind>
         <file>driverlib.a</file>
         <name>i2c.obj</name>
      </input_file>
      <input_file id="fl-2c">
         <path>C:\ti\simplelink_cc32xx_sdk_7_10_00_13\source\ti\devices\cc32xx\driverlib\ticlang\Release\</path>
         <kind>archive</kind>
         <file>driverlib.a</file>
         <name>interrupt.obj</name>
      </input_file>
      <input_file id="fl-2d">
         <path>C:\ti\simplelink_cc32xx_sdk_7_10_00_13\source\ti\devices\cc32xx\driverlib\ticlang\Release\</path>
         <kind>archive</kind>
         <file>driverlib.a</file>
         <name>pin.obj</name>
      </input_file>
      <input_file id="fl-2e">
         <path>C:\ti\simplelink_cc32xx_sdk_7_10_00_13\source\ti\devices\cc32xx\driverlib\ticlang\Release\</path>
         <kind>archive</kind>
         <file>driverlib.a</file>
         <name>prcm.obj</name>
      </input_file>
      <input_file id="fl-2f">
         <path>C:\ti\simplelink_cc32xx_sdk_7_10_00_13\source\ti\devices\cc32xx\driverlib\ticlang\Release\</path>
         <kind>archive</kind>
         <file>driverlib.a</file>
         <name>spi.obj</name>
      </input_file>
      <input_file id="fl-30">
         <path>C:\ti\simplelink_cc32xx_sdk_7_10_00_13\source\ti\devices\cc32xx\driverlib\ticlang\Release\</path>
         <kind>archive</kind>
         <file>driverlib.a</file>
         <name>systick.obj</name>
      </input_file>
      <input_file id="fl-31">
         <path>C:\ti\simplelink_cc32xx_sdk_7_10_00_13\source\ti\devices\cc32xx\driverlib\ticlang\Release\</path>
         <kind>archive</kind>
         <file>driverlib.a</file>
         <name>timer.obj</name>
      </input_file>
      <input_file id="fl-32">
         <path>C:\ti\simplelink_cc32xx_sdk_7_10_00_13\source\ti\devices\cc32xx\driverlib\ticlang\Release\</path>
         <kind>archive</kind>
         <file>driverlib.a</file>
         <name>uart.obj</name>
      </input_file>
      <input_file id="fl-33">
         <path>C:\ti\simplelink_cc32xx_sdk_7_10_00_13\source\ti\devices\cc32xx\driverlib\ticlang\Release\</path>
         <kind>archive</kind>
         <file>driverlib.a</file>
         <name>udma.obj</name>
      </input_file>
      <input_file id="fl-34">
         <path>C:\ti\simplelink_cc32xx_sdk_7_10_00_13\source\ti\devices\cc32xx\driverlib\ticlang\Release\</path>
         <kind>archive</kind>
         <file>driverlib.a</file>
         <name>utils.obj</name>
      </input_file>
      <input_file id="fl-35">
         <path>C:\ti\simplelink_cc32xx_sdk_7_10_00_13\source\ti\devices\cc32xx\driverlib\ticlang\Release\</path>
         <kind>archive</kind>
         <file>driverlib.a</file>
         <name>flash.obj</name>
      </input_file>
      <input_file id="fl-44">
         <path>C:\ti\ccs1280\ccs\tools\compiler\ti-cgt-armllvm_3.2.2.LTS\lib\armv7em-ti-none-eabi\c\</path>
         <kind>archive</kind>
         <file>libc.a</file>
         <name>snprintf.c.obj</name>
      </input_file>
      <input_file id="fl-45">
         <path>C:\ti\ccs1280\ccs\tools\compiler\ti-cgt-armllvm_3.2.2.LTS\lib\armv7em-ti-none-eabi\c\</path>
         <kind>archive</kind>
         <file>libc.a</file>
         <name>memory.c.obj</name>
      </input_file>
      <input_file id="fl-46">
         <path>C:\ti\ccs1280\ccs\tools\compiler\ti-cgt-armllvm_3.2.2.LTS\lib\armv7em-ti-none-eabi\c\</path>
         <kind>archive</kind>
         <file>libc.a</file>
         <name>boot_cortex_m.c.obj</name>
      </input_file>
      <input_file id="fl-47">
         <path>C:\ti\ccs1280\ccs\tools\compiler\ti-cgt-armllvm_3.2.2.LTS\lib\armv7em-ti-none-eabi\c\</path>
         <kind>archive</kind>
         <file>libc.a</file>
         <name>mathacl_init.c.obj</name>
      </input_file>
      <input_file id="fl-48">
         <path>C:\ti\ccs1280\ccs\tools\compiler\ti-cgt-armllvm_3.2.2.LTS\lib\armv7em-ti-none-eabi\c\</path>
         <kind>archive</kind>
         <file>libc.a</file>
         <name>autoinit.c.obj</name>
      </input_file>
      <input_file id="fl-49">
         <path>C:\ti\ccs1280\ccs\tools\compiler\ti-cgt-armllvm_3.2.2.LTS\lib\armv7em-ti-none-eabi\c\</path>
         <kind>archive</kind>
         <file>libc.a</file>
         <name>pre_init.c.obj</name>
      </input_file>
      <input_file id="fl-4a">
         <path>C:\ti\ccs1280\ccs\tools\compiler\ti-cgt-armllvm_3.2.2.LTS\lib\armv7em-ti-none-eabi\c\</path>
         <kind>archive</kind>
         <file>libc.a</file>
         <name>cpy_tbl.c.obj</name>
      </input_file>
      <input_file id="fl-4b">
         <path>C:\ti\ccs1280\ccs\tools\compiler\ti-cgt-armllvm_3.2.2.LTS\lib\armv7em-ti-none-eabi\c\</path>
         <kind>archive</kind>
         <file>libc.a</file>
         <name>copy_zero_init.c.obj</name>
      </input_file>
      <input_file id="fl-4c">
         <path>C:\ti\ccs1280\ccs\tools\compiler\ti-cgt-armllvm_3.2.2.LTS\lib\armv7em-ti-none-eabi\c\</path>
         <kind>archive</kind>
         <file>libc.a</file>
         <name>copy_decompress_none.c.obj</name>
      </input_file>
      <input_file id="fl-4d">
         <path>C:\ti\ccs1280\ccs\tools\compiler\ti-cgt-armllvm_3.2.2.LTS\lib\armv7em-ti-none-eabi\c\</path>
         <kind>archive</kind>
         <file>libc.a</file>
         <name>copy_decompress_lzss.c.obj</name>
      </input_file>
      <input_file id="fl-4e">
         <path>C:\ti\ccs1280\ccs\tools\compiler\ti-cgt-armllvm_3.2.2.LTS\lib\armv7em-ti-none-eabi\c\</path>
         <kind>archive</kind>
         <file>libc.a</file>
         <name>_printfi.c.obj</name>
      </input_file>
      <input_file id="fl-4f">
         <path>C:\ti\ccs1280\ccs\tools\compiler\ti-cgt-armllvm_3.2.2.LTS\lib\armv7em-ti-none-eabi\c\</path>
         <kind>archive</kind>
         <file>libc.a</file>
         <name>s_frexp.c.obj</name>
      </input_file>
      <input_file id="fl-50">
         <path>C:\ti\ccs1280\ccs\tools\compiler\ti-cgt-armllvm_3.2.2.LTS\lib\armv7em-ti-none-eabi\c\</path>
         <kind>archive</kind>
         <file>libc.a</file>
         <name>s_scalbn.c.obj</name>
      </input_file>
      <input_file id="fl-51">
         <path>C:\ti\ccs1280\ccs\tools\compiler\ti-cgt-armllvm_3.2.2.LTS\lib\armv7em-ti-none-eabi\c\</path>
         <kind>archive</kind>
         <file>libc.a</file>
         <name>aeabi_portable.c.obj</name>
      </input_file>
      <input_file id="fl-52">
         <path>C:\ti\ccs1280\ccs\tools\compiler\ti-cgt-armllvm_3.2.2.LTS\lib\armv7em-ti-none-eabi\c\</path>
         <kind>archive</kind>
         <file>libc.a</file>
         <name>exit.c.obj</name>
      </input_file>
      <input_file id="fl-53">
         <path>C:\ti\ccs1280\ccs\tools\compiler\ti-cgt-armllvm_3.2.2.LTS\lib\armv7em-ti-none-eabi\c\</path>
         <kind>archive</kind>
         <file>libc.a</file>
         <name>_lock.c.obj</name>
      </input_file>
      <input_file id="fl-54">
         <path>C:\ti\ccs1280\ccs\tools\compiler\ti-cgt-armllvm_3.2.2.LTS\lib\armv7em-ti-none-eabi\c\</path>
         <kind>archive</kind>
         <file>libc.a</file>
         <name>_ltoa.c.obj</name>
      </input_file>
      <input_file id="fl-55">
         <path>C:\ti\ccs1280\ccs\tools\compiler\ti-cgt-armllvm_3.2.2.LTS\lib\armv7em-ti-none-eabi\c\</path>
         <kind>archive</kind>
         <file>libc.a</file>
         <name>args_main.c.obj</name>
      </input_file>
      <input_file id="fl-56">
         <path>C:\ti\ccs1280\ccs\tools\compiler\ti-cgt-armllvm_3.2.2.LTS\lib\armv7em-ti-none-eabi\c\</path>
         <kind>archive</kind>
         <file>libc.a</file>
         <name>assert.c.obj</name>
      </input_file>
      <input_file id="fl-57">
         <path>C:\ti\ccs1280\ccs\tools\compiler\ti-cgt-armllvm_3.2.2.LTS\lib\armv7em-ti-none-eabi\c\</path>
         <kind>archive</kind>
         <file>libc.a</file>
         <name>atoi.c.obj</name>
      </input_file>
      <input_file id="fl-58">
         <path>C:\ti\ccs1280\ccs\tools\compiler\ti-cgt-armllvm_3.2.2.LTS\lib\armv7em-ti-none-eabi\c\</path>
         <kind>archive</kind>
         <file>libc.a</file>
         <name>defs.c.obj</name>
      </input_file>
      <input_file id="fl-59">
         <path>C:\ti\ccs1280\ccs\tools\compiler\ti-cgt-armllvm_3.2.2.LTS\lib\armv7em-ti-none-eabi\c\</path>
         <kind>archive</kind>
         <file>libc.a</file>
         <name>memccpy.c.obj</name>
      </input_file>
      <input_file id="fl-5a">
         <path>C:\ti\ccs1280\ccs\tools\compiler\ti-cgt-armllvm_3.2.2.LTS\lib\armv7em-ti-none-eabi\c\</path>
         <kind>archive</kind>
         <file>libc.a</file>
         <name>wcslen.c.obj</name>
      </input_file>
      <input_file id="fl-5b">
         <path>C:\ti\ccs1280\ccs\tools\compiler\ti-cgt-armllvm_3.2.2.LTS\lib\armv7em-ti-none-eabi\c\</path>
         <kind>archive</kind>
         <file>libc.a</file>
         <name>sprintf.c.obj</name>
      </input_file>
      <input_file id="fl-5c">
         <path>C:\ti\ccs1280\ccs\tools\compiler\ti-cgt-armllvm_3.2.2.LTS\lib\armv7em-ti-none-eabi\c\</path>
         <kind>archive</kind>
         <file>libc.a</file>
         <name>fflush.c.obj</name>
      </input_file>
      <input_file id="fl-5d">
         <path>C:\ti\ccs1280\ccs\tools\compiler\ti-cgt-armllvm_3.2.2.LTS\lib\armv7em-ti-none-eabi\c\</path>
         <kind>archive</kind>
         <file>libc.a</file>
         <name>fputs.c.obj</name>
      </input_file>
      <input_file id="fl-5e">
         <path>C:\ti\ccs1280\ccs\tools\compiler\ti-cgt-armllvm_3.2.2.LTS\lib\armv7em-ti-none-eabi\c\</path>
         <kind>archive</kind>
         <file>libc.a</file>
         <name>_io_perm.c.obj</name>
      </input_file>
      <input_file id="fl-5f">
         <path>C:\ti\ccs1280\ccs\tools\compiler\ti-cgt-armllvm_3.2.2.LTS\lib\armv7em-ti-none-eabi\c\</path>
         <kind>archive</kind>
         <file>libc.a</file>
         <name>setvbuf.c.obj</name>
      </input_file>
      <input_file id="fl-60">
         <path>C:\ti\ccs1280\ccs\tools\compiler\ti-cgt-armllvm_3.2.2.LTS\lib\armv7em-ti-none-eabi\c\</path>
         <kind>archive</kind>
         <file>libc.a</file>
         <name>aeabi_ctype.S.obj</name>
      </input_file>
      <input_file id="fl-61">
         <path>C:\ti\ccs1280\ccs\tools\compiler\ti-cgt-armllvm_3.2.2.LTS\lib\armv7em-ti-none-eabi\c\</path>
         <kind>archive</kind>
         <file>libc.a</file>
         <name>fopen.c.obj</name>
      </input_file>
      <input_file id="fl-62">
         <path>C:\ti\ccs1280\ccs\tools\compiler\ti-cgt-armllvm_3.2.2.LTS\lib\armv7em-ti-none-eabi\c\</path>
         <kind>archive</kind>
         <file>libc.a</file>
         <name>fseek.c.obj</name>
      </input_file>
      <input_file id="fl-63">
         <path>C:\ti\ccs1280\ccs\tools\compiler\ti-cgt-armllvm_3.2.2.LTS\lib\armv7em-ti-none-eabi\c\</path>
         <kind>archive</kind>
         <file>libc.a</file>
         <name>fclose.c.obj</name>
      </input_file>
      <input_file id="fl-c9">
         <path>C:\ti\ccs1280\ccs\tools\compiler\ti-cgt-armllvm_3.2.2.LTS\lib\armv7em-ti-none-eabi\c\</path>
         <kind>archive</kind>
         <file>libsysbm.a</file>
         <name>write.c.obj</name>
      </input_file>
      <input_file id="fl-ca">
         <path>C:\ti\ccs1280\ccs\tools\compiler\ti-cgt-armllvm_3.2.2.LTS\lib\armv7em-ti-none-eabi\c\</path>
         <kind>archive</kind>
         <file>libsysbm.a</file>
         <name>host_device.c.obj</name>
      </input_file>
      <input_file id="fl-cb">
         <path>C:\ti\ccs1280\ccs\tools\compiler\ti-cgt-armllvm_3.2.2.LTS\lib\armv7em-ti-none-eabi\c\</path>
         <kind>archive</kind>
         <file>libsysbm.a</file>
         <name>remove.c.obj</name>
      </input_file>
      <input_file id="fl-cc">
         <path>C:\ti\ccs1280\ccs\tools\compiler\ti-cgt-armllvm_3.2.2.LTS\lib\armv7em-ti-none-eabi\c\</path>
         <kind>archive</kind>
         <file>libsysbm.a</file>
         <name>open.c.obj</name>
      </input_file>
      <input_file id="fl-cd">
         <path>C:\ti\ccs1280\ccs\tools\compiler\ti-cgt-armllvm_3.2.2.LTS\lib\armv7em-ti-none-eabi\c\</path>
         <kind>archive</kind>
         <file>libsysbm.a</file>
         <name>lseek.c.obj</name>
      </input_file>
      <input_file id="fl-ce">
         <path>C:\ti\ccs1280\ccs\tools\compiler\ti-cgt-armllvm_3.2.2.LTS\lib\armv7em-ti-none-eabi\c\</path>
         <kind>archive</kind>
         <file>libsysbm.a</file>
         <name>close.c.obj</name>
      </input_file>
      <input_file id="fl-cf">
         <path>C:\ti\ccs1280\ccs\tools\compiler\ti-cgt-armllvm_3.2.2.LTS\lib\armv7em-ti-none-eabi\c\</path>
         <kind>archive</kind>
         <file>libsysbm.a</file>
         <name>unlink.c.obj</name>
      </input_file>
      <input_file id="fl-d0">
         <path>C:\ti\ccs1280\ccs\tools\compiler\ti-cgt-armllvm_3.2.2.LTS\lib\armv7em-ti-none-eabi\c\</path>
         <kind>archive</kind>
         <file>libsysbm.a</file>
         <name>hostclose.c.obj</name>
      </input_file>
      <input_file id="fl-d1">
         <path>C:\ti\ccs1280\ccs\tools\compiler\ti-cgt-armllvm_3.2.2.LTS\lib\armv7em-ti-none-eabi\c\</path>
         <kind>archive</kind>
         <file>libsysbm.a</file>
         <name>hostlseek.c.obj</name>
      </input_file>
      <input_file id="fl-d2">
         <path>C:\ti\ccs1280\ccs\tools\compiler\ti-cgt-armllvm_3.2.2.LTS\lib\armv7em-ti-none-eabi\c\</path>
         <kind>archive</kind>
         <file>libsysbm.a</file>
         <name>hostopen.c.obj</name>
      </input_file>
      <input_file id="fl-d3">
         <path>C:\ti\ccs1280\ccs\tools\compiler\ti-cgt-armllvm_3.2.2.LTS\lib\armv7em-ti-none-eabi\c\</path>
         <kind>archive</kind>
         <file>libsysbm.a</file>
         <name>hostread.c.obj</name>
      </input_file>
      <input_file id="fl-d4">
         <path>C:\ti\ccs1280\ccs\tools\compiler\ti-cgt-armllvm_3.2.2.LTS\lib\armv7em-ti-none-eabi\c\</path>
         <kind>archive</kind>
         <file>libsysbm.a</file>
         <name>hostrename.c.obj</name>
      </input_file>
      <input_file id="fl-d5">
         <path>C:\ti\ccs1280\ccs\tools\compiler\ti-cgt-armllvm_3.2.2.LTS\lib\armv7em-ti-none-eabi\c\</path>
         <kind>archive</kind>
         <file>libsysbm.a</file>
         <name>hostunlink.c.obj</name>
      </input_file>
      <input_file id="fl-d6">
         <path>C:\ti\ccs1280\ccs\tools\compiler\ti-cgt-armllvm_3.2.2.LTS\lib\armv7em-ti-none-eabi\c\</path>
         <kind>archive</kind>
         <file>libsysbm.a</file>
         <name>hostwrite.c.obj</name>
      </input_file>
      <input_file id="fl-d7">
         <path>C:\ti\ccs1280\ccs\tools\compiler\ti-cgt-armllvm_3.2.2.LTS\lib\armv7em-ti-none-eabi\c\</path>
         <kind>archive</kind>
         <file>libsysbm.a</file>
         <name>trgmsg.c.obj</name>
      </input_file>
      <input_file id="fl-d8">
         <path>C:\ti\ccs1280\ccs\tools\compiler\ti-cgt-armllvm_3.2.2.LTS\lib\clang\15.0.7\lib\armv7em-ti-none-eabi\</path>
         <kind>archive</kind>
         <file>libclang_rt.builtins.a</file>
         <name>adddf3.S.obj</name>
      </input_file>
      <input_file id="fl-d9">
         <path>C:\ti\ccs1280\ccs\tools\compiler\ti-cgt-armllvm_3.2.2.LTS\lib\clang\15.0.7\lib\armv7em-ti-none-eabi\</path>
         <kind>archive</kind>
         <file>libclang_rt.builtins.a</file>
         <name>muldf3.S.obj</name>
      </input_file>
      <input_file id="fl-da">
         <path>C:\ti\ccs1280\ccs\tools\compiler\ti-cgt-armllvm_3.2.2.LTS\lib\clang\15.0.7\lib\armv7em-ti-none-eabi\</path>
         <kind>archive</kind>
         <file>libclang_rt.builtins.a</file>
         <name>divdf3.S.obj</name>
      </input_file>
      <input_file id="fl-db">
         <path>C:\ti\ccs1280\ccs\tools\compiler\ti-cgt-armllvm_3.2.2.LTS\lib\clang\15.0.7\lib\armv7em-ti-none-eabi\</path>
         <kind>archive</kind>
         <file>libclang_rt.builtins.a</file>
         <name>fixdfsi.S.obj</name>
      </input_file>
      <input_file id="fl-dc">
         <path>C:\ti\ccs1280\ccs\tools\compiler\ti-cgt-armllvm_3.2.2.LTS\lib\clang\15.0.7\lib\armv7em-ti-none-eabi\</path>
         <kind>archive</kind>
         <file>libclang_rt.builtins.a</file>
         <name>floatsidf.S.obj</name>
      </input_file>
      <input_file id="fl-dd">
         <path>C:\ti\ccs1280\ccs\tools\compiler\ti-cgt-armllvm_3.2.2.LTS\lib\clang\15.0.7\lib\armv7em-ti-none-eabi\</path>
         <kind>archive</kind>
         <file>libclang_rt.builtins.a</file>
         <name>aeabi_dcmp.S.obj</name>
      </input_file>
      <input_file id="fl-de">
         <path>C:\ti\ccs1280\ccs\tools\compiler\ti-cgt-armllvm_3.2.2.LTS\lib\clang\15.0.7\lib\armv7em-ti-none-eabi\</path>
         <kind>archive</kind>
         <file>libclang_rt.builtins.a</file>
         <name>aeabi_memcpy.S.obj</name>
      </input_file>
      <input_file id="fl-df">
         <path>C:\ti\ccs1280\ccs\tools\compiler\ti-cgt-armllvm_3.2.2.LTS\lib\clang\15.0.7\lib\armv7em-ti-none-eabi\</path>
         <kind>archive</kind>
         <file>libclang_rt.builtins.a</file>
         <name>aeabi_memset.S.obj</name>
      </input_file>
      <input_file id="fl-e0">
         <path>C:\ti\ccs1280\ccs\tools\compiler\ti-cgt-armllvm_3.2.2.LTS\lib\clang\15.0.7\lib\armv7em-ti-none-eabi\</path>
         <kind>archive</kind>
         <file>libclang_rt.builtins.a</file>
         <name>aeabi_uldivmod.S.obj</name>
      </input_file>
      <input_file id="fl-e1">
         <path>C:\ti\ccs1280\ccs\tools\compiler\ti-cgt-armllvm_3.2.2.LTS\lib\clang\15.0.7\lib\armv7em-ti-none-eabi\</path>
         <kind>archive</kind>
         <file>libclang_rt.builtins.a</file>
         <name>udivmoddi4.S.obj</name>
      </input_file>
      <input_file id="fl-e2">
         <path>C:\ti\ccs1280\ccs\tools\compiler\ti-cgt-armllvm_3.2.2.LTS\lib\clang\15.0.7\lib\armv7em-ti-none-eabi\</path>
         <kind>archive</kind>
         <file>libclang_rt.builtins.a</file>
         <name>comparedf2.c.obj</name>
      </input_file>
      <input_file id="fl-e3">
         <path>C:\ti\ccs1280\ccs\tools\compiler\ti-cgt-armllvm_3.2.2.LTS\lib\clang\15.0.7\lib\armv7em-ti-none-eabi\</path>
         <kind>archive</kind>
         <file>libclang_rt.builtins.a</file>
         <name>aeabi_div0.c.obj</name>
      </input_file>
      <input_file id="fl-e4">
         <path>C:\ti\ccs1280\ccs\tools\compiler\ti-cgt-armllvm_3.2.2.LTS\lib\armv7em-ti-none-eabi\c\</path>
         <kind>archive</kind>
         <file>libc.a</file>
         <name>getdevice.c.obj</name>
      </input_file>
      <input_file id="fl-e5">
         <path>C:\ti\ccs1280\ccs\tools\compiler\ti-cgt-armllvm_3.2.2.LTS\lib\armv7em-ti-none-eabi\c\</path>
         <kind>archive</kind>
         <file>libc.a</file>
         <name>strcmp_t2.S.obj</name>
      </input_file>
      <input_file id="fl-e6">
         <path>C:\ti\ccs1280\ccs\tools\compiler\ti-cgt-armllvm_3.2.2.LTS\lib\armv7em-ti-none-eabi\c\</path>
         <kind>archive</kind>
         <file>libc.a</file>
         <name>memcpy_t2.S.obj</name>
      </input_file>
      <input_file id="fl-e7">
         <path>C:\ti\ccs1280\ccs\tools\compiler\ti-cgt-armllvm_3.2.2.LTS\lib\armv7em-ti-none-eabi\c\</path>
         <kind>archive</kind>
         <file>libc.a</file>
         <name>memset_t2.S.obj</name>
      </input_file>
   </input_file_list>
   <object_component_list>
      <object_component id="oc-22b">
         <name>.text:__TI_printfi_nofloat</name>
         <load_address>0x2000c040</load_address>
         <readonly>true</readonly>
         <executable>true</executable>
         <run_address>0x2000c040</run_address>
         <size>0x86c</size>
         <alignment>0x4</alignment>
         <input_file_ref idref="fl-4e"/>
      </object_component>
      <object_component id="oc-d2">
         <name>.text.PRCMCC3200MCUInit</name>
         <load_address>0x2000c8ac</load_address>
         <readonly>true</readonly>
         <executable>true</executable>
         <run_address>0x2000c8ac</run_address>
         <size>0x4b8</size>
         <alignment>0x2</alignment>
         <input_file_ref idref="fl-2e"/>
      </object_component>
      <object_component id="oc-24c">
         <name>.text.Power_sleep</name>
         <load_address>0x2000cd64</load_address>
         <readonly>true</readonly>
         <executable>true</executable>
         <run_address>0x2000cd64</run_address>
         <size>0x3e4</size>
         <alignment>0x4</alignment>
         <input_file_ref idref="fl-18"/>
      </object_component>
      <object_component id="oc-1fa">
         <name>.text.UART2CC32XX_hwiIntFxn</name>
         <load_address>0x2000d148</load_address>
         <readonly>true</readonly>
         <executable>true</executable>
         <run_address>0x2000d148</run_address>
         <size>0x222</size>
         <alignment>0x2</alignment>
         <input_file_ref idref="fl-1d"/>
      </object_component>
      <object_component id="oc-e2">
         <name>.text.Board_initHook</name>
         <load_address>0x2000d36a</load_address>
         <readonly>true</readonly>
         <executable>true</executable>
         <run_address>0x2000d36a</run_address>
         <size>0x2</size>
         <alignment>0x2</alignment>
         <input_file_ref idref="fl-2"/>
      </object_component>
      <object_component id="oc-154">
         <name>.text.UART2_open</name>
         <load_address>0x2000d36c</load_address>
         <readonly>true</readonly>
         <executable>true</executable>
         <run_address>0x2000d36c</run_address>
         <size>0x1cc</size>
         <alignment>0x4</alignment>
         <input_file_ref idref="fl-1d"/>
      </object_component>
      <object_component id="oc-f4">
         <name>.text.initI2C</name>
         <load_address>0x2000d538</load_address>
         <readonly>true</readonly>
         <executable>true</executable>
         <run_address>0x2000d538</run_address>
         <size>0x178</size>
         <alignment>0x4</alignment>
         <input_file_ref idref="fl-1"/>
      </object_component>
      <object_component id="oc-22e">
         <name>.text.UART2_writeTimeoutBlocking</name>
         <load_address>0x2000d6b0</load_address>
         <readonly>true</readonly>
         <executable>true</executable>
         <run_address>0x2000d6b0</run_address>
         <size>0x174</size>
         <alignment>0x2</alignment>
         <input_file_ref idref="fl-1c"/>
      </object_component>
      <object_component id="oc-1c1">
         <name>.text.PowerCC32XX_sleepPolicy</name>
         <load_address>0x2000d824</load_address>
         <readonly>true</readonly>
         <executable>true</executable>
         <run_address>0x2000d824</run_address>
         <size>0x150</size>
         <alignment>0x4</alignment>
         <input_file_ref idref="fl-25"/>
      </object_component>
      <object_component id="oc-17b">
         <name>.text.Timer_open</name>
         <load_address>0x2000d974</load_address>
         <readonly>true</readonly>
         <executable>true</executable>
         <run_address>0x2000d974</run_address>
         <size>0x148</size>
         <alignment>0x4</alignment>
         <input_file_ref idref="fl-1b"/>
      </object_component>
      <object_component id="oc-103">
         <name>.text.GPIO_setConfig</name>
         <load_address>0x2000dabc</load_address>
         <readonly>true</readonly>
         <executable>true</executable>
         <run_address>0x2000dabc</run_address>
         <size>0x140</size>
         <alignment>0x4</alignment>
         <input_file_ref idref="fl-15"/>
      </object_component>
      <object_component id="oc-20a">
         <name>.text.I2CCC32XX_hwiFxn</name>
         <load_address>0x2000dbfc</load_address>
         <readonly>true</readonly>
         <executable>true</executable>
         <run_address>0x2000dbfc</run_address>
         <size>0x138</size>
         <alignment>0x2</alignment>
         <input_file_ref idref="fl-17"/>
      </object_component>
      <object_component id="oc-20e">
         <name>.text.I2C_transferTimeout</name>
         <load_address>0x2000dd34</load_address>
         <readonly>true</readonly>
         <executable>true</executable>
         <run_address>0x2000dd34</run_address>
         <size>0x126</size>
         <alignment>0x2</alignment>
         <input_file_ref idref="fl-16"/>
      </object_component>
      <object_component id="oc-15a">
         <name>.text.I2C_init</name>
         <load_address>0x2000de5a</load_address>
         <readonly>true</readonly>
         <executable>true</executable>
         <run_address>0x2000de5a</run_address>
         <size>0x2</size>
         <alignment>0x2</alignment>
         <input_file_ref idref="fl-16"/>
      </object_component>
      <object_component id="oc-2eb">
         <name>.text.aligned_alloc</name>
         <load_address>0x2000de5c</load_address>
         <readonly>true</readonly>
         <executable>true</executable>
         <run_address>0x2000de5c</run_address>
         <size>0x120</size>
         <alignment>0x4</alignment>
         <input_file_ref idref="fl-45"/>
      </object_component>
      <object_component id="oc-22d">
         <name>.text.UART2_writeTimeoutNonblocking</name>
         <load_address>0x2000df7c</load_address>
         <readonly>true</readonly>
         <executable>true</executable>
         <run_address>0x2000df7c</run_address>
         <size>0x11a</size>
         <alignment>0x2</alignment>
         <input_file_ref idref="fl-1c"/>
      </object_component>
      <object_component id="oc-1bc">
         <name>.text.PowerCC32XX_initPolicy</name>
         <load_address>0x2000e096</load_address>
         <readonly>true</readonly>
         <executable>true</executable>
         <run_address>0x2000e096</run_address>
         <size>0x2</size>
         <alignment>0x2</alignment>
         <input_file_ref idref="fl-25"/>
      </object_component>
      <object_component id="oc-b0">
         <name>.text.mainThread</name>
         <load_address>0x2000e098</load_address>
         <readonly>true</readonly>
         <executable>true</executable>
         <run_address>0x2000e098</run_address>
         <size>0x118</size>
         <alignment>0x4</alignment>
         <input_file_ref idref="fl-1"/>
      </object_component>
      <object_component id="oc-322">
         <name>.text.uDMAChannelTransferSet</name>
         <load_address>0x2000e1b0</load_address>
         <readonly>true</readonly>
         <executable>true</executable>
         <run_address>0x2000e1b0</run_address>
         <size>0x112</size>
         <alignment>0x2</alignment>
         <input_file_ref idref="fl-33"/>
      </object_component>
      <object_component id="oc-287">
         <name>.text.SemaphoreP_destruct</name>
         <load_address>0x2000e2c2</load_address>
         <readonly>true</readonly>
         <executable>true</executable>
         <run_address>0x2000e2c2</run_address>
         <size>0x2</size>
         <alignment>0x2</alignment>
         <input_file_ref idref="fl-22"/>
      </object_component>
      <object_component id="oc-189">
         <name>.text.__muldf3</name>
         <load_address>0x2000e2c4</load_address>
         <readonly>true</readonly>
         <executable>true</executable>
         <run_address>0x2000e2c4</run_address>
         <size>0xfc</size>
         <alignment>0x4</alignment>
         <input_file_ref idref="fl-d9"/>
      </object_component>
      <object_component id="oc-1c8">
         <name>.text.free</name>
         <load_address>0x2000e3c0</load_address>
         <readonly>true</readonly>
         <executable>true</executable>
         <run_address>0x2000e3c0</run_address>
         <size>0xf0</size>
         <alignment>0x4</alignment>
         <input_file_ref idref="fl-45"/>
      </object_component>
      <object_component id="oc-160">
         <name>.text.I2C_open</name>
         <load_address>0x2000e4b0</load_address>
         <readonly>true</readonly>
         <executable>true</executable>
         <run_address>0x2000e4b0</run_address>
         <size>0xe8</size>
         <alignment>0x4</alignment>
         <input_file_ref idref="fl-17"/>
      </object_component>
      <object_component id="oc-1f5">
         <name>.text.UART2_close</name>
         <load_address>0x2000e598</load_address>
         <readonly>true</readonly>
         <executable>true</executable>
         <run_address>0x2000e598</run_address>
         <size>0xe8</size>
         <alignment>0x4</alignment>
         <input_file_ref idref="fl-1d"/>
      </object_component>
      <object_component id="oc-295">
         <name>.text.UART2Support_dmaStartRx</name>
         <load_address>0x2000e680</load_address>
         <readonly>true</readonly>
         <executable>true</executable>
         <run_address>0x2000e680</run_address>
         <size>0xcc</size>
         <alignment>0x4</alignment>
         <input_file_ref idref="fl-1d"/>
      </object_component>
      <object_component id="oc-317">
         <name>.text.IntDisable</name>
         <load_address>0x2000e74c</load_address>
         <readonly>true</readonly>
         <executable>true</executable>
         <run_address>0x2000e74c</run_address>
         <size>0xc8</size>
         <alignment>0x2</alignment>
         <input_file_ref idref="fl-2c"/>
      </object_component>
      <object_component id="oc-27e">
         <name>.text.IntEnable</name>
         <load_address>0x2000e814</load_address>
         <readonly>true</readonly>
         <executable>true</executable>
         <run_address>0x2000e814</run_address>
         <size>0xc8</size>
         <alignment>0x2</alignment>
         <input_file_ref idref="fl-2c"/>
      </object_component>
      <object_component id="oc-1f1">
         <name>.text.UART2CC32XX_initHw</name>
         <load_address>0x2000e8dc</load_address>
         <readonly>true</readonly>
         <executable>true</executable>
         <run_address>0x2000e8dc</run_address>
         <size>0xc4</size>
         <alignment>0x4</alignment>
         <input_file_ref idref="fl-1d"/>
      </object_component>
      <object_component id="oc-298">
         <name>.text.UART2Support_dmaStartTx</name>
         <load_address>0x2000e9a0</load_address>
         <readonly>true</readonly>
         <executable>true</executable>
         <run_address>0x2000e9a0</run_address>
         <size>0xb8</size>
         <alignment>0x4</alignment>
         <input_file_ref idref="fl-1d"/>
      </object_component>
      <object_component id="oc-2f2">
         <name>.text</name>
         <load_address>0x2000ea58</load_address>
         <readonly>true</readonly>
         <executable>true</executable>
         <run_address>0x2000ea58</run_address>
         <size>0xb0</size>
         <alignment>0x4</alignment>
         <input_file_ref idref="fl-e1"/>
      </object_component>
      <object_component id="oc-231">
         <name>.text.GPIOIntTypeSet</name>
         <load_address>0x2000eb08</load_address>
         <readonly>true</readonly>
         <executable>true</executable>
         <run_address>0x2000eb08</run_address>
         <size>0xac</size>
         <alignment>0x2</alignment>
         <input_file_ref idref="fl-29"/>
      </object_component>
      <object_component id="oc-37a">
         <name>.text.IntPendSet</name>
         <load_address>0x2000ebb4</load_address>
         <readonly>true</readonly>
         <executable>true</executable>
         <run_address>0x2000ebb4</run_address>
         <size>0xa4</size>
         <alignment>0x2</alignment>
         <input_file_ref idref="fl-2c"/>
      </object_component>
      <object_component id="oc-19b">
         <name>.text.PinConfigSet</name>
         <load_address>0x2000ec58</load_address>
         <readonly>true</readonly>
         <executable>true</executable>
         <run_address>0x2000ec58</run_address>
         <size>0xa2</size>
         <alignment>0x2</alignment>
         <input_file_ref idref="fl-2d"/>
      </object_component>
      <object_component id="oc-2ab">
         <name>.text.I2CCC32XX_completeTransfer</name>
         <load_address>0x2000ecfa</load_address>
         <readonly>true</readonly>
         <executable>true</executable>
         <run_address>0x2000ecfa</run_address>
         <size>0x9c</size>
         <alignment>0x2</alignment>
         <input_file_ref idref="fl-17"/>
      </object_component>
      <object_component id="oc-174">
         <name>.text.Timer_init</name>
         <load_address>0x2000ed96</load_address>
         <readonly>true</readonly>
         <executable>true</executable>
         <run_address>0x2000ed96</run_address>
         <size>0x2</size>
         <alignment>0x2</alignment>
         <input_file_ref idref="fl-1a"/>
      </object_component>
      <object_component id="oc-f6">
         <name>.text.readTemp</name>
         <load_address>0x2000ed98</load_address>
         <readonly>true</readonly>
         <executable>true</executable>
         <run_address>0x2000ed98</run_address>
         <size>0x9c</size>
         <alignment>0x4</alignment>
         <input_file_ref idref="fl-1"/>
      </object_component>
      <object_component id="oc-29c">
         <name>.text.I2CMasterInitExpClk</name>
         <load_address>0x2000ee34</load_address>
         <readonly>true</readonly>
         <executable>true</executable>
         <run_address>0x2000ee34</run_address>
         <size>0x98</size>
         <alignment>0x2</alignment>
         <input_file_ref idref="fl-2b"/>
      </object_component>
      <object_component id="oc-13c">
         <name>.text.SemaphoreP_pend</name>
         <load_address>0x2000eecc</load_address>
         <readonly>true</readonly>
         <executable>true</executable>
         <run_address>0x2000eecc</run_address>
         <size>0x98</size>
         <alignment>0x4</alignment>
         <input_file_ref idref="fl-22"/>
      </object_component>
      <object_component id="oc-309">
         <name>.text.CPUwfi</name>
         <load_address>0x2000ef64</load_address>
         <readonly>true</readonly>
         <executable>true</executable>
         <run_address>0x2000ef64</run_address>
         <size>0xc</size>
         <alignment>0x2</alignment>
         <input_file_ref idref="fl-28"/>
      </object_component>
      <object_component id="oc-2fe">
         <name>.text</name>
         <load_address>0x2000ef70</load_address>
         <readonly>true</readonly>
         <executable>true</executable>
         <run_address>0x2000ef70</run_address>
         <size>0x96</size>
         <alignment>0x10</alignment>
         <input_file_ref idref="fl-19"/>
      </object_component>
      <object_component id="oc-277">
         <name>.text.uDMAChannelAttributeDisable</name>
         <load_address>0x2000f006</load_address>
         <readonly>true</readonly>
         <executable>true</executable>
         <run_address>0x2000f006</run_address>
         <size>0x92</size>
         <alignment>0x2</alignment>
         <input_file_ref idref="fl-33"/>
      </object_component>
      <object_component id="oc-dc">
         <name>.text.GPIO_init</name>
         <load_address>0x2000f098</load_address>
         <readonly>true</readonly>
         <executable>true</executable>
         <run_address>0x2000f098</run_address>
         <size>0x90</size>
         <alignment>0x4</alignment>
         <input_file_ref idref="fl-15"/>
      </object_component>
      <object_component id="oc-11b">
         <name>.text.PRCMSysResetCauseGet</name>
         <load_address>0x2000f128</load_address>
         <readonly>true</readonly>
         <executable>true</executable>
         <run_address>0x2000f128</run_address>
         <size>0x8e</size>
         <alignment>0x2</alignment>
         <input_file_ref idref="fl-2e"/>
      </object_component>
      <object_component id="oc-1f8">
         <name>.text.UART2CC32XX_eventCallback</name>
         <load_address>0x2000f1b6</load_address>
         <readonly>true</readonly>
         <executable>true</executable>
         <run_address>0x2000f1b6</run_address>
         <size>0x2</size>
         <alignment>0x2</alignment>
         <input_file_ref idref="fl-1d"/>
      </object_component>
      <object_component id="oc-12d">
         <name>.text.PowerCC32XX_configureWakeup</name>
         <load_address>0x2000f1b8</load_address>
         <readonly>true</readonly>
         <executable>true</executable>
         <run_address>0x2000f1b8</run_address>
         <size>0x88</size>
         <alignment>0x4</alignment>
         <input_file_ref idref="fl-18"/>
      </object_component>
      <object_component id="oc-2a8">
         <name>.text.I2CCC32XX_primeReadBurst</name>
         <load_address>0x2000f240</load_address>
         <readonly>true</readonly>
         <executable>true</executable>
         <run_address>0x2000f240</run_address>
         <size>0x7a</size>
         <alignment>0x2</alignment>
         <input_file_ref idref="fl-17"/>
      </object_component>
      <object_component id="oc-369">
         <name>.text.__aeabi_ldiv0</name>
         <load_address>0x2000f2ba</load_address>
         <readonly>true</readonly>
         <executable>true</executable>
         <run_address>0x2000f2ba</run_address>
         <size>0x2</size>
         <alignment>0x2</alignment>
         <input_file_ref idref="fl-e3"/>
      </object_component>
      <object_component id="oc-d7">
         <name>.text.Power_init</name>
         <load_address>0x2000f2bc</load_address>
         <readonly>true</readonly>
         <executable>true</executable>
         <run_address>0x2000f2bc</run_address>
         <size>0x78</size>
         <alignment>0x4</alignment>
         <input_file_ref idref="fl-18"/>
      </object_component>
      <object_component id="oc-1f3">
         <name>.text.HwiP_construct</name>
         <load_address>0x2000f334</load_address>
         <readonly>true</readonly>
         <executable>true</executable>
         <run_address>0x2000f334</run_address>
         <size>0x74</size>
         <alignment>0x4</alignment>
         <input_file_ref idref="fl-24"/>
      </object_component>
      <object_component id="oc-1b9">
         <name>.text.PRCMHibernateWakeUpGPIOSelect</name>
         <load_address>0x2000f3a8</load_address>
         <readonly>true</readonly>
         <executable>true</executable>
         <run_address>0x2000f3a8</run_address>
         <size>0x74</size>
         <alignment>0x2</alignment>
         <input_file_ref idref="fl-2e"/>
      </object_component>
      <object_component id="oc-26c">
         <name>.text.UARTConfigSetExpClk</name>
         <load_address>0x2000f41c</load_address>
         <readonly>true</readonly>
         <executable>true</executable>
         <run_address>0x2000f41c</run_address>
         <size>0x74</size>
         <alignment>0x2</alignment>
         <input_file_ref idref="fl-32"/>
      </object_component>
      <object_component id="oc-18">
         <name>.text:decompress:lzss</name>
         <load_address>0x2000f490</load_address>
         <readonly>true</readonly>
         <executable>true</executable>
         <run_address>0x2000f490</run_address>
         <size>0x70</size>
         <alignment>0x2</alignment>
         <input_file_ref idref="fl-4d"/>
      </object_component>
      <object_component id="oc-2fc">
         <name>.text.PinLockLevelSet</name>
         <load_address>0x2000f500</load_address>
         <readonly>true</readonly>
         <executable>true</executable>
         <run_address>0x2000f500</run_address>
         <size>0x6c</size>
         <alignment>0x2</alignment>
         <input_file_ref idref="fl-2d"/>
      </object_component>
      <object_component id="oc-19c">
         <name>.text.Power_setDependency</name>
         <load_address>0x2000f56c</load_address>
         <readonly>true</readonly>
         <executable>true</executable>
         <run_address>0x2000f56c</run_address>
         <size>0x6c</size>
         <alignment>0x4</alignment>
         <input_file_ref idref="fl-18"/>
      </object_component>
      <object_component id="oc-1ef">
         <name>.text.UDMACC32XX_open</name>
         <load_address>0x2000f5d8</load_address>
         <readonly>true</readonly>
         <executable>true</executable>
         <run_address>0x2000f5d8</run_address>
         <size>0x6c</size>
         <alignment>0x4</alignment>
         <input_file_ref idref="fl-20"/>
      </object_component>
      <object_component id="oc-f5">
         <name>.text.initTimer</name>
         <load_address>0x2000f644</load_address>
         <readonly>true</readonly>
         <executable>true</executable>
         <run_address>0x2000f644</run_address>
         <size>0x6c</size>
         <alignment>0x4</alignment>
         <input_file_ref idref="fl-1"/>
      </object_component>
      <object_component id="oc-143">
         <name>.text.powerNotifyFxn</name>
         <load_address>0x2000f6b0</load_address>
         <readonly>true</readonly>
         <executable>true</executable>
         <run_address>0x2000f6b0</run_address>
         <size>0x6c</size>
         <alignment>0x4</alignment>
         <input_file_ref idref="fl-15"/>
      </object_component>
      <object_component id="oc-366">
         <name>.text.split</name>
         <load_address>0x2000f71c</load_address>
         <readonly>true</readonly>
         <executable>true</executable>
         <run_address>0x2000f71c</run_address>
         <size>0x6c</size>
         <alignment>0x4</alignment>
         <input_file_ref idref="fl-45"/>
      </object_component>
      <object_component id="oc-123">
         <name>.text.PRCMPeripheralReset</name>
         <load_address>0x2000f788</load_address>
         <readonly>true</readonly>
         <executable>true</executable>
         <run_address>0x2000f788</run_address>
         <size>0x6a</size>
         <alignment>0x2</alignment>
         <input_file_ref idref="fl-2e"/>
      </object_component>
      <object_component id="oc-1a7">
         <name>.text._nop</name>
         <load_address>0x2000f7f2</load_address>
         <readonly>true</readonly>
         <executable>true</executable>
         <run_address>0x2000f7f2</run_address>
         <size>0x2</size>
         <alignment>0x2</alignment>
         <input_file_ref idref="fl-53"/>
      </object_component>
      <object_component id="oc-205">
         <name>.text.I2CCC32XX_initHw</name>
         <load_address>0x2000f7f4</load_address>
         <readonly>true</readonly>
         <executable>true</executable>
         <run_address>0x2000f7f4</run_address>
         <size>0x68</size>
         <alignment>0x4</alignment>
         <input_file_ref idref="fl-17"/>
      </object_component>
      <object_component id="oc-27b">
         <name>.text.IntPendClear</name>
         <load_address>0x2000f85c</load_address>
         <readonly>true</readonly>
         <executable>true</executable>
         <run_address>0x2000f85c</run_address>
         <size>0x68</size>
         <alignment>0x2</alignment>
         <input_file_ref idref="fl-2c"/>
      </object_component>
      <object_component id="oc-2a9">
         <name>.text.I2CCC32XX_primeWriteBurst</name>
         <load_address>0x2000f8c4</load_address>
         <readonly>true</readonly>
         <executable>true</executable>
         <run_address>0x2000f8c4</run_address>
         <size>0x66</size>
         <alignment>0x2</alignment>
         <input_file_ref idref="fl-17"/>
      </object_component>
      <object_component id="oc-297">
         <name>.text.UART2Support_dmaStopTx</name>
         <load_address>0x2000f92a</load_address>
         <readonly>true</readonly>
         <executable>true</executable>
         <run_address>0x2000f92a</run_address>
         <size>0x60</size>
         <alignment>0x2</alignment>
         <input_file_ref idref="fl-1d"/>
      </object_component>
      <object_component id="oc-375">
         <name>.text.FlashDisable</name>
         <load_address>0x2000f98a</load_address>
         <readonly>true</readonly>
         <executable>true</executable>
         <run_address>0x2000f98a</run_address>
         <size>0x5c</size>
         <alignment>0x2</alignment>
         <input_file_ref idref="fl-35"/>
      </object_component>
      <object_component id="oc-2ae">
         <name>.text.I2CSupport_primeTransfer</name>
         <load_address>0x2000f9e6</load_address>
         <readonly>true</readonly>
         <executable>true</executable>
         <run_address>0x2000f9e6</run_address>
         <size>0x5c</size>
         <alignment>0x2</alignment>
         <input_file_ref idref="fl-17"/>
      </object_component>
      <object_component id="oc-1bb">
         <name>.text.PRCMHibernateWakeupSourceDisable</name>
         <load_address>0x2000fa42</load_address>
         <readonly>true</readonly>
         <executable>true</executable>
         <run_address>0x2000fa42</run_address>
         <size>0x5c</size>
         <alignment>0x2</alignment>
         <input_file_ref idref="fl-2e"/>
      </object_component>
      <object_component id="oc-57">
         <name>.text.busFaultHandler</name>
         <load_address>0x2000fa9e</load_address>
         <readonly>true</readonly>
         <executable>true</executable>
         <run_address>0x2000fa9e</run_address>
         <size>0x2</size>
         <alignment>0x2</alignment>
         <input_file_ref idref="fl-26"/>
      </object_component>
      <object_component id="oc-215">
         <name>.text.TimerCC32XX_allocateTimerResource</name>
         <load_address>0x2000faa0</load_address>
         <readonly>true</readonly>
         <executable>true</executable>
         <run_address>0x2000faa0</run_address>
         <size>0x5c</size>
         <alignment>0x4</alignment>
         <input_file_ref idref="fl-1b"/>
      </object_component>
      <object_component id="oc-122">
         <name>.text.PRCMPeripheralClkEnable</name>
         <load_address>0x2000fafc</load_address>
         <readonly>true</readonly>
         <executable>true</executable>
         <run_address>0x2000fafc</run_address>
         <size>0x5a</size>
         <alignment>0x2</alignment>
         <input_file_ref idref="fl-2e"/>
      </object_component>
      <object_component id="oc-1cf">
         <name>.text.clkFxn</name>
         <load_address>0x2000fb56</load_address>
         <readonly>true</readonly>
         <executable>true</executable>
         <run_address>0x2000fb56</run_address>
         <size>0x2</size>
         <alignment>0x2</alignment>
         <input_file_ref idref="fl-22"/>
      </object_component>
      <object_component id="oc-2f0">
         <name>.text.ClockP_startup</name>
         <load_address>0x2000fb58</load_address>
         <readonly>true</readonly>
         <executable>true</executable>
         <run_address>0x2000fb58</run_address>
         <size>0x58</size>
         <alignment>0x4</alignment>
         <input_file_ref idref="fl-23"/>
      </object_component>
      <object_component id="oc-27d">
         <name>.text.IntPrioritySet</name>
         <load_address>0x2000fbb0</load_address>
         <readonly>true</readonly>
         <executable>true</executable>
         <run_address>0x2000fbb0</run_address>
         <size>0x58</size>
         <alignment>0x2</alignment>
         <input_file_ref idref="fl-2c"/>
      </object_component>
      <object_component id="oc-308">
         <name>.text.PRCMLPDSEnter</name>
         <load_address>0x2000fc08</load_address>
         <readonly>true</readonly>
         <executable>true</executable>
         <run_address>0x2000fc08</run_address>
         <size>0x56</size>
         <alignment>0x2</alignment>
         <input_file_ref idref="fl-2e"/>
      </object_component>
      <object_component id="oc-56">
         <name>.text.defaultHandler</name>
         <load_address>0x2000fc5e</load_address>
         <readonly>true</readonly>
         <executable>true</executable>
         <run_address>0x2000fc5e</run_address>
         <size>0x2</size>
         <alignment>0x2</alignment>
         <input_file_ref idref="fl-26"/>
      </object_component>
      <object_component id="oc-1db">
         <name>.text.PowerCC32XX_setParkState</name>
         <load_address>0x2000fc60</load_address>
         <readonly>true</readonly>
         <executable>true</executable>
         <run_address>0x2000fc60</run_address>
         <size>0x54</size>
         <alignment>0x4</alignment>
         <input_file_ref idref="fl-18"/>
      </object_component>
      <object_component id="oc-28a">
         <name>.text.Power_releaseDependency</name>
         <load_address>0x2000fcb4</load_address>
         <readonly>true</readonly>
         <executable>true</executable>
         <run_address>0x2000fcb4</run_address>
         <size>0x54</size>
         <alignment>0x4</alignment>
         <input_file_ref idref="fl-18"/>
      </object_component>
      <object_component id="oc-1a4">
         <name>.text.GPIO_hwiIntFxn</name>
         <load_address>0x2000fd08</load_address>
         <readonly>true</readonly>
         <executable>true</executable>
         <run_address>0x2000fd08</run_address>
         <size>0x50</size>
         <alignment>0x4</alignment>
         <input_file_ref idref="fl-15"/>
      </object_component>
      <object_component id="oc-1ba">
         <name>.text.PRCMHibernateWakeupSourceEnable</name>
         <load_address>0x2000fd58</load_address>
         <readonly>true</readonly>
         <executable>true</executable>
         <run_address>0x2000fd58</run_address>
         <size>0x50</size>
         <alignment>0x2</alignment>
         <input_file_ref idref="fl-2e"/>
      </object_component>
      <object_component id="oc-255">
         <name>.text.SemaphoreP_construct</name>
         <load_address>0x2000fda8</load_address>
         <readonly>true</readonly>
         <executable>true</executable>
         <run_address>0x2000fda8</run_address>
         <size>0x50</size>
         <alignment>0x4</alignment>
         <input_file_ref idref="fl-22"/>
      </object_component>
      <object_component id="oc-276">
         <name>.text.uDMAChannelAssign</name>
         <load_address>0x2000fdf8</load_address>
         <readonly>true</readonly>
         <executable>true</executable>
         <run_address>0x2000fdf8</run_address>
         <size>0x4e</size>
         <alignment>0x2</alignment>
         <input_file_ref idref="fl-33"/>
      </object_component>
      <object_component id="oc-55">
         <name>.text.faultISR</name>
         <load_address>0x2000fe46</load_address>
         <readonly>true</readonly>
         <executable>true</executable>
         <run_address>0x2000fe46</run_address>
         <size>0x2</size>
         <alignment>0x2</alignment>
         <input_file_ref idref="fl-26"/>
      </object_component>
      <object_component id="oc-1a1">
         <name>.text.GPIO_setInterruptConfig</name>
         <load_address>0x2000fe48</load_address>
         <readonly>true</readonly>
         <executable>true</executable>
         <run_address>0x2000fe48</run_address>
         <size>0x4c</size>
         <alignment>0x4</alignment>
         <input_file_ref idref="fl-15"/>
      </object_component>
      <object_component id="oc-373">
         <name>.text.PRCMLPDSRestoreInfoSet</name>
         <load_address>0x2000fe94</load_address>
         <readonly>true</readonly>
         <executable>true</executable>
         <run_address>0x2000fe94</run_address>
         <size>0x4c</size>
         <alignment>0x2</alignment>
         <input_file_ref idref="fl-2e"/>
      </object_component>
      <object_component id="oc-219">
         <name>.text.initHw</name>
         <load_address>0x2000fee0</load_address>
         <readonly>true</readonly>
         <executable>true</executable>
         <run_address>0x2000fee0</run_address>
         <size>0x4c</size>
         <alignment>0x2</alignment>
         <input_file_ref idref="fl-1b"/>
      </object_component>
      <object_component id="oc-293">
         <name>.text.UART2Support_dmaStopRx</name>
         <load_address>0x2000ff2c</load_address>
         <readonly>true</readonly>
         <executable>true</executable>
         <run_address>0x2000ff2c</run_address>
         <size>0x4a</size>
         <alignment>0x2</alignment>
         <input_file_ref idref="fl-1d"/>
      </object_component>
      <object_component id="oc-218">
         <name>.text.getPrescaler</name>
         <load_address>0x2000ff76</load_address>
         <readonly>true</readonly>
         <executable>true</executable>
         <run_address>0x2000ff76</run_address>
         <size>0x4a</size>
         <alignment>0x2</alignment>
         <input_file_ref idref="fl-1b"/>
      </object_component>
      <object_component id="oc-31e">
         <name>.text.uDMAChannelSizeGet</name>
         <load_address>0x2000ffc0</load_address>
         <readonly>true</readonly>
         <executable>true</executable>
         <run_address>0x2000ffc0</run_address>
         <size>0x4a</size>
         <alignment>0x2</alignment>
         <input_file_ref idref="fl-33"/>
      </object_component>
      <object_component id="oc-54">
         <name>.text.nmiISR</name>
         <load_address>0x2001000a</load_address>
         <readonly>true</readonly>
         <executable>true</executable>
         <run_address>0x2001000a</run_address>
         <size>0x2</size>
         <alignment>0x2</alignment>
         <input_file_ref idref="fl-26"/>
      </object_component>
      <object_component id="oc-58">
         <name>.text.ClockP_sysTickHandler</name>
         <load_address>0x2001000c</load_address>
         <readonly>true</readonly>
         <executable>true</executable>
         <run_address>0x2001000c</run_address>
         <size>0x48</size>
         <alignment>0x4</alignment>
         <input_file_ref idref="fl-23"/>
      </object_component>
      <object_component id="oc-302">
         <name>.text.PRCMIntEnable</name>
         <load_address>0x20010054</load_address>
         <readonly>true</readonly>
         <executable>true</executable>
         <run_address>0x20010054</run_address>
         <size>0x48</size>
         <alignment>0x2</alignment>
         <input_file_ref idref="fl-2e"/>
      </object_component>
      <object_component id="oc-22f">
         <name>.text.PRCMPeripheralStatusGet</name>
         <load_address>0x2001009c</load_address>
         <readonly>true</readonly>
         <executable>true</executable>
         <run_address>0x2001009c</run_address>
         <size>0x48</size>
         <alignment>0x2</alignment>
         <input_file_ref idref="fl-2e"/>
      </object_component>
      <object_component id="oc-370">
         <name>.text.PinConfigGet</name>
         <load_address>0x200100e4</load_address>
         <readonly>true</readonly>
         <executable>true</executable>
         <run_address>0x200100e4</run_address>
         <size>0x48</size>
         <alignment>0x2</alignment>
         <input_file_ref idref="fl-2d"/>
      </object_component>
      <object_component id="oc-18d">
         <name>.text.__fixdfsi</name>
         <load_address>0x2001012c</load_address>
         <readonly>true</readonly>
         <executable>true</executable>
         <run_address>0x2001012c</run_address>
         <size>0x48</size>
         <alignment>0x4</alignment>
         <input_file_ref idref="fl-db"/>
      </object_component>
      <object_component id="oc-2a7">
         <name>.text.I2CCC32XX_fillTransmitFifo</name>
         <load_address>0x20010174</load_address>
         <readonly>true</readonly>
         <executable>true</executable>
         <run_address>0x20010174</run_address>
         <size>0x46</size>
         <alignment>0x2</alignment>
         <input_file_ref idref="fl-17"/>
      </object_component>
      <object_component id="oc-307">
         <name>.text.PRCMLPDSEnterKeepDebugIf</name>
         <load_address>0x200101ba</load_address>
         <readonly>true</readonly>
         <executable>true</executable>
         <run_address>0x200101ba</run_address>
         <size>0x46</size>
         <alignment>0x2</alignment>
         <input_file_ref idref="fl-2e"/>
      </object_component>
      <object_component id="oc-31c">
         <name>.text.RingBuf_put</name>
         <load_address>0x20010200</load_address>
         <readonly>true</readonly>
         <executable>true</executable>
         <run_address>0x20010200</run_address>
         <size>0x46</size>
         <alignment>0x2</alignment>
         <input_file_ref idref="fl-1f"/>
      </object_component>
      <object_component id="oc-19f">
         <name>.text.GPIODirModeSet</name>
         <load_address>0x20010246</load_address>
         <readonly>true</readonly>
         <executable>true</executable>
         <run_address>0x20010246</run_address>
         <size>0x44</size>
         <alignment>0x2</alignment>
         <input_file_ref idref="fl-29"/>
      </object_component>
      <object_component id="oc-232">
         <name>.text.GPIO_disableInt</name>
         <load_address>0x2001028c</load_address>
         <readonly>true</readonly>
         <executable>true</executable>
         <run_address>0x2001028c</run_address>
         <size>0x44</size>
         <alignment>0x4</alignment>
         <input_file_ref idref="fl-15"/>
      </object_component>
      <object_component id="oc-f2">
         <name>.text.GPIO_enableInt</name>
         <load_address>0x200102d0</load_address>
         <readonly>true</readonly>
         <executable>true</executable>
         <run_address>0x200102d0</run_address>
         <size>0x44</size>
         <alignment>0x4</alignment>
         <input_file_ref idref="fl-15"/>
      </object_component>
      <object_component id="oc-296">
         <name>.text.Power_releaseConstraint</name>
         <load_address>0x20010314</load_address>
         <readonly>true</readonly>
         <executable>true</executable>
         <run_address>0x20010314</run_address>
         <size>0x44</size>
         <alignment>0x4</alignment>
         <input_file_ref idref="fl-18"/>
      </object_component>
      <object_component id="oc-181">
         <name>.text.Timer_start</name>
         <load_address>0x20010358</load_address>
         <readonly>true</readonly>
         <executable>true</executable>
         <run_address>0x20010358</run_address>
         <size>0x44</size>
         <alignment>0x2</alignment>
         <input_file_ref idref="fl-1a"/>
      </object_component>
      <object_component id="oc-7d">
         <name>.text.addToList</name>
         <load_address>0x2001039c</load_address>
         <readonly>true</readonly>
         <executable>true</executable>
         <run_address>0x2001039c</run_address>
         <size>0x44</size>
         <alignment>0x4</alignment>
         <input_file_ref idref="fl-23"/>
      </object_component>
      <object_component id="oc-f7">
         <name>.text.snprintf</name>
         <load_address>0x200103e0</load_address>
         <readonly>true</readonly>
         <executable>true</executable>
         <run_address>0x200103e0</run_address>
         <size>0x44</size>
         <alignment>0x4</alignment>
         <input_file_ref idref="fl-44"/>
      </object_component>
      <object_component id="oc-12a">
         <name>.text.PinModeSet</name>
         <load_address>0x20010424</load_address>
         <readonly>true</readonly>
         <executable>true</executable>
         <run_address>0x20010424</run_address>
         <size>0x42</size>
         <alignment>0x2</alignment>
         <input_file_ref idref="fl-2d"/>
      </object_component>
      <object_component id="oc-2be">
         <name>.text.TimerControlStall</name>
         <load_address>0x20010466</load_address>
         <readonly>true</readonly>
         <executable>true</executable>
         <run_address>0x20010466</run_address>
         <size>0x42</size>
         <alignment>0x2</alignment>
         <input_file_ref idref="fl-31"/>
      </object_component>
      <object_component id="oc-217">
         <name>.text.Timer_close</name>
         <load_address>0x200104a8</load_address>
         <readonly>true</readonly>
         <executable>true</executable>
         <run_address>0x200104a8</run_address>
         <size>0x42</size>
         <alignment>0x2</alignment>
         <input_file_ref idref="fl-1b"/>
      </object_component>
      <object_component id="oc-241">
         <name>.text.getCountsRTC</name>
         <load_address>0x200104ea</load_address>
         <readonly>true</readonly>
         <executable>true</executable>
         <run_address>0x200104ea</run_address>
         <size>0x42</size>
         <alignment>0x2</alignment>
         <input_file_ref idref="fl-25"/>
      </object_component>
      <object_component id="oc-13e">
         <name>.text.SemaphoreP_post</name>
         <load_address>0x2001052c</load_address>
         <readonly>true</readonly>
         <executable>true</executable>
         <run_address>0x2001052c</run_address>
         <size>0x40</size>
         <alignment>0x4</alignment>
         <input_file_ref idref="fl-22"/>
      </object_component>
      <object_component id="oc-2b4">
         <name>.text.Timer_stop</name>
         <load_address>0x2001056c</load_address>
         <readonly>true</readonly>
         <executable>true</executable>
         <run_address>0x2001056c</run_address>
         <size>0x40</size>
         <alignment>0x2</alignment>
         <input_file_ref idref="fl-1a"/>
      </object_component>
      <object_component id="oc-2ce">
         <name>.text.atoi</name>
         <load_address>0x200105ac</load_address>
         <readonly>true</readonly>
         <executable>true</executable>
         <run_address>0x200105ac</run_address>
         <size>0x40</size>
         <alignment>0x4</alignment>
         <input_file_ref idref="fl-57"/>
      </object_component>
      <object_component id="oc-321">
         <name>.text.uDMAChannelControlSet</name>
         <load_address>0x200105ec</load_address>
         <readonly>true</readonly>
         <executable>true</executable>
         <run_address>0x200105ec</run_address>
         <size>0x40</size>
         <alignment>0x2</alignment>
         <input_file_ref idref="fl-33"/>
      </object_component>
      <object_component id="oc-372">
         <name>.text.PinDirModeSet</name>
         <load_address>0x2001062c</load_address>
         <readonly>true</readonly>
         <executable>true</executable>
         <run_address>0x2001062c</run_address>
         <size>0x3e</size>
         <alignment>0x2</alignment>
         <input_file_ref idref="fl-2d"/>
      </object_component>
      <object_component id="oc-259">
         <name>.text.ClockP_stop</name>
         <load_address>0x2001066c</load_address>
         <readonly>true</readonly>
         <executable>true</executable>
         <run_address>0x2001066c</run_address>
         <size>0x3c</size>
         <alignment>0x4</alignment>
         <input_file_ref idref="fl-23"/>
      </object_component>
      <object_component id="oc-1ea">
         <name>.text.UDMACC32XX_init</name>
         <load_address>0x200106a8</load_address>
         <readonly>true</readonly>
         <executable>true</executable>
         <run_address>0x200106a8</run_address>
         <size>0x3c</size>
         <alignment>0x4</alignment>
         <input_file_ref idref="fl-20"/>
      </object_component>
      <object_component id="oc-221">
         <name>.text.TimerSupport_timerEnable</name>
         <load_address>0x200106e4</load_address>
         <readonly>true</readonly>
         <executable>true</executable>
         <run_address>0x200106e4</run_address>
         <size>0x3a</size>
         <alignment>0x2</alignment>
         <input_file_ref idref="fl-1b"/>
      </object_component>
      <object_component id="oc-1ce">
         <name>.text.ClockP_destruct</name>
         <load_address>0x20010720</load_address>
         <readonly>true</readonly>
         <executable>true</executable>
         <run_address>0x20010720</run_address>
         <size>0x38</size>
         <alignment>0x4</alignment>
         <input_file_ref idref="fl-23"/>
      </object_component>
      <object_component id="oc-2c3">
         <name>.text.Power_setConstraint</name>
         <load_address>0x20010758</load_address>
         <readonly>true</readonly>
         <executable>true</executable>
         <run_address>0x20010758</run_address>
         <size>0x38</size>
         <alignment>0x4</alignment>
         <input_file_ref idref="fl-18"/>
      </object_component>
      <object_component id="oc-2e6">
         <name>.text.RingBuf_putAdvance</name>
         <load_address>0x20010790</load_address>
         <readonly>true</readonly>
         <executable>true</executable>
         <run_address>0x20010790</run_address>
         <size>0x38</size>
         <alignment>0x2</alignment>
         <input_file_ref idref="fl-1f"/>
      </object_component>
      <object_component id="oc-252">
         <name>.text.SwiP_restore</name>
         <load_address>0x200107c8</load_address>
         <readonly>true</readonly>
         <executable>true</executable>
         <run_address>0x200107c8</run_address>
         <size>0x38</size>
         <alignment>0x4</alignment>
         <input_file_ref idref="fl-27"/>
      </object_component>
      <object_component id="oc-288">
         <name>.text.UDMACC32XX_close</name>
         <load_address>0x20010800</load_address>
         <readonly>true</readonly>
         <executable>true</executable>
         <run_address>0x20010800</run_address>
         <size>0x38</size>
         <alignment>0x4</alignment>
         <input_file_ref idref="fl-20"/>
      </object_component>
      <object_component id="oc-bf">
         <name>.text:__TI_auto_init_nobinit_nopinit</name>
         <load_address>0x20010838</load_address>
         <readonly>true</readonly>
         <executable>true</executable>
         <run_address>0x20010838</run_address>
         <size>0x38</size>
         <alignment>0x4</alignment>
         <input_file_ref idref="fl-48"/>
      </object_component>
      <object_component id="oc-2fd">
         <name>.text.PinLock</name>
         <load_address>0x20010870</load_address>
         <readonly>true</readonly>
         <executable>true</executable>
         <run_address>0x20010870</run_address>
         <size>0x36</size>
         <alignment>0x2</alignment>
         <input_file_ref idref="fl-2d"/>
      </object_component>
      <object_component id="oc-21e">
         <name>.text.TimerCC32XX_hwiIntFunction</name>
         <load_address>0x200108a6</load_address>
         <readonly>true</readonly>
         <executable>true</executable>
         <run_address>0x200108a6</run_address>
         <size>0x36</size>
         <alignment>0x2</alignment>
         <input_file_ref idref="fl-1b"/>
      </object_component>
      <object_component id="oc-364">
         <name>.text.UARTCharPutNonBlocking</name>
         <load_address>0x200108dc</load_address>
         <readonly>true</readonly>
         <executable>true</executable>
         <run_address>0x200108dc</run_address>
         <size>0x36</size>
         <alignment>0x2</alignment>
         <input_file_ref idref="fl-32"/>
      </object_component>
      <object_component id="oc-1cb">
         <name>.text.ClockP_start</name>
         <load_address>0x20010914</load_address>
         <readonly>true</readonly>
         <executable>true</executable>
         <run_address>0x20010914</run_address>
         <size>0x34</size>
         <alignment>0x4</alignment>
         <input_file_ref idref="fl-23"/>
      </object_component>
      <object_component id="oc-328">
         <name>.text.I2CFIFODataPutNonBlocking</name>
         <load_address>0x20010948</load_address>
         <readonly>true</readonly>
         <executable>true</executable>
         <run_address>0x20010948</run_address>
         <size>0x34</size>
         <alignment>0x2</alignment>
         <input_file_ref idref="fl-2b"/>
      </object_component>
      <object_component id="oc-371">
         <name>.text.PinDirModeGet</name>
         <load_address>0x2001097c</load_address>
         <readonly>true</readonly>
         <executable>true</executable>
         <run_address>0x2001097c</run_address>
         <size>0x34</size>
         <alignment>0x2</alignment>
         <input_file_ref idref="fl-2d"/>
      </object_component>
      <object_component id="oc-125">
         <name>.text.PinModeGet</name>
         <load_address>0x200109b0</load_address>
         <readonly>true</readonly>
         <executable>true</executable>
         <run_address>0x200109b0</run_address>
         <size>0x34</size>
         <alignment>0x2</alignment>
         <input_file_ref idref="fl-2d"/>
      </object_component>
      <object_component id="oc-2fb">
         <name>.text.PowerCC32XX_parkPin</name>
         <load_address>0x200109e4</load_address>
         <readonly>true</readonly>
         <executable>true</executable>
         <run_address>0x200109e4</run_address>
         <size>0x34</size>
         <alignment>0x2</alignment>
         <input_file_ref idref="fl-18"/>
      </object_component>
      <object_component id="oc-2b6">
         <name>.text.TimerCC32XX_freeTimerResource</name>
         <load_address>0x20010a18</load_address>
         <readonly>true</readonly>
         <executable>true</executable>
         <run_address>0x20010a18</run_address>
         <size>0x34</size>
         <alignment>0x4</alignment>
         <input_file_ref idref="fl-1b"/>
      </object_component>
      <object_component id="oc-284">
         <name>.text.UART2_rxDisable</name>
         <load_address>0x20010a4c</load_address>
         <readonly>true</readonly>
         <executable>true</executable>
         <run_address>0x20010a4c</run_address>
         <size>0x34</size>
         <alignment>0x2</alignment>
         <input_file_ref idref="fl-1c"/>
      </object_component>
      <object_component id="oc-4f">
         <name>.text.initVectors</name>
         <load_address>0x20010a80</load_address>
         <readonly>true</readonly>
         <executable>true</executable>
         <run_address>0x20010a80</run_address>
         <size>0x34</size>
         <alignment>0x4</alignment>
         <input_file_ref idref="fl-26"/>
      </object_component>
      <object_component id="oc-23e">
         <name>.text.ClockP_getTicksUntilInterrupt</name>
         <load_address>0x20010ab4</load_address>
         <readonly>true</readonly>
         <executable>true</executable>
         <run_address>0x20010ab4</run_address>
         <size>0x30</size>
         <alignment>0x4</alignment>
         <input_file_ref idref="fl-23"/>
      </object_component>
[...]
         <object_component_ref idref="oc-28c"/>
      </symbol>
      <symbol id="sm-527">
         <name>PinTypeI2C</name>
         <value>0x2001119d</value>
         <object_component_ref idref="oc-204"/>
      </symbol>
      <symbol id="sm-528">
         <name>PinTypeUART</name>
         <value>0x2001125d</value>
         <object_component_ref idref="oc-25f"/>
      </symbol>
      <symbol id="sm-529">
         <name>PinUnlock</name>
         <value>0x20011117</value>
         <object_component_ref idref="oc-303"/>
      </symbol>
      <symbol id="sm-5db">
         <name>PRCMCC3200MCUInit</name>
         <value>0x2000c8ad</value>
         <object_component_ref idref="oc-d2"/>
      </symbol>
      <symbol id="sm-5dc">
         <name>PRCMHIBRegRead</name>
         <value>0x200113f3</value>
         <object_component_ref idref="oc-121"/>
      </symbol>
      <symbol id="sm-5dd">
         <name>PRCMHIBRegWrite</name>
         <value>0x2001140d</value>
         <object_component_ref idref="oc-120"/>
      </symbol>
      <symbol id="sm-5de">
         <name>PRCMHibernateWakeUpGPIOSelect</name>
         <value>0x2000f3a9</value>
         <object_component_ref idref="oc-1b9"/>
      </symbol>
      <symbol id="sm-5df">
         <name>PRCMHibernateWakeupSourceDisable</name>
         <value>0x2000fa43</value>
         <object_component_ref idref="oc-1bb"/>
      </symbol>
      <symbol id="sm-5e0">
         <name>PRCMHibernateWakeupSourceEnable</name>
         <value>0x2000fd59</value>
         <object_component_ref idref="oc-1ba"/>
      </symbol>
      <symbol id="sm-5e1">
         <name>PRCMIntEnable</name>
         <value>0x20010055</value>
         <object_component_ref idref="oc-302"/>
      </symbol>
      <symbol id="sm-5e2">
         <name>PRCMLPDSEnter</name>
         <value>0x2000fc09</value>
         <object_component_ref idref="oc-308"/>
      </symbol>
      <symbol id="sm-5e3">
         <name>PRCMLPDSEnterKeepDebugIf</name>
         <value>0x200101bb</value>
         <object_component_ref idref="oc-307"/>
      </symbol>
      <symbol id="sm-5e4">
         <name>PRCMLPDSIntervalSet</name>
         <value>0x20010b15</value>
         <object_component_ref idref="oc-24b"/>
      </symbol>
      <symbol id="sm-5e5">
         <name>PRCMLPDSRestoreInfoSet</name>
         <value>0x2000fe95</value>
         <object_component_ref idref="oc-373"/>
      </symbol>
      <symbol id="sm-5e6">
         <name>PRCMLPDSWakeUpGPIOSelect</name>
         <value>0x20010dcb</value>
         <object_component_ref idref="oc-1b8"/>
      </symbol>
      <symbol id="sm-5e7">
         <name>PRCMLPDSWakeupCauseGet</name>
         <value>0x20011985</value>
         <object_component_ref idref="oc-305"/>
      </symbol>
      <symbol id="sm-5e8">
         <name>PRCMLPDSWakeupSourceDisable</name>
         <value>0x20011427</value>
         <object_component_ref idref="oc-1b7"/>
      </symbol>
      <symbol id="sm-5e9">
         <name>PRCMLPDSWakeupSourceEnable</name>
         <value>0x2001101d</value>
         <object_component_ref idref="oc-1b6"/>
      </symbol>
      <symbol id="sm-5ea">
         <name>PRCMPeripheralClkDisable</name>
         <value>0x20010df5</value>
         <object_component_ref idref="oc-124"/>
      </symbol>
      <symbol id="sm-5eb">
         <name>PRCMPeripheralClkEnable</name>
         <value>0x2000fafd</value>
         <object_component_ref idref="oc-122"/>
      </symbol>
      <symbol id="sm-5ec">
         <name>PRCMPeripheralReset</name>
         <value>0x2000f789</value>
         <object_component_ref idref="oc-123"/>
      </symbol>
      <symbol id="sm-5ed">
         <name>PRCMPeripheralStatusGet</name>
         <value>0x2001009d</value>
         <object_component_ref idref="oc-22f"/>
      </symbol>
      <symbol id="sm-5ee">
         <name>PRCMSRAMRetentionEnable</name>
         <value>0x20010f11</value>
         <object_component_ref idref="oc-2fa"/>
      </symbol>
      <symbol id="sm-5ef">
         <name>PRCMSleepEnter</name>
         <value>0x20011a79</value>
         <object_component_ref idref="oc-251"/>
      </symbol>
      <symbol id="sm-5f0">
         <name>PRCMSlowClkCtrFastGet</name>
         <value>0x20010b45</value>
         <object_component_ref idref="oc-2f1"/>
      </symbol>
      <symbol id="sm-5f1">
         <name>PRCMSysResetCauseGet</name>
         <value>0x2000f129</value>
         <object_component_ref idref="oc-11b"/>
      </symbol>
      <symbol id="sm-60f">
         <name>SysTickEnable</name>
         <value>0x2001175f</value>
         <object_component_ref idref="oc-24f"/>
      </symbol>
      <symbol id="sm-610">
         <name>SysTickIntDisable</name>
         <value>0x20011771</value>
         <object_component_ref idref="oc-246"/>
      </symbol>
      <symbol id="sm-611">
         <name>SysTickIntEnable</name>
         <value>0x20011783</value>
         <object_component_ref idref="oc-250"/>
      </symbol>
      <symbol id="sm-612">
         <name>SysTickPeriodSet</name>
         <value>0x20011545</value>
         <object_component_ref idref="oc-24e"/>
      </symbol>
      <symbol id="sm-651">
         <name>TimerControlStall</name>
         <value>0x20010467</value>
         <object_component_ref idref="oc-2be"/>
      </symbol>
      <symbol id="sm-652">
         <name>TimerDisable</name>
         <value>0x2001123d</value>
         <object_component_ref idref="oc-2b7"/>
      </symbol>
      <symbol id="sm-653">
         <name>TimerEnable</name>
         <value>0x2001145b</value>
         <object_component_ref idref="oc-2c4"/>
      </symbol>
      <symbol id="sm-654">
         <name>TimerIntClear</name>
         <value>0x20011849</value>
         <object_component_ref idref="oc-2c1"/>
      </symbol>
      <symbol id="sm-655">
         <name>TimerIntDisable</name>
         <value>0x2001155b</value>
         <object_component_ref idref="oc-380"/>
      </symbol>
      <symbol id="sm-656">
         <name>TimerIntEnable</name>
         <value>0x20011669</value>
         <object_component_ref idref="oc-2c2"/>
      </symbol>
      <symbol id="sm-657">
         <name>TimerLoadSet</name>
         <value>0x20010b75</value>
         <object_component_ref idref="oc-2bd"/>
      </symbol>
      <symbol id="sm-658">
         <name>TimerPrescaleSet</name>
         <value>0x20010ba5</value>
         <object_component_ref idref="oc-2bc"/>
      </symbol>
      <symbol id="sm-6c2">
         <name>UARTBusy</name>
         <value>0x20011879</value>
         <object_component_ref idref="oc-365"/>
      </symbol>
      <symbol id="sm-6c3">
         <name>UARTCharPutNonBlocking</name>
         <value>0x200108dd</value>
         <object_component_ref idref="oc-364"/>
      </symbol>
      <symbol id="sm-6c4">
         <name>UARTCharsAvail</name>
         <value>0x20011571</value>
         <object_component_ref idref="oc-294"/>
      </symbol>
      <symbol id="sm-6c5">
         <name>UARTConfigSetExpClk</name>
         <value>0x2000f41d</value>
         <object_component_ref idref="oc-26c"/>
      </symbol>
      <symbol id="sm-6c6">
         <name>UARTDMADisable</name>
         <value>0x20011587</value>
         <object_component_ref idref="oc-283"/>
      </symbol>
      <symbol id="sm-6c7">
         <name>UARTDMAEnable</name>
         <value>0x2001167d</value>
         <object_component_ref idref="oc-324"/>
      </symbol>
      <symbol id="sm-6c8">
         <name>UARTDisable</name>
         <value>0x20010cbf</value>
         <object_component_ref idref="oc-285"/>
      </symbol>
      <symbol id="sm-6c9">
         <name>UARTEnable</name>
         <value>0x20011299</value>
         <object_component_ref idref="oc-272"/>
      </symbol>
      <symbol id="sm-6ca">
         <name>UARTFIFOLevelSet</name>
         <value>0x2001159d</value>
         <object_component_ref idref="oc-274"/>
      </symbol>
      <symbol id="sm-6cb">
         <name>UARTFlowControlSet</name>
         <value>0x20011475</value>
         <object_component_ref idref="oc-275"/>
      </symbol>
      <symbol id="sm-6cc">
         <name>UARTIntClear</name>
         <value>0x20011889</value>
         <object_component_ref idref="oc-271"/>
      </symbol>
      <symbol id="sm-6cd">
         <name>UARTIntDisable</name>
         <value>0x200115b3</value>
         <object_component_ref idref="oc-282"/>
      </symbol>
      <symbol id="sm-6ce">
         <name>UARTIntEnable</name>
         <value>0x20011691</value>
         <object_component_ref idref="oc-273"/>
      </symbol>
      <symbol id="sm-6cf">
         <name>UARTIntStatus</name>
         <value>0x20010e1f</value>
         <object_component_ref idref="oc-28f"/>
      </symbol>
      <symbol id="sm-6d0">
         <name>UARTRxErrorGet</name>
         <value>0x20011899</value>
         <object_component_ref idref="oc-291"/>
      </symbol>
      <symbol id="sm-729">
         <name>uDMAChannelAssign</name>
         <value>0x2000fdf9</value>
         <object_component_ref idref="oc-276"/>
      </symbol>
      <symbol id="sm-72a">
         <name>uDMAChannelAttributeDisable</name>
         <value>0x2000f007</value>
         <object_component_ref idref="oc-277"/>
      </symbol>
      <symbol id="sm-72b">
         <name>uDMAChannelControlSet</name>
         <value>0x200105ed</value>
         <object_component_ref idref="oc-321"/>
      </symbol>
      <symbol id="sm-72c">
         <name>uDMAChannelDisable</name>
         <value>0x200112d5</value>
         <object_component_ref idref="oc-31d"/>
      </symbol>
      <symbol id="sm-72d">
         <name>uDMAChannelEnable</name>
         <value>0x200112f3</value>
         <object_component_ref idref="oc-323"/>
      </symbol>
      <symbol id="sm-72e">
         <name>uDMAChannelIsEnabled</name>
         <value>0x20011311</value>
         <object_component_ref idref="oc-292"/>
      </symbol>
      <symbol id="sm-72f">
         <name>uDMAChannelSizeGet</name>
         <value>0x2000ffc1</value>
         <object_component_ref idref="oc-31e"/>
      </symbol>
      <symbol id="sm-730">
         <name>uDMAChannelTransferSet</name>
         <value>0x2000e1b1</value>
         <object_component_ref idref="oc-322"/>
      </symbol>
      <symbol id="sm-731">
         <name>uDMAControlBaseSet</name>
         <value>0x200116b9</value>
         <object_component_ref idref="oc-269"/>
      </symbol>
      <symbol id="sm-732">
         <name>uDMAEnable</name>
         <value>0x20011911</value>
         <object_component_ref idref="oc-264"/>
      </symbol>
      <symbol id="sm-733">
         <name>uDMAErrorStatusClear</name>
         <value>0x2001191f</value>
         <object_component_ref idref="oc-394"/>
      </symbol>
      <symbol id="sm-734">
         <name>uDMAErrorStatusGet</name>
         <value>0x200119fd</value>
         <object_component_ref idref="oc-393"/>
      </symbol>
      <symbol id="sm-735">
         <name>uDMAIntClear</name>
         <value>0x200116cd</value>
         <object_component_ref idref="oc-31f"/>
      </symbol>
      <symbol id="sm-740">
         <name>UtilsDelay</name>
         <value>0x20011a81</value>
         <object_component_ref idref="oc-11c"/>
      </symbol>
      <symbol id="sm-76d">
         <name>FlashDisable</name>
         <value>0x2000f98b</value>
         <object_component_ref idref="oc-375"/>
      </symbol>
      <symbol id="sm-77e">
         <name>snprintf</name>
         <value>0x200103e1</value>
         <object_component_ref idref="oc-f7"/>
      </symbol>
      <symbol id="sm-79e">
         <name>malloc</name>
         <value>0x20011a99</value>
         <object_component_ref idref="oc-230"/>
      </symbol>
      <symbol id="sm-79f">
         <name>aligned_alloc</name>
         <value>0x2000de5d</value>
         <object_component_ref idref="oc-2eb"/>
      </symbol>
      <symbol id="sm-7a0">
         <name>free</name>
         <value>0x2000e3c1</value>
         <object_component_ref idref="oc-1c8"/>
      </symbol>
      <symbol id="sm-7a1">
         <name>_sys_memory</name>
         <value>0x20004040</value>
         <object_component_ref idref="oc-31"/>
      </symbol>
      <symbol id="sm-7a2">
         <name>memalign</name>
         <value>0x2000de5d</value>
         <object_component_ref idref="oc-2eb"/>
      </symbol>
      <symbol id="sm-7ad">
         <name>_c_int00_noargs</name>
         <value>0x200110d1</value>
         <object_component_ref idref="oc-76"/>
      </symbol>
      <symbol id="sm-7ae">
         <name>__stack</name>
         <value>0x20003000</value>
         <object_component_ref idref="oc-16"/>
      </symbol>
      <symbol id="sm-7ba">
         <name>__TI_auto_init_nobinit_nopinit</name>
         <value>0x20010839</value>
         <object_component_ref idref="oc-bf"/>
      </symbol>
      <symbol id="sm-7c2">
         <name>_system_pre_init</name>
         <value>0x20011ae1</value>
         <object_component_ref idref="oc-8b"/>
      </symbol>
      <symbol id="sm-7cd">
         <name>__TI_zero_init</name>
         <value>0x200118c9</value>
         <object_component_ref idref="oc-49"/>
      </symbol>
      <symbol id="sm-7d6">
         <name>__TI_decompress_none</name>
         <value>0x2001193b</value>
         <object_component_ref idref="oc-1c"/>
      </symbol>
      <symbol id="sm-7e0">
         <name>__TI_decompress_lzss</name>
         <value>0x2000f491</value>
         <object_component_ref idref="oc-18"/>
      </symbol>
      <symbol id="sm-800">
         <name>__TI_printfi_nofloat</name>
         <value>0x2000c041</value>
         <object_component_ref idref="oc-22b"/>
      </symbol>
      <symbol id="sm-80d">
         <name>__aeabi_errno_addr</name>
         <value>0x20011a89</value>
         <object_component_ref idref="oc-2d6"/>
      </symbol>
      <symbol id="sm-80e">
         <name>__aeabi_errno</name>
         <value>0x200133ec</value>
         <object_component_ref idref="oc-33c"/>
      </symbol>
      <symbol id="sm-818">
         <name>abort</name>
         <value>0x20011ae5</value>
         <object_component_ref idref="oc-b8"/>
      </symbol>
      <symbol id="sm-819">
         <name>C$$EXIT</name>
         <value>0x20011ae4</value>
         <object_component_ref idref="oc-b8"/>
      </symbol>
      <symbol id="sm-822">
         <name>_nop</name>
         <value>0x2000f7f3</value>
         <object_component_ref idref="oc-1a7"/>
      </symbol>
      <symbol id="sm-823">
         <name>_lock</name>
         <value>0x200133f0</value>
         <object_component_ref idref="oc-111"/>
      </symbol>
      <symbol id="sm-824">
         <name>_unlock</name>
         <value>0x200133f4</value>
         <object_component_ref idref="oc-114"/>
      </symbol>
      <symbol id="sm-831">
         <name>atoi</name>
         <value>0x200105ad</value>
         <object_component_ref idref="oc-2ce"/>
      </symbol>
      <symbol id="sm-83b">
         <name>memccpy</name>
         <value>0x200112b7</value>
         <object_component_ref idref="oc-2c7"/>
      </symbol>
      <symbol id="sm-844">
         <name>wcslen</name>
         <value>0x200118b9</value>
         <object_component_ref idref="oc-2d2"/>
      </symbol>
      <symbol id="sm-84a">
         <name>__aeabi_ctype_table_</name>
         <value>0x20012620</value>
         <object_component_ref idref="oc-335"/>
      </symbol>
      <symbol id="sm-84b">
         <name>__aeabi_ctype_table_C</name>
         <value>0x20012620</value>
         <object_component_ref idref="oc-335"/>
      </symbol>
      <symbol id="sm-863">
         <name>__aeabi_dmul</name>
         <value>0x2000e2c5</value>
         <object_component_ref idref="oc-189"/>
      </symbol>
      <symbol id="sm-864">
         <name>__muldf3</name>
         <value>0x2000e2c5</value>
         <object_component_ref idref="oc-189"/>
      </symbol>
      <symbol id="sm-86a">
         <name>__aeabi_d2iz</name>
         <value>0x2001012d</value>
         <object_component_ref idref="oc-18d"/>
      </symbol>
      <symbol id="sm-86b">
         <name>__fixdfsi</name>
         <value>0x2001012d</value>
         <object_component_ref idref="oc-18d"/>
      </symbol>
      <symbol id="sm-871">
         <name>__aeabi_i2d</name>
         <value>0x20010ced</value>
         <object_component_ref idref="oc-185"/>
      </symbol>
      <symbol id="sm-872">
         <name>__floatsidf</name>
         <value>0x20010ced</value>
         <object_component_ref idref="oc-185"/>
      </symbol>
      <symbol id="sm-878">
         <name>__aeabi_memcpy</name>
         <value>0x20011add</value>
         <object_component_ref idref="oc-3c"/>
      </symbol>
      <symbol id="sm-879">
         <name>__aeabi_memcpy4</name>
         <value>0x20011add</value>
         <object_component_ref idref="oc-3c"/>
      </symbol>
      <symbol id="sm-87a">
         <name>__aeabi_memcpy8</name>
         <value>0x20011add</value>
         <object_component_ref idref="oc-3c"/>
      </symbol>
      <symbol id="sm-883">
         <name>__aeabi_memset</name>
         <value>0x20011a45</value>
         <object_component_ref idref="oc-2c6"/>
      </symbol>
      <symbol id="sm-884">
         <name>__aeabi_memset4</name>
         <value>0x20011a45</value>
         <object_component_ref idref="oc-2c6"/>
      </symbol>
      <symbol id="sm-885">
         <name>__aeabi_memset8</name>
         <value>0x20011a45</value>
         <object_component_ref idref="oc-2c6"/>
      </symbol>
      <symbol id="sm-886">
         <name>__aeabi_memclr</name>
         <value>0x20011a91</value>
         <object_component_ref idref="oc-67"/>
      </symbol>
      <symbol id="sm-887">
         <name>__aeabi_memclr4</name>
         <value>0x20011a91</value>
         <object_component_ref idref="oc-67"/>
      </symbol>
      <symbol id="sm-888">
         <name>__aeabi_memclr8</name>
         <value>0x20011a91</value>
         <object_component_ref idref="oc-67"/>
      </symbol>
      <symbol id="sm-88e">
         <name>__aeabi_uldivmod</name>
         <value>0x200116a5</value>
         <object_component_ref idref="oc-242"/>
      </symbol>
      <symbol id="sm-894">
         <name>__udivmoddi4</name>
         <value>0x2000ea59</value>
         <object_component_ref idref="oc-2f2"/>
      </symbol>
      <symbol id="sm-89f">
         <name>__aeabi_ldiv0</name>
         <value>0x2000f2bb</value>
         <object_component_ref idref="oc-369"/>
      </symbol>
      <symbol id="sm-8a8">
         <name>TI_memcpy_small</name>
         <value>0x200117a7</value>
         <object_component_ref idref="oc-81"/>
      </symbol>
      <symbol id="sm-8b0">
         <name>TI_memset_small</name>
         <value>0x2001192d</value>
         <object_component_ref idref="oc-9e"/>
      </symbol>
      <symbol id="sm-8b1">
         <name>__TI_static_base__</name>
         <value>0x20011ae8</value>
      </symbol>
      <symbol id="sm-8b4">
         <name>ITM_flush</name>
         <value>0x0</value>
      </symbol>
      <symbol id="sm-8b5">
         <name>ITM_restore</name>
         <value>0x0</value>
      </symbol>
      <symbol id="sm-8b6">
         <name>__mpu_init</name>
         <value>0x0</value>
      </symbol>
      <symbol id="sm-8b7">
         <name>_system_post_cinit</name>
         <value>0x0</value>
      </symbol>
   </symbol_table>
   <title>Link successful</title>
</link_info>
