******************************************************************************
            TI ARM Clang Linker PC v3.2.2                      
******************************************************************************
>> Linked Sat Oct 19 10:10:02 2024

OUTPUT FILE NAME:   <gpiointerrupt_CC3220S_LAUNCHXL_nortos_ticlang.out>
ENTRY POINT SYMBOL: "resetISR"  address: 200113bd


MEMORY CONFIGURATION

         name            origin    length      used     unused   attr    fill
----------------------  --------  ---------  --------  --------  ----  --------
  SRAM2                 20000000   00004000  0000130c  00002cf4  RW X
  SRAM                  20004000   0003c000  0000f3ce  0002cc32  RW X
  LOG_DATA              90000000   00040000  00000000  00040000  R   
  LOG_PTR               94000008   00040000  00000000  00040000  R   


SEGMENT ALLOCATION MAP

run origin  load origin   length   init length attrs members
----------  ----------- ---------- ----------- ----- -------
20003000    20003000    00001000   00000000    rw-
  20003000    20003000    00001000   00000000    rw- .stack
20004000    20004000    00000040   00000040    r--
  20004000    20004000    00000040   00000040    r-- .resetVecs
20004040    20004040    00008000   00000000    rw-
  20004040    20004040    00008000   00000000    rw- .sysmem
2000c040    2000c040    00005ba0   00005ba0    r-x
  2000c040    2000c040    00005aa8   00005aa8    r-x .text
  20011ae8    20011ae8    000000f8   000000f8    r-- .cinit
20011c00    20011c00    00000a13   00000000    rw-
  20011c00    20011c00    00000a13   00000000    rw- .bss
20012620    20012620    0000074d   0000074d    r--
  20012620    20012620    0000074d   0000074d    r-- .rodata
20012d70    20012d70    0000068e   00000000    rw-
  20012d70    20012d70    0000068e   00000000    rw- .data


SECTION ALLOCATION MAP

 output                                  attributes/
section   page    origin      length       input sections
--------  ----  ----------  ----------   ----------------
.text      0    2000c040    00005aa8     
                  2000c040    0000086c     libc.a : _printfi.c.obj (.text:__TI_printfi_nofloat)
                  2000c8ac    000004b8     driverlib.a : prcm.obj (.text.PRCMCC3200MCUInit)
                  2000cd64    000003e4     drivers_cc32xx.a : PowerCC32XX.c.obj (.text.Power_sleep)
                  2000d148    00000222                      : UART2CC32XX.c.obj (.text.UART2CC32XX_hwiIntFxn)
                  2000d36a    00000002     ti_drivers_config.o (.text.Board_initHook)
                  2000d36c    000001cc     drivers_cc32xx.a : UART2CC32XX.c.obj (.text.UART2_open)
                  2000d538    00000178     gpiointerrupt.o (.text.initI2C)
                  2000d6b0    00000174     drivers_cc32xx.a : UART2.c.obj (.text.UART2_writeTimeoutBlocking)
                  2000d824    00000150     nortos_cc32xx.a : PowerCC32XX_nortos.c.obj (.text.PowerCC32XX_sleepPolicy)
                  2000d974    00000148     drivers_cc32xx.a : TimerCC32XX.c.obj (.text.Timer_open)
                  2000dabc    00000140                      : GPIOCC32XX.c.obj (.text.GPIO_setConfig)
                  2000dbfc    00000138                      : I2CCC32XX.c.obj (.text.I2CCC32XX_hwiFxn)
                  2000dd34    00000126                      : I2C.c.obj (.text.I2C_transferTimeout)
                  2000de5a    00000002                      : I2C.c.obj (.text.I2C_init)
                  2000de5c    00000120     libc.a : memory.c.obj (.text.aligned_alloc)
                  2000df7c    0000011a     drivers_cc32xx.a : UART2.c.obj (.text.UART2_writeTimeoutNonblocking)
                  2000e096    00000002     nortos_cc32xx.a : PowerCC32XX_nortos.c.obj (.text.PowerCC32XX_initPolicy)
                  2000e098    00000118     gpiointerrupt.o (.text.mainThread)
                  2000e1b0    00000112     driverlib.a : udma.obj (.text.uDMAChannelTransferSet)
                  2000e2c2    00000002     nortos_cc32xx.a : SemaphoreP_nortos.c.obj (.text.SemaphoreP_destruct)
                  2000e2c4    000000fc     libclang_rt.builtins.a : muldf3.S.obj (.text.__muldf3)
                  2000e3c0    000000f0     libc.a : memory.c.obj (.text.free)
                  2000e4b0    000000e8     drivers_cc32xx.a : I2CCC32XX.c.obj (.text.I2C_open)
                  2000e598    000000e8                      : UART2CC32XX.c.obj (.text.UART2_close)
                  2000e680    000000cc                      : UART2CC32XX.c.obj (.text.UART2Support_dmaStartRx)
                  2000e74c    000000c8     driverlib.a : interrupt.obj (.text.IntDisable)
                  2000e814    000000c8                 : interrupt.obj (.text.IntEnable)
                  2000e8dc    000000c4     drivers_cc32xx.a : UART2CC32XX.c.obj (.text.UART2CC32XX_initHw)
                  2000e9a0    000000b8                      : UART2CC32XX.c.obj (.text.UART2Support_dmaStartTx)
                  2000ea58    000000b0     libclang_rt.builtins.a : udivmoddi4.S.obj (.text)
                  2000eb08    000000ac     driverlib.a : gpio.obj (.text.GPIOIntTypeSet)
                  2000ebb4    000000a4                 : interrupt.obj (.text.IntPendSet)
                  2000ec58    000000a2                 : pin.obj (.text.PinConfigSet)
                  2000ecfa    0000009c     drivers_cc32xx.a : I2CCC32XX.c.obj (.text.I2CCC32XX_completeTransfer)
                  2000ed96    00000002                      : Timer.c.obj (.text.Timer_init)
                  2000ed98    0000009c     gpiointerrupt.o (.text.readTemp)
                  2000ee34    00000098     driverlib.a : i2c.obj (.text.I2CMasterInitExpClk)
                  2000eecc    00000098     nortos_cc32xx.a : SemaphoreP_nortos.c.obj (.text.SemaphoreP_pend)
                  2000ef64    0000000c     driverlib.a : cpu.obj (.text.CPUwfi)
                  2000ef70    00000096     drivers_cc32xx.a : PowerCC32XX_ticlang.asm.obj (.text)
                  2000f006    00000092     driverlib.a : udma.obj (.text.uDMAChannelAttributeDisable)
                  2000f098    00000090     drivers_cc32xx.a : GPIOCC32XX.c.obj (.text.GPIO_init)
                  2000f128    0000008e     driverlib.a : prcm.obj (.text.PRCMSysResetCauseGet)
                  2000f1b6    00000002     drivers_cc32xx.a : UART2CC32XX.c.obj (.text.UART2CC32XX_eventCallback)
                  2000f1b8    00000088                      : PowerCC32XX.c.obj (.text.PowerCC32XX_configureWakeup)
                  2000f240    0000007a                      : I2CCC32XX.c.obj (.text.I2CCC32XX_primeReadBurst)
                  2000f2ba    00000002     libclang_rt.builtins.a : aeabi_div0.c.obj (.text.__aeabi_ldiv0)
                  2000f2bc    00000078     drivers_cc32xx.a : PowerCC32XX.c.obj (.text.Power_init)
                  2000f334    00000074     nortos_cc32xx.a : HwiPCC32XX_nortos.c.obj (.text.HwiP_construct)
                  2000f3a8    00000074     driverlib.a : prcm.obj (.text.PRCMHibernateWakeUpGPIOSelect)
                  2000f41c    00000074                 : uart.obj (.text.UARTConfigSetExpClk)
                  2000f490    00000070     libc.a : copy_decompress_lzss.c.obj (.text:decompress:lzss)
                  2000f500    0000006c     driverlib.a : pin.obj (.text.PinLockLevelSet)
                  2000f56c    0000006c     drivers_cc32xx.a : PowerCC32XX.c.obj (.text.Power_setDependency)
                  2000f5d8    0000006c                      : UDMACC32XX.c.obj (.text.UDMACC32XX_open)
                  2000f644    0000006c     gpiointerrupt.o (.text.initTimer)
                  2000f6b0    0000006c     drivers_cc32xx.a : GPIOCC32XX.c.obj (.text.powerNotifyFxn)
                  2000f71c    0000006c     libc.a : memory.c.obj (.text.split)
                  2000f788    0000006a     driverlib.a : prcm.obj (.text.PRCMPeripheralReset)
                  2000f7f2    00000002     libc.a : _lock.c.obj (.text._nop)
                  2000f7f4    00000068     drivers_cc32xx.a : I2CCC32XX.c.obj (.text.I2CCC32XX_initHw)
                  2000f85c    00000068     driverlib.a : interrupt.obj (.text.IntPendClear)
                  2000f8c4    00000066     drivers_cc32xx.a : I2CCC32XX.c.obj (.text.I2CCC32XX_primeWriteBurst)
                  2000f92a    00000060                      : UART2CC32XX.c.obj (.text.UART2Support_dmaStopTx)
                  2000f98a    0000005c     driverlib.a : flash.obj (.text.FlashDisable)
                  2000f9e6    0000005c     drivers_cc32xx.a : I2CCC32XX.c.obj (.text.I2CSupport_primeTransfer)
                  2000fa42    0000005c     driverlib.a : prcm.obj (.text.PRCMHibernateWakeupSourceDisable)
                  2000fa9e    00000002     nortos_cc32xx.a : startup_cc32xx_ticlang.c.obj (.text.busFaultHandler)
                  2000faa0    0000005c     drivers_cc32xx.a : TimerCC32XX.c.obj (.text.TimerCC32XX_allocateTimerResource)
                  2000fafc    0000005a     driverlib.a : prcm.obj (.text.PRCMPeripheralClkEnable)
                  2000fb56    00000002     nortos_cc32xx.a : SemaphoreP_nortos.c.obj (.text.clkFxn)
                  2000fb58    00000058                     : ClockPSysTick_nortos.c.obj (.text.ClockP_startup)
                  2000fbb0    00000058     driverlib.a : interrupt.obj (.text.IntPrioritySet)
                  2000fc08    00000056                 : prcm.obj (.text.PRCMLPDSEnter)
                  2000fc5e    00000002     nortos_cc32xx.a : startup_cc32xx_ticlang.c.obj (.text.defaultHandler)
                  2000fc60    00000054     drivers_cc32xx.a : PowerCC32XX.c.obj (.text.PowerCC32XX_setParkState)
                  2000fcb4    00000054                      : PowerCC32XX.c.obj (.text.Power_releaseDependency)
                  2000fd08    00000050                      : GPIOCC32XX.c.obj (.text.GPIO_hwiIntFxn)
                  2000fd58    00000050     driverlib.a : prcm.obj (.text.PRCMHibernateWakeupSourceEnable)
                  2000fda8    00000050     nortos_cc32xx.a : SemaphoreP_nortos.c.obj (.text.SemaphoreP_construct)
                  2000fdf8    0000004e     driverlib.a : udma.obj (.text.uDMAChannelAssign)
                  2000fe46    00000002     nortos_cc32xx.a : startup_cc32xx_ticlang.c.obj (.text.faultISR)
                  2000fe48    0000004c     drivers_cc32xx.a : GPIOCC32XX.c.obj (.text.GPIO_setInterruptConfig)
                  2000fe94    0000004c     driverlib.a : prcm.obj (.text.PRCMLPDSRestoreInfoSet)
                  2000fee0    0000004c     drivers_cc32xx.a : TimerCC32XX.c.obj (.text.initHw)
                  2000ff2c    0000004a                      : UART2CC32XX.c.obj (.text.UART2Support_dmaStopRx)
                  2000ff76    0000004a                      : TimerCC32XX.c.obj (.text.getPrescaler)
                  2000ffc0    0000004a     driverlib.a : udma.obj (.text.uDMAChannelSizeGet)
                  2001000a    00000002     nortos_cc32xx.a : startup_cc32xx_ticlang.c.obj (.text.nmiISR)
                  2001000c    00000048                     : ClockPSysTick_nortos.c.obj (.text.ClockP_sysTickHandler)
                  20010054    00000048     driverlib.a : prcm.obj (.text.PRCMIntEnable)
                  2001009c    00000048                 : prcm.obj (.text.PRCMPeripheralStatusGet)
                  200100e4    00000048                 : pin.obj (.text.PinConfigGet)
                  2001012c    00000048     libclang_rt.builtins.a : fixdfsi.S.obj (.text.__fixdfsi)
                  20010174    00000046     drivers_cc32xx.a : I2CCC32XX.c.obj (.text.I2CCC32XX_fillTransmitFifo)
                  200101ba    00000046     driverlib.a : prcm.obj (.text.PRCMLPDSEnterKeepDebugIf)
                  20010200    00000046     drivers_cc32xx.a : RingBuf.c.obj (.text.RingBuf_put)
                  20010246    00000044     driverlib.a : gpio.obj (.text.GPIODirModeSet)
                  2001028a    00000002     --HOLE-- [fill = 0]
                  2001028c    00000044     drivers_cc32xx.a : GPIOCC32XX.c.obj (.text.GPIO_disableInt)
                  200102d0    00000044                      : GPIOCC32XX.c.obj (.text.GPIO_enableInt)
                  20010314    00000044                      : PowerCC32XX.c.obj (.text.Power_releaseConstraint)
                  20010358    00000044                      : Timer.c.obj (.text.Timer_start)
                  2001039c    00000044     nortos_cc32xx.a : ClockPSysTick_nortos.c.obj (.text.addToList)
                  200103e0    00000044     libc.a : snprintf.c.obj (.text.snprintf)
                  20010424    00000042     driverlib.a : pin.obj (.text.PinModeSet)
                  20010466    00000042                 : timer.obj (.text.TimerControlStall)
                  200104a8    00000042     drivers_cc32xx.a : TimerCC32XX.c.obj (.text.Timer_close)
                  200104ea    00000042     nortos_cc32xx.a : PowerCC32XX_nortos.c.obj (.text.getCountsRTC)
                  2001052c    00000040                     : SemaphoreP_nortos.c.obj (.text.SemaphoreP_post)
                  2001056c    00000040     drivers_cc32xx.a : Timer.c.obj (.text.Timer_stop)
                  200105ac    00000040     libc.a : atoi.c.obj (.text.atoi)
                  200105ec    00000040     driverlib.a : udma.obj (.text.uDMAChannelControlSet)
                  2001062c    0000003e                 : pin.obj (.text.PinDirModeSet)
                  2001066a    00000002     --HOLE-- [fill = 0]
                  2001066c    0000003c     nortos_cc32xx.a : ClockPSysTick_nortos.c.obj (.text.ClockP_stop)
                  200106a8    0000003c     drivers_cc32xx.a : UDMACC32XX.c.obj (.text.UDMACC32XX_init)
                  200106e4    0000003a                      : TimerCC32XX.c.obj (.text.TimerSupport_timerEnable)
                  2001071e    00000002     --HOLE-- [fill = 0]
                  20010720    00000038     nortos_cc32xx.a : ClockPSysTick_nortos.c.obj (.text.ClockP_destruct)
                  20010758    00000038     drivers_cc32xx.a : PowerCC32XX.c.obj (.text.Power_setConstraint)
                  20010790    00000038                      : RingBuf.c.obj (.text.RingBuf_putAdvance)
                  200107c8    00000038     nortos_cc32xx.a : SwiP_nortos.c.obj (.text.SwiP_restore)
                  20010800    00000038     drivers_cc32xx.a : UDMACC32XX.c.obj (.text.UDMACC32XX_close)
                  20010838    00000038     libc.a : autoinit.c.obj (.text:__TI_auto_init_nobinit_nopinit)
                  20010870    00000036     driverlib.a : pin.obj (.text.PinLock)
                  200108a6    00000036     drivers_cc32xx.a : TimerCC32XX.c.obj (.text.TimerCC32XX_hwiIntFunction)
                  200108dc    00000036     driverlib.a : uart.obj (.text.UARTCharPutNonBlocking)
                  20010912    00000002     --HOLE-- [fill = 0]
                  20010914    00000034     nortos_cc32xx.a : ClockPSysTick_nortos.c.obj (.text.ClockP_start)
                  20010948    00000034     driverlib.a : i2c.obj (.text.I2CFIFODataPutNonBlocking)
                  2001097c    00000034                 : pin.obj (.text.PinDirModeGet)
                  200109b0    00000034                 : pin.obj (.text.PinModeGet)
                  200109e4    00000034     drivers_cc32xx.a : PowerCC32XX.c.obj (.text.PowerCC32XX_parkPin)
                  20010a18    00000034                      : TimerCC32XX.c.obj (.text.TimerCC32XX_freeTimerResource)
                  20010a4c    00000034                      : UART2.c.obj (.text.UART2_rxDisable)
                  20010a80    00000034     nortos_cc32xx.a : startup_cc32xx_ticlang.c.obj (.text.initVectors)
                  20010ab4    00000030                     : ClockPSysTick_nortos.c.obj (.text.ClockP_getTicksUntilInterrupt)
                  20010ae4    00000030     driverlib.a : i2c.obj (.text.I2CFIFODataGetNonBlocking)
                  20010b14    00000030                 : prcm.obj (.text.PRCMLPDSIntervalSet)
                  20010b44    00000030                 : prcm.obj (.text.PRCMSlowClkCtrFastGet)
                  20010b74    00000030                 : timer.obj (.text.TimerLoadSet)
                  20010ba4    00000030                 : timer.obj (.text.TimerPrescaleSet)
                  20010bd4    00000030     libc.a : snprintf.c.obj (.text._outs)
                  20010c04    00000030     drivers_cc32xx.a : PowerCC32XX.c.obj (.text.notify)
                  20010c34    0000002e     driverlib.a : gpio.obj (.text.GPIOIntStatus)
                  20010c62    0000002e     drivers_cc32xx.a : RingBuf.c.obj (.text.RingBuf_getConsume)
                  20010c90    0000002e                      : RingBuf.c.obj (.text.RingBuf_putPointer)
                  20010cbe    0000002e     driverlib.a : uart.obj (.text.UARTDisable)
                  20010cec    0000002e     libclang_rt.builtins.a : floatsidf.S.obj (.text.__floatsidf)
                  20010d1a    0000002c     driverlib.a : i2c.obj (.text.I2CMasterIntStatusEx)
                  20010d46    0000002c     drivers_cc32xx.a : UART2CC32XX.c.obj (.text.UART2CC32XX_getRxData)
                  20010d72    00000002     --HOLE-- [fill = 0]
                  20010d74    0000002c     gpiointerrupt.o (.text.initUART)
                  20010da0    0000002a     nortos_cc32xx.a : HwiPCC32XX_nortos.c.obj (.text.HwiP_create)
                  20010dca    0000002a     driverlib.a : prcm.obj (.text.PRCMLPDSWakeUpGPIOSelect)
                  20010df4    0000002a                 : prcm.obj (.text.PRCMPeripheralClkDisable)
                  20010e1e    0000002a                 : uart.obj (.text.UARTIntStatus)
                  20010e48    00000028                 : i2c.obj (.text.I2CMasterBusBusy)
                  20010e70    00000028                 : i2c.obj (.text.I2CMasterSlaveAddrSet)
                  20010e98    00000028                 : i2c.obj (.text.I2CTxFIFOConfigSet)
                  20010ec0    00000028     drivers_cc32xx.a : I2C.c.obj (.text.I2C_cancel)
                  20010ee8    00000028                      : List.c.obj (.text.List_remove)
                  20010f10    00000028     driverlib.a : prcm.obj (.text.PRCMSRAMRetentionEnable)
                  20010f38    00000028     drivers_cc32xx.a : PowerCC32XX.c.obj (.text.PowerCC32XX_getParkState)
                  20010f60    00000028                      : TimerCC32XX.c.obj (.text.TimerSupport_timerDisable)
                  20010f88    00000028     libc.a : memory.c.obj (.text.free_list_insert)
                  20010fb0    00000024     driverlib.a : i2c.obj (.text.I2CRxFIFOConfigSet)
                  20010fd4    00000024                 : interrupt.obj (.text.IntUnregister)
                  20010ff8    00000024     drivers_cc32xx.a : List.c.obj (.text.List_put)
                  2001101c    00000024     driverlib.a : prcm.obj (.text.PRCMLPDSWakeupSourceEnable)
                  20011040    00000024     drivers_cc32xx.a : PowerCC32XX.c.obj (.text.PowerCC32XX_restoreParkState)
                  20011064    00000024                      : PowerCC32XX.c.obj (.text.PowerCC32XX_restoreParkedPin)
                  20011088    00000024                      : PowerCC32XX.c.obj (.text.Power_registerNotify)
                  200110ac    00000024                      : UART2CC32XX.c.obj (.text.UART2Support_disableRx)
                  200110d0    00000024     libc.a : boot_cortex_m.c.obj (.text:_c_int00_noargs)
                  200110f4    00000022     driverlib.a : gpio.obj (.text.GPIOPinWrite)
                  20011116    00000022                 : pin.obj (.text.PinUnlock)
                  20011138    00000022     drivers_cc32xx.a : RingBuf.c.obj (.text.RingBuf_getPointer)
                  2001115a    00000022                      : UART2CC32XX.c.obj (.text.UART2Support_sendData)
                  2001117c    00000020     driverlib.a : interrupt.obj (.text.IntRegister)
                  2001119c    00000020                 : pin.obj (.text.PinTypeI2C)
                  200111bc    00000020     drivers_cc32xx.a : PowerCC32XX.c.obj (.text.PowerCC32XX_reset)
                  200111dc    00000020                      : PowerCC32XX.c.obj (.text.Power_unregisterNotify)
                  200111fc    00000020     nortos_cc32xx.a : SemaphoreP_nortos.c.obj (.text.SemaphoreP_constructBinary)
                  2001121c    00000020                     : SemaphoreP_nortos.c.obj (.text.SemaphoreP_createBinary)
                  2001123c    00000020     driverlib.a : timer.obj (.text.TimerDisable)
                  2001125c    0000001e                 : pin.obj (.text.PinTypeUART)
                  2001127a    0000001e     drivers_cc32xx.a : UART2.c.obj (.text.UART2_writeTimeout)
                  20011298    0000001e     driverlib.a : uart.obj (.text.UARTEnable)
                  200112b6    0000001e     libc.a : memccpy.c.obj (.text.memccpy)
                  200112d4    0000001e     driverlib.a : udma.obj (.text.uDMAChannelDisable)
                  200112f2    0000001e                 : udma.obj (.text.uDMAChannelEnable)
                  20011310    0000001e                 : udma.obj (.text.uDMAChannelIsEnabled)
                  2001132e    00000002     --HOLE-- [fill = 0]
                  20011330    0000001c     drivers_cc32xx.a : GPIO.c.obj (.text.GPIO_setCallback)
                  2001134c    0000001c     nortos_cc32xx.a : HwiPCC32XX_nortos.c.obj (.text.HwiP_dispatch)
                  20011368    0000001c                     : SwiP_nortos.c.obj (.text.SwiP_disable)
                  20011384    0000001c     libc.a : memory.c.obj (.text.free_list_remove)
                  200113a0    0000001c     drivers_cc32xx.a : TimerCC32XX.c.obj (.text.getPowerMgrId)
                  200113bc    0000001c     nortos_cc32xx.a : startup_cc32xx_ticlang.c.obj (.text.resetISR)
                  200113d8    0000001a     driverlib.a : gpio.obj (.text.GPIOIntDisable)
                  200113f2    0000001a                 : prcm.obj (.text.PRCMHIBRegRead)
                  2001140c    0000001a                 : prcm.obj (.text.PRCMHIBRegWrite)
                  20011426    0000001a                 : prcm.obj (.text.PRCMLPDSWakeupSourceDisable)
                  20011440    0000001a                 : pin.obj (.text.PinToPadGet)
                  2001145a    0000001a                 : timer.obj (.text.TimerEnable)
                  20011474    0000001a                 : uart.obj (.text.UARTFlowControlSet)
                  2001148e    00000018                 : gpio.obj (.text.GPIOIntEnable)
                  200114a6    00000018     nortos_cc32xx.a : SemaphoreP_nortos.c.obj (.text.SemaphoreP_create)
                  200114be    00000018     libc.a : snprintf.c.obj (.text._outc)
                  200114d6    00000016     ti_drivers_config.o (.text.Board_init)
                  200114ec    00000016     driverlib.a : i2c.obj (.text.I2CMasterBurstLengthSet)
                  20011502    00000016                 : i2c.obj (.text.I2CMasterIntDisableEx)
                  20011518    00000016                 : i2c.obj (.text.I2CRxFIFOFlush)
                  2001152e    00000016                 : i2c.obj (.text.I2CTxFIFOFlush)
                  20011544    00000016                 : systick.obj (.text.SysTickPeriodSet)
                  2001155a    00000016                 : timer.obj (.text.TimerIntDisable)
                  20011570    00000016                 : uart.obj (.text.UARTCharsAvail)
                  20011586    00000016                 : uart.obj (.text.UARTDMADisable)
                  2001159c    00000016                 : uart.obj (.text.UARTFIFOLevelSet)
                  200115b2    00000016                 : uart.obj (.text.UARTIntDisable)
                  200115c8    00000014                 : cpu.obj (.text.CPUcpsid)
                  200115dc    00000014                 : cpu.obj (.text.CPUcpsie)
                  200115f0    00000014     nortos_cc32xx.a : HwiPCC32XX_nortos.c.obj (.text.HwiP_destruct)
                  20011604    00000014     driverlib.a : i2c.obj (.text.I2CMasterIntEnableEx)
                  20011618    00000014                 : interrupt.obj (.text.IntVTableBaseSet)
                  2001162c    00000014     drivers_cc32xx.a : PowerCC32XX.c.obj (.text.Power_disablePolicy)
                  20011640    00000014                      : PowerCC32XX.c.obj (.text.Power_getTransitionLatency)
                  20011654    00000014                      : PowerCC32XX.c.obj (.text.Power_idleFunc)
                  20011668    00000014     driverlib.a : timer.obj (.text.TimerIntEnable)
                  2001167c    00000014                 : uart.obj (.text.UARTDMAEnable)
                  20011690    00000014                 : uart.obj (.text.UARTIntEnable)
                  200116a4    00000014     libclang_rt.builtins.a : aeabi_uldivmod.S.obj (.text.__aeabi_uldivmod)
                  200116b8    00000014     driverlib.a : udma.obj (.text.uDMAControlBaseSet)
                  200116cc    00000014                 : udma.obj (.text.uDMAIntClear)
                  200116e0    00000012     nortos_cc32xx.a : ClockPSysTick_nortos.c.obj (.text.ClockP_add)
                  200116f2    00000012     driverlib.a : gpio.obj (.text.GPIOIntClear)
                  20011704    00000012     nortos_cc32xx.a : HwiPCC32XX_nortos.c.obj (.text.HwiP_Params_init)
                  20011716    00000012                     : HwiPCC32XX_nortos.c.obj (.text.HwiP_delete)
                  20011728    00000012     driverlib.a : i2c.obj (.text.I2CMasterDisable)
                  2001173a    00000012                 : i2c.obj (.text.I2CMasterEnable)
                  2001174c    00000012     drivers_cc32xx.a : I2C.c.obj (.text.I2C_transfer)
                  2001175e    00000012     driverlib.a : systick.obj (.text.SysTickEnable)
                  20011770    00000012                 : systick.obj (.text.SysTickIntDisable)
                  20011782    00000012                 : systick.obj (.text.SysTickIntEnable)
                  20011794    00000012     drivers_cc32xx.a : UDMACC32XX.c.obj (.text.postNotifyFxn)
                  200117a6    00000012     libc.a : memcpy_t2.S.obj (.text:TI_memcpy_small)
                  200117b8    00000010     nortos_cc32xx.a : ClockPSysTick_nortos.c.obj (.text.ClockP_getCpuFreq)
                  200117c8    00000010                     : ClockPSysTick_nortos.c.obj (.text.ClockP_getSystemTicks)
                  200117d8    00000010                     : ClockPSysTick_nortos.c.obj (.text.ClockP_setTicks)
                  200117e8    00000010                     : HwiPCC32XX_nortos.c.obj (.text.HwiP_inISR)
                  200117f8    00000010     driverlib.a : i2c.obj (.text.I2CMasterControl)
                  20011808    00000010                 : i2c.obj (.text.I2CMasterIntClearEx)
                  20011818    00000010                 : i2c.obj (.text.I2CMasterTimeoutSet)
                  20011828    00000010     drivers_cc32xx.a : PowerCC32XX.c.obj (.text.Power_enablePolicy)
                  20011838    00000010                      : RingBuf.c.obj (.text.RingBuf_construct)
                  20011848    00000010     driverlib.a : timer.obj (.text.TimerIntClear)
                  20011858    00000010     drivers_cc32xx.a : Timer.c.obj (.text.Timer_Params_init)
                  20011868    00000010                      : UART2CC32XX.c.obj (.text.UART2Support_txDone)
                  20011878    00000010     driverlib.a : uart.obj (.text.UARTBusy)
                  20011888    00000010                 : uart.obj (.text.UARTIntClear)
                  20011898    00000010                 : uart.obj (.text.UARTRxErrorGet)
                  200118a8    00000010     main_nortos.o (.text.main)
                  200118b8    00000010     libc.a : wcslen.c.obj (.text.wcslen)
                  200118c8    00000010            : copy_zero_init.c.obj (.text:decompress:ZI)
                  200118d8    0000000e     nortos_cc32xx.a : HwiPCC32XX_nortos.c.obj (.text.HwiP_interruptsEnabled)
                  200118e6    0000000e     driverlib.a : i2c.obj (.text.I2CFIFOStatus)
                  200118f4    0000000e     drivers_cc32xx.a : UART2.c.obj (.text.UART2_write)
                  20011902    0000000e     libc.a : _printfi.c.obj (.text.strlen)
                  20011910    0000000e     driverlib.a : udma.obj (.text.uDMAEnable)
                  2001191e    0000000e                 : udma.obj (.text.uDMAErrorStatusClear)
                  2001192c    0000000e     libc.a : memset_t2.S.obj (.text:TI_memset_small)
                  2001193a    0000000e            : copy_decompress_none.c.obj (.text:decompress:none)
                  20011948    0000000c     drivers_cc32xx.a : I2CCC32XX.c.obj (.text.I2CCC32XX_postNotify)
                  20011954    0000000c                      : I2C.c.obj (.text.I2C_Params_init)
                  20011960    0000000c                      : I2CCC32XX.c.obj (.text.OUTLINED_FUNCTION_0)
                  2001196c    0000000c                      : UART2CC32XX.c.obj (.text.OUTLINED_FUNCTION_0)
                  20011978    0000000c     gpiointerrupt.o (.text.OUTLINED_FUNCTION_0)
                  20011984    0000000c     driverlib.a : prcm.obj (.text.PRCMLPDSWakeupCauseGet)
                  20011990    0000000c     drivers_cc32xx.a : PowerCC32XX.c.obj (.text.Power_getConstraintMask)
                  2001199c    0000000c                      : UART2CC32XX.c.obj (.text.UART2CC32XX_postNotifyFxn)
                  200119a8    0000000c                      : UART2CC32XX.c.obj (.text.UART2Support_disableTx)
                  200119b4    0000000c                      : UART2CC32XX.c.obj (.text.UART2Support_enableTx)
                  200119c0    0000000c                      : UART2.c.obj (.text.UART2_Params_init)
                  200119cc    0000000c     gpiointerrupt.o (.text.gpioButtonFxn0)
                  200119d8    0000000c     gpiointerrupt.o (.text.gpioButtonFxn1)
                  200119e4    0000000c     drivers_cc32xx.a : TimerCC32XX.c.obj (.text.postNotifyFxn)
                  200119f0    0000000c     gpiointerrupt.o (.text.timerCallback)
                  200119fc    0000000c     driverlib.a : udma.obj (.text.uDMAErrorStatusGet)
                  20011a08    0000000a                 : cpu.obj (.text.CPUprimask)
                  20011a12    0000000a     nortos_cc32xx.a : ClockPSysTick_nortos.c.obj (.text.ClockP_isActive)
                  20011a1c    0000000a     driverlib.a : interrupt.obj (.text.IntMasterDisable)
                  20011a26    0000000a                 : interrupt.obj (.text.IntMasterEnable)
                  20011a30    0000000a     drivers_cc32xx.a : UART2CC32XX.c.obj (.text.OUTLINED_FUNCTION_1)
                  20011a3a    0000000a                      : UART2CC32XX.c.obj (.text.OUTLINED_FUNCTION_2)
                  20011a44    0000000a     libclang_rt.builtins.a : aeabi_memset.S.obj (.text.__aeabi_memset)
                  20011a4e    0000000a     ti_drivers_config.o (.text.dmaErrorFxn)
                  20011a58    00000008     nortos_cc32xx.a : HwiPCC32XX_nortos.c.obj (.text.HwiP_disable)
                  20011a60    00000008                     : HwiPCC32XX_nortos.c.obj (.text.HwiP_restore)
                  20011a68    00000008     drivers_cc32xx.a : I2CCC32XX.c.obj (.text.I2CCC32XX_blockingCallback)
                  20011a70    00000008                      : I2CCC32XX.c.obj (.text.I2CSupport_controllerFinish)
                  20011a78    00000008     driverlib.a : prcm.obj (.text.PRCMSleepEnter)
                  20011a80    00000008                 : utils.obj (.text.UtilsDelay)
                  20011a88    00000008     libc.a : aeabi_portable.c.obj (.text.__aeabi_errno_addr)
                  20011a90    00000008     libclang_rt.builtins.a : aeabi_memset.S.obj (.text.__aeabi_memclr)
                  20011a98    00000008     libc.a : memory.c.obj (.text.malloc)
                  20011aa0    00000006     drivers_cc32xx.a : I2CCC32XX.c.obj (.text.I2CSupport_powerRelConstraint)
                  20011aa6    00000006                      : I2CCC32XX.c.obj (.text.I2CSupport_powerSetConstraint)
                  20011aac    00000006                      : UART2CC32XX.c.obj (.text.UART2Support_powerRelConstraint)
                  20011ab2    00000004     nortos_cc32xx.a : ClockPSysTick_nortos.c.obj (.text.ClockP_doTick)
                  20011ab6    00000004                     : HwiPCC32XX_nortos.c.obj (.text.HwiP_clearInterrupt)
                  20011aba    00000004                     : HwiPCC32XX_nortos.c.obj (.text.HwiP_disableInterrupt)
                  20011abe    00000004                     : HwiPCC32XX_nortos.c.obj (.text.HwiP_enable)
                  20011ac2    00000004                     : HwiPCC32XX_nortos.c.obj (.text.HwiP_enableInterrupt)
                  20011ac6    00000004                     : HwiPCC32XX_nortos.c.obj (.text.HwiP_post)
                  20011aca    00000004     driverlib.a : interrupt.obj (.text.IntDefaultHandler)
                  20011ace    00000004     nortos_cc32xx.a : NoRTOS.c.obj (.text.NoRTOS_start)
                  20011ad2    00000004     drivers_cc32xx.a : RingBuf.c.obj (.text.RingBuf_getCount)
                  20011ad6    00000004     nortos_cc32xx.a : SemaphoreP_nortos.c.obj (.text.SemaphoreP_delete)
                  20011ada    00000002     --HOLE-- [fill = 0]
                  20011adc    00000004     libclang_rt.builtins.a : aeabi_memcpy.S.obj (.text.__aeabi_memcpy)
                  20011ae0    00000004     libc.a : pre_init.c.obj (.text._system_pre_init)
                  20011ae4    00000004            : exit.c.obj (.text:abort)

.ramVecs   0    20000000    0000030c     NOLOAD SECTION
                  20000000    0000030c     nortos_cc32xx.a : startup_cc32xx_ticlang.c.obj (.ramVecs)

.stack     0    20003000    00001000     UNINITIALIZED
                  20003000    00000004     libc.a : boot_cortex_m.c.obj (.stack)
                  20003004    00000ffc     --HOLE--

.resetVecs 
*          0    20004000    00000040     
                  20004000    00000040     nortos_cc32xx.a : startup_cc32xx_ticlang.c.obj (.resetVecs)

.sysmem    0    20004040    00008000     UNINITIALIZED
                  20004040    00000010     libc.a : memory.c.obj (.sysmem)
                  20004050    00007ff0     --HOLE--

.cinit     0    20011ae8    000000f8     
                  20011ae8    000000d1     (.cinit..data.load) [load image, compression = lzss]
                  20011bb9    00000003     --HOLE-- [fill = 0]
                  20011bbc    0000000c     (__TI_handler_table)
                  20011bc8    00000008     (.cinit..bss.load) [load image, compression = zero_init]
                  20011bd0    00000010     (__TI_cinit_table)

.rodata    0    20012620    0000074d     
                  20012620    00000101     libc.a : aeabi_ctype.S.obj (.rodata:__aeabi_ctype_table_)
                  20012721    00000002     drivers_cc32xx.a : UART2CC32XX.c.obj (.rodata.stopBits)
                  20012723    00000001     ti_drivers_config.o (.rodata.GPIO_pinUpperBound)
                  20012724    00000100     driverlib.a : pin.obj (.rodata.g_ulPinToPadMap)
                  20012824    000000d4                 : interrupt.obj (.rodata.g_pulRegs)
                  200128f8    000000a8                 : prcm.obj (.rodata.PRCM_PeriphRegsList)
                  200129a0    00000048     gpiointerrupt.o (.rodata.str1.88141095010518599421)
                  200129e8    00000044     ti_drivers_config.o (.rodata.PowerCC32XX_config)
                  20012a2c    00000038     gpiointerrupt.o (.rodata.str1.48557138690711581964)
                  20012a64    00000038     ti_drivers_config.o (.rodata.uart2CC32XXHWAttrs0)
                  20012a9c    00000032     gpiointerrupt.o (.rodata.str1.59672170090002130734)
                  20012ace    00000001     ti_drivers_config.o (.rodata.I2C_count)
                  20012acf    00000001     ti_drivers_config.o (.rodata.Timer_count)
                  20012ad0    00000028     drivers_cc32xx.a : GPIOCC32XX.c.obj (.rodata.portConfigs)
                  20012af8    00000028     gpiointerrupt.o (.rodata.str1.117259490511853709771)
                  20012b20    00000024     drivers_cc32xx.a : UART2.c.obj (.rodata.UART2_defaultParams)
                  20012b44    00000021                      : GPIOCC32XX.c.obj (.rodata.pinTable)
                  20012b65    00000021     gpiointerrupt.o (.rodata.str1.172639838942318644741)
                  20012b86    00000001     ti_drivers_config.o (.rodata.UART2_count)
                  20012b87    00000001     --HOLE-- [fill = 0]
                  20012b88    0000001f     gpiointerrupt.o (.rodata.str1.75752999448730089094)
                  20012ba7    00000001     --HOLE-- [fill = 0]
                  20012ba8    0000001b     gpiointerrupt.o (.rodata.str1.119337933097536889414)
                  20012bc3    00000001     --HOLE-- [fill = 0]
                  20012bc4    0000001a     gpiointerrupt.o (.rodata.str1.99899187528894583924)
                  20012bde    00000002     --HOLE-- [fill = 0]
                  20012be0    00000018     driverlib.a : interrupt.obj (.rodata.g_pulDisRegs)
                  20012bf8    00000018                 : interrupt.obj (.rodata.g_pulEnRegs)
                  20012c10    00000018                 : interrupt.obj (.rodata.g_pulPendRegs)
                  20012c28    00000018                 : interrupt.obj (.rodata.g_pulUnpendRegs)
                  20012c40    00000018     gpiointerrupt.o (.rodata.sensors)
                  20012c58    00000016     gpiointerrupt.o (.rodata.str1.74142311551570879921)
                  20012c6e    00000002     --HOLE-- [fill = 0]
                  20012c70    00000014     ti_drivers_config.o (.rodata.i2cCC32XXHWAttrs)
                  20012c84    00000013     gpiointerrupt.o (.rodata.str1.2552335557485402984)
                  20012c97    00000011     libc.a : _printfi.c.obj (.rodata.str1.11645776875810915891)
                  20012ca8    00000011            : _printfi.c.obj (.rodata.str1.44690500295887128011)
                  20012cb9    00000003     --HOLE-- [fill = 0]
                  20012cbc    00000010     ti_drivers_config.o (.rodata.GPIO_config)
                  20012ccc    00000010     drivers_cc32xx.a : I2CCC32XX.c.obj (.rodata.cst16)
                  20012cdc    00000010     ti_drivers_config.o (.rodata.timerCC32XXHWAttrs)
                  20012cec    0000000d     gpiointerrupt.o (.rodata.str1.8099049698717124711)
                  20012cf9    00000003     --HOLE-- [fill = 0]
                  20012cfc    0000000c     drivers_cc32xx.a : Timer.c.obj (.rodata.defaultParams)
                  20012d08    0000000c                      : TimerCC32XX.c.obj (.rodata.defaultParams)
                  20012d14    0000000c     ti_drivers_config.o (.rodata.udmaCC3220SHWAttrs)
                  20012d20    00000009     gpiointerrupt.o (.rodata.str1.149745159178111864794)
                  20012d29    00000003     --HOLE-- [fill = 0]
                  20012d2c    00000009     gpiointerrupt.o (.rodata.str1.27667157146944505614)
                  20012d35    00000003     --HOLE-- [fill = 0]
                  20012d38    00000008     ti_drivers_config.o (.rodata.I2C_config)
                  20012d40    00000008     ti_drivers_config.o (.rodata.Timer_config)
                  20012d48    00000008     ti_drivers_config.o (.rodata.UART2_config)
                  20012d50    00000008     ti_drivers_config.o (.rodata.UDMACC32XX_config)
                  20012d58    00000005     drivers_cc32xx.a : UART2CC32XX.c.obj (.rodata.parityType)
                  20012d5d    00000004                      : UART2CC32XX.c.obj (.rodata.cst4)
                  20012d61    00000004     gpiointerrupt.o (.rodata.str1.177127741038011458291)
                  20012d65    00000004     gpiointerrupt.o (.rodata.str1.76852768311284507591)
                  20012d69    00000004     gpiointerrupt.o (.rodata.str1.83244292559720334441)

.init_array 
*          0    20004000    00000000     UNINITIALIZED

.bss       0    20011c00    00000a13     UNINITIALIZED
                  20011c00    00000400     ti_drivers_config.o (.bss.dmaControlTable)
                  20012000    00000178     (.common:uart2CC32XXObjects0)
                  20012178    0000012c     (.common:PowerCC32XX_contextSave)
                  200122a4    000000fc     (.common:i2cCC32XXObjects)
                  200123a0    00000084     (.common:gpioCallbackFunctions)
                  20012424    00000084     (.common:gpioUserArgs)
                  200124a8    00000084     (.common:timerCC32XXObjects)
                  2001252c    00000040     (.common:output)
                  2001256c    00000020     ti_drivers_config.o (.bss.uart2RxRingBuffer0)
                  2001258c    00000020     ti_drivers_config.o (.bss.uart2TxRingBuffer0)
                  200125ac    00000020     (.common:i2cTransaction)
                  200125cc    00000014     drivers_cc32xx.a : UDMACC32XX.c.obj (.bss.postNotifyObj)
                  200125e0    00000010     (.common:ClockP_ctrl)
                  200125f0    00000008     (.common:udmaCC3220SObject)
                  200125f8    00000004     nortos_cc32xx.a : ClockPSysTick_nortos.c.obj (.bss.sysTickPeriod)
                  200125fc    00000004     libc.a : memory.c.obj (.bss.sys_free)
                  20012600    00000004     drivers_cc32xx.a : TimerCC32XX.c.obj (.bss.timerState.0)
                  20012604    00000004     (.common:i2c)
                  20012608    00000004     (.common:timer0)
                  2001260c    00000004     (.common:uart)
                  20012610    00000002     (.common:rxBuffer)
                  20012612    00000001     (.common:txBuffer)

.data      0    20012d70    0000068e     UNINITIALIZED
                  20012d70    0000030c     nortos_cc32xx.a : HwiPCC32XX_nortos.c.obj (.data.HwiP_dispatchTable)
                  2001307c    0000016c     drivers_cc32xx.a : PowerCC32XX.c.obj (.data.PowerCC32XX_module)
                  200131e8    000000f8     ti_drivers_config.o (.data.parkInfo)
                  200132e0    00000084     ti_drivers_config.o (.data.gpioPinConfigs)
                  20013364    0000004c     nortos_cc32xx.a : SwiP_nortos.c.obj (.data..L_MergedGlobals)
                  200133b0    00000018     drivers_cc32xx.a : GPIOCC32XX.c.obj (.data..L_MergedGlobals)
                  200133c8    00000010     nortos_cc32xx.a : SemaphoreP_nortos.c.obj (.data..L_MergedGlobals)
                  200133d8    00000008     drivers_cc32xx.a : UDMACC32XX.c.obj (.data..L_MergedGlobals)
                  200133e0    00000008     nortos_cc32xx.a : ClockPSysTick_nortos.c.obj (.data..L_MergedGlobals)
                  200133e8    00000004                     : HwiPCC32XX_nortos.c.obj (.data.HwiP_swiPIntNum)
                  200133ec    00000004     libc.a : aeabi_portable.c.obj (.data.__aeabi_errno)
                  200133f0    00000004            : _lock.c.obj (.data._lock)
                  200133f4    00000004            : _lock.c.obj (.data._unlock)
                  200133f8    00000001     gpiointerrupt.o (.data.Button0Flag)
                  200133f9    00000001     gpiointerrupt.o (.data.Button1Flag)
                  200133fa    00000001     gpiointerrupt.o (.data.TimerFlag)
                  200133fb    00000001     drivers_cc32xx.a : GPIOCC32XX.c.obj (.data.initCalled)
                  200133fc    00000001     libc.a : memory.c.obj (.data.memory_is_initialized)
                  200133fd    00000001     drivers_cc32xx.a : GPIOCC32XX.c.obj (.data.portHwiCreatedBitMask)

.log_data 
*          0    90000000    00000000     COPY SECTION

.log_ptr   0    94000008    00000000     COPY SECTION

__llvm_prf_cnts 
*          0    20004000    00000000     UNINITIALIZED

__llvm_prf_bits 
*          0    20004000    00000000     UNINITIALIZED

MODULE SUMMARY

       Module                         code    ro data   rw data
       ------                         ----    -------   -------
    .\
       gpiointerrupt.o                1012    443       114    
       main_nortos.o                  16      0         0      
    +--+------------------------------+-------+---------+---------+
       Total:                         1028    443       114    
                                                               
    .\syscfg\
       ti_drivers_config.o            34      224       2500   
    +--+------------------------------+-------+---------+---------+
       Total:                         34      224       2500   
                                                               
    C:/ti/simplelink_cc32xx_sdk_7_10_00_13/kernel/nortos/lib/ticlang/m4/nortos_cc32xx.a
       HwiPCC32XX_nortos.c.obj        308     0         784    
       startup_cc32xx_ticlang.c.obj   88      64        780    
       ClockPSysTick_nortos.c.obj     524     0         28     
       SemaphoreP_nortos.c.obj        392     0         16     
       PowerCC32XX_nortos.c.obj       404     0         0      
       SwiP_nortos.c.obj              84      0         76     
       NoRTOS.c.obj                   4       0         0      
    +--+------------------------------+-------+---------+---------+
       Total:                         1804    64        1684   
                                                               
    C:/ti/simplelink_cc32xx_sdk_7_10_00_13/source/ti/devices/cc32xx/driverlib/ticlang/Release/driverlib.a
       prcm.obj                       2564    168       0      
       interrupt.obj                  868     308       0      
       pin.obj                        750     256       0      
       udma.obj                       806     0         0      
       i2c.obj                        658     0         0      
       uart.obj                       490     0         0      
       gpio.obj                       388     0         0      
       timer.obj                      278     0         0      
       flash.obj                      92      0         0      
       systick.obj                    76      0         0      
       cpu.obj                        62      0         0      
       utils.obj                      8       0         0      
    +--+------------------------------+-------+---------+---------+
       Total:                         7040    732       0      
                                                               
    C:/ti/simplelink_cc32xx_sdk_7_10_00_13/source/ti/drivers/lib/ticlang/m4/drivers_cc32xx.a
       PowerCC32XX.c.obj              2052    0         664    
       UART2CC32XX.c.obj              2198    11        0      
       I2CCC32XX.c.obj                1242    16        0      
       GPIOCC32XX.c.obj               864     73        26     
       TimerCC32XX.c.obj              880     12        4      
       UART2.c.obj                    762     36        0      
       I2C.c.obj                      366     0         0      
       RingBuf.c.obj                  272     0         0      
       UDMACC32XX.c.obj               242     0         28     
       Timer.c.obj                    150     12        0      
       PowerCC32XX_ticlang.asm.obj    150     0         0      
       List.c.obj                     76      0         0      
       GPIO.c.obj                     28      0         0      
    +--+------------------------------+-------+---------+---------+
       Total:                         9282    160       722    
                                                               
    C:\ti\ccs1280\ccs\tools\compiler\ti-cgt-armllvm_3.2.2.LTS\lib\armv7em-ti-none-eabi/c/libc.a
       _printfi.c.obj                 2170    34        0      
       memory.c.obj                   712     0         5      
       aeabi_ctype.S.obj              0       257       0      
       snprintf.c.obj                 140     0         0      
       copy_decompress_lzss.c.obj     112     0         0      
       atoi.c.obj                     64      0         0      
       autoinit.c.obj                 56      0         0      
       boot_cortex_m.c.obj            36      0         0      
       memccpy.c.obj                  30      0         0      
       memcpy_t2.S.obj                18      0         0      
       copy_zero_init.c.obj           16      0         0      
       wcslen.c.obj                   16      0         0      
       copy_decompress_none.c.obj     14      0         0      
       memset_t2.S.obj                14      0         0      
       aeabi_portable.c.obj           8       0         4      
       _lock.c.obj                    2       0         8      
       exit.c.obj                     4       0         0      
       pre_init.c.obj                 4       0         0      
    +--+------------------------------+-------+---------+---------+
       Total:                         3416    291       17     
                                                               
    C:\ti\ccs1280\ccs\tools\compiler\ti-cgt-armllvm_3.2.2.LTS\lib\clang/15.0.7/lib/armv7em-ti-none-eabi/libclang_rt.builtins.a
       muldf3.S.obj                   252     0         0      
       udivmoddi4.S.obj               176     0         0      
       fixdfsi.S.obj                  72      0         0      
       floatsidf.S.obj                46      0         0      
       aeabi_uldivmod.S.obj           20      0         0      
       aeabi_memset.S.obj             18      0         0      
       aeabi_memcpy.S.obj             4       0         0      
       aeabi_div0.c.obj               2       0         0      
    +--+------------------------------+-------+---------+---------+
       Total:                         590     0         0      
                                                               
       Heap:                          0       0         32768  
       Stack:                         0       0         4096   
       Linker Generated:              0       245       0      
    +--+------------------------------+-------+---------+---------+
       Grand Total:                   23194   2159      41901  


LINKER GENERATED COPY TABLES

__TI_cinit_table @ 20011bd0 records: 2, size/record: 8, table size: 16
	.data: load addr=20011ae8, load size=000000d1 bytes, run addr=20012d70, run size=0000068e bytes, compression=lzss
	.bss: load addr=20011bc8, load size=00000008 bytes, run addr=20011c00, run size=00000a13 bytes, compression=zero_init


LINKER GENERATED HANDLER TABLE

__TI_handler_table @ 20011bbc records: 3, size/record: 4, table size: 12
	index: 0, handler: __TI_decompress_lzss
	index: 1, handler: __TI_decompress_none
	index: 2, handler: __TI_zero_init


GLOBAL SYMBOLS: SORTED ALPHABETICALLY BY Name 

address   name                             
-------   ----                             
200114d7  Board_init                       
2000d36b  Board_initHook                   
200133f8  Button0Flag                      
200133f9  Button1Flag                      
20011ae4  C$$EXIT                          
200115c9  CPUcpsid                         
200115dd  CPUcpsie                         
20011a09  CPUprimask                       
2000ef65  CPUwfi                           
200116e1  ClockP_add                       
200125e0  ClockP_ctrl                      
20010721  ClockP_destruct                  
20011ab3  ClockP_doTick                    
200117b9  ClockP_getCpuFreq                
200117c9  ClockP_getSystemTicks            
20010ab5  ClockP_getTicksUntilInterrupt    
20011a13  ClockP_isActive                  
200117d9  ClockP_setTicks                  
20010915  ClockP_start                     
2000fb59  ClockP_startup                   
2001066d  ClockP_stop                      
2001000d  ClockP_sysTickHandler            
200133e4  ClockP_tickPeriod                
2000f98b  FlashDisable                     
20010247  GPIODirModeSet                   
200116f3  GPIOIntClear                     
200113d9  GPIOIntDisable                   
2001148f  GPIOIntEnable                    
20010c35  GPIOIntStatus                    
2000eb09  GPIOIntTypeSet                   
200110f5  GPIOPinWrite                     
20012cbc  GPIO_config                      
2001028d  GPIO_disableInt                  
200102d1  GPIO_enableInt                   
2000fd09  GPIO_hwiIntFxn                   
2000f099  GPIO_init                        
20012723  GPIO_pinUpperBound               
20011331  GPIO_setCallback                 
2000dabd  GPIO_setConfig                   
2000fe49  GPIO_setInterruptConfig          
20011705  HwiP_Params_init                 
20011ab7  HwiP_clearInterrupt              
2000f335  HwiP_construct                   
20010da1  HwiP_create                      
20011717  HwiP_delete                      
200115f1  HwiP_destruct                    
20011a59  HwiP_disable                     
20011abb  HwiP_disableInterrupt            
2001134d  HwiP_dispatch                    
20011abf  HwiP_enable                      
20011ac3  HwiP_enableInterrupt             
200117e9  HwiP_inISR                       
200118d9  HwiP_interruptsEnabled           
20011ac7  HwiP_post                        
20011a61  HwiP_restore                     
200133e8  HwiP_swiPIntNum                  
20010ae5  I2CFIFODataGetNonBlocking        
20010949  I2CFIFODataPutNonBlocking        
200118e7  I2CFIFOStatus                    
200114ed  I2CMasterBurstLengthSet          
20010e49  I2CMasterBusBusy                 
200117f9  I2CMasterControl                 
20011729  I2CMasterDisable                 
2001173b  I2CMasterEnable                  
2000ee35  I2CMasterInitExpClk              
20011809  I2CMasterIntClearEx              
20011503  I2CMasterIntDisableEx            
20011605  I2CMasterIntEnableEx             
20010d1b  I2CMasterIntStatusEx             
20010e71  I2CMasterSlaveAddrSet            
20011819  I2CMasterTimeoutSet              
20010fb1  I2CRxFIFOConfigSet               
20011519  I2CRxFIFOFlush                   
20011a71  I2CSupport_controllerFinish      
20011aa1  I2CSupport_powerRelConstraint    
20011aa7  I2CSupport_powerSetConstraint    
2000f9e7  I2CSupport_primeTransfer         
20010e99  I2CTxFIFOConfigSet               
2001152f  I2CTxFIFOFlush                   
20011955  I2C_Params_init                  
20010ec1  I2C_cancel                       
20012d38  I2C_config                       
20012ace  I2C_count                        
2000de5b  I2C_init                         
2000e4b1  I2C_open                         
2001174d  I2C_transfer                     
2000dd35  I2C_transferTimeout              
UNDEFED   ITM_flush                        
UNDEFED   ITM_restore                      
2000e74d  IntDisable                       
2000e815  IntEnable                        
20011a1d  IntMasterDisable                 
20011a27  IntMasterEnable                  
2000f85d  IntPendClear                     
2000ebb5  IntPendSet                       
2000fbb1  IntPrioritySet                   
2001117d  IntRegister                      
20010fd5  IntUnregister                    
20011619  IntVTableBaseSet                 
20010ff9  List_put                         
20010ee9  List_remove                      
20011acf  NoRTOS_start                     
2000c8ad  PRCMCC3200MCUInit                
200113f3  PRCMHIBRegRead                   
2001140d  PRCMHIBRegWrite                  
2000f3a9  PRCMHibernateWakeUpGPIOSelect    
2000fa43  PRCMHibernateWakeupSourceDisable 
2000fd59  PRCMHibernateWakeupSourceEnable  
20010055  PRCMIntEnable                    
2000fc09  PRCMLPDSEnter                    
200101bb  PRCMLPDSEnterKeepDebugIf         
20010b15  PRCMLPDSIntervalSet              
2000fe95  PRCMLPDSRestoreInfoSet           
20010dcb  PRCMLPDSWakeUpGPIOSelect         
20011985  PRCMLPDSWakeupCauseGet           
20011427  PRCMLPDSWakeupSourceDisable      
2001101d  PRCMLPDSWakeupSourceEnable       
20010df5  PRCMPeripheralClkDisable         
2000fafd  PRCMPeripheralClkEnable          
2000f789  PRCMPeripheralReset              
2001009d  PRCMPeripheralStatusGet          
20010f11  PRCMSRAMRetentionEnable          
20011a79  PRCMSleepEnter                   
20010b45  PRCMSlowClkCtrFastGet            
2000f129  PRCMSysResetCauseGet             
200100e5  PinConfigGet                     
2000ec59  PinConfigSet                     
2001097d  PinDirModeGet                    
2001062d  PinDirModeSet                    
20010871  PinLock                          
2000f501  PinLockLevelSet                  
200109b1  PinModeGet                       
20010425  PinModeSet                       
20011441  PinToPadGet                      
2001119d  PinTypeI2C                       
2001125d  PinTypeUART                      
20011117  PinUnlock                        
200129e8  PowerCC32XX_config               
2000f1b9  PowerCC32XX_configureWakeup      
20012178  PowerCC32XX_contextSave          
2000ef71  PowerCC32XX_enterLPDS            
20010f39  PowerCC32XX_getParkState         
2000e097  PowerCC32XX_initPolicy           
2001307c  PowerCC32XX_module               
200109e5  PowerCC32XX_parkPin              
200111bd  PowerCC32XX_reset                
20011041  PowerCC32XX_restoreParkState     
20011065  PowerCC32XX_restoreParkedPin     
2000efb5  PowerCC32XX_resumeLPDS           
2000fc61  PowerCC32XX_setParkState         
2000d825  PowerCC32XX_sleepPolicy          
2001162d  Power_disablePolicy              
20011829  Power_enablePolicy               
20011991  Power_getConstraintMask          
20011641  Power_getTransitionLatency       
20011655  Power_idleFunc                   
2000f2bd  Power_init                       
20011089  Power_registerNotify             
20010315  Power_releaseConstraint          
2000fcb5  Power_releaseDependency          
20010759  Power_setConstraint              
2000f56d  Power_setDependency              
2000cd65  Power_sleep                      
200111dd  Power_unregisterNotify           
20011839  RingBuf_construct                
20010c63  RingBuf_getConsume               
20011ad3  RingBuf_getCount                 
20011139  RingBuf_getPointer               
20010201  RingBuf_put                      
20010791  RingBuf_putAdvance               
20010c91  RingBuf_putPointer               
2000fda9  SemaphoreP_construct             
200111fd  SemaphoreP_constructBinary       
200114a7  SemaphoreP_create                
2001121d  SemaphoreP_createBinary          
200133d0  SemaphoreP_defaultParams         
20011ad7  SemaphoreP_delete                
2000e2c3  SemaphoreP_destruct              
2000eecd  SemaphoreP_pend                  
2001052d  SemaphoreP_post                  
20011369  SwiP_disable                     
200107c9  SwiP_restore                     
2001175f  SysTickEnable                    
20011771  SysTickIntDisable                
20011783  SysTickIntEnable                 
20011545  SysTickPeriodSet                 
200117a7  TI_memcpy_small                  
2001192d  TI_memset_small                  
2000faa1  TimerCC32XX_allocateTimerResource
20010a19  TimerCC32XX_freeTimerResource    
20010467  TimerControlStall                
2001123d  TimerDisable                     
2001145b  TimerEnable                      
200133fa  TimerFlag                        
20011849  TimerIntClear                    
2001155b  TimerIntDisable                  
20011669  TimerIntEnable                   
20010b75  TimerLoadSet                     
20010ba5  TimerPrescaleSet                 
20010f61  TimerSupport_timerDisable        
200106e5  TimerSupport_timerEnable         
20011859  Timer_Params_init                
200104a9  Timer_close                      
20012d40  Timer_config                     
20012acf  Timer_count                      
2000ed97  Timer_init                       
2000d975  Timer_open                       
20010359  Timer_start                      
2001056d  Timer_stop                       
200110ad  UART2Support_disableRx           
200119a9  UART2Support_disableTx           
2000e681  UART2Support_dmaStartRx          
2000e9a1  UART2Support_dmaStartTx          
2000ff2d  UART2Support_dmaStopRx           
2000f92b  UART2Support_dmaStopTx           
200119b5  UART2Support_enableTx            
20011aad  UART2Support_powerRelConstraint  
2001115b  UART2Support_sendData            
20011869  UART2Support_txDone              
200119c1  UART2_Params_init                
2000e599  UART2_close                      
20012d48  UART2_config                     
20012b86  UART2_count                      
20012b20  UART2_defaultParams              
2000d36d  UART2_open                       
20010a4d  UART2_rxDisable                  
200118f5  UART2_write                      
2001127b  UART2_writeTimeout               
2000d6b1  UART2_writeTimeoutBlocking       
2000df7d  UART2_writeTimeoutNonblocking    
20011879  UARTBusy                         
200108dd  UARTCharPutNonBlocking           
20011571  UARTCharsAvail                   
2000f41d  UARTConfigSetExpClk              
20011587  UARTDMADisable                   
2001167d  UARTDMAEnable                    
20010cbf  UARTDisable                      
20011299  UARTEnable                       
2001159d  UARTFIFOLevelSet                 
20011475  UARTFlowControlSet               
20011889  UARTIntClear                     
200115b3  UARTIntDisable                   
20011691  UARTIntEnable                    
20010e1f  UARTIntStatus                    
20011899  UARTRxErrorGet                   
20010801  UDMACC32XX_close                 
20012d50  UDMACC32XX_config                
200106a9  UDMACC32XX_init                  
2000f5d9  UDMACC32XX_open                  
20011a81  UtilsDelay                       
20004000  __STACK_END                      
00001000  __STACK_SIZE                     
00008000  __SYSMEM_SIZE                    
00000000  __TI_ATRegion0_region_sz         
00000000  __TI_ATRegion0_src_addr          
00000000  __TI_ATRegion0_trg_addr          
00000000  __TI_ATRegion1_region_sz         
00000000  __TI_ATRegion1_src_addr          
00000000  __TI_ATRegion1_trg_addr          
00000000  __TI_ATRegion2_region_sz         
00000000  __TI_ATRegion2_src_addr          
00000000  __TI_ATRegion2_trg_addr          
20011bd0  __TI_CINIT_Base                  
20011be0  __TI_CINIT_Limit                 
20011be0  __TI_CINIT_Warm                  
20011bbc  __TI_Handler_Table_Base          
20011bc8  __TI_Handler_Table_Limit         
20010839  __TI_auto_init_nobinit_nopinit   
2000f491  __TI_decompress_lzss             
2001193b  __TI_decompress_none             
ffffffff  __TI_pprof_out_hndl              
2000c041  __TI_printfi_nofloat             
ffffffff  __TI_prof_data_size              
ffffffff  __TI_prof_data_start             
20011ae8  __TI_static_base__               
200118c9  __TI_zero_init                   
20012620  __aeabi_ctype_table_             
20012620  __aeabi_ctype_table_C            
2001012d  __aeabi_d2iz                     
2000e2c5  __aeabi_dmul                     
200133ec  __aeabi_errno                    
20011a89  __aeabi_errno_addr               
20010ced  __aeabi_i2d                      
2000f2bb  __aeabi_ldiv0                    
20011a91  __aeabi_memclr                   
20011a91  __aeabi_memclr4                  
20011a91  __aeabi_memclr8                  
20011add  __aeabi_memcpy                   
20011add  __aeabi_memcpy4                  
20011add  __aeabi_memcpy8                  
20011a45  __aeabi_memset                   
20011a45  __aeabi_memset4                  
20011a45  __aeabi_memset8                  
200116a5  __aeabi_uldivmod                 
ffffffff  __binit__                        
2001012d  __fixdfsi                        
20010ced  __floatsidf                      
UNDEFED   __mpu_init                       
2000e2c5  __muldf3                         
20003000  __stack                          
20004000  __start___llvm_prf_bits          
20004000  __start___llvm_prf_cnts          
20004000  __stop___llvm_prf_bits           
20004000  __stop___llvm_prf_cnts           
2000ea59  __udivmoddi4                     
200110d1  _c_int00_noargs                  
200133f0  _lock                            
2000f7f3  _nop                             
20004040  _sys_memory                      
UNDEFED   _system_post_cinit               
20011ae1  _system_pre_init                 
200133f4  _unlock                          
20011ae5  abort                            
2000de5d  aligned_alloc                    
200105ad  atoi                             
ffffffff  binit                            
2000fb57  clkFxn                           
2000e3c1  free                             
200119cd  gpioButtonFxn0                   
200119d9  gpioButtonFxn1                   
200123a0  gpioCallbackFunctions            
200132e0  gpioPinConfigs                   
20012424  gpioUserArgs                     
20012604  i2c                              
20012c70  i2cCC32XXHWAttrs                 
200122a4  i2cCC32XXObjects                 
200125ac  i2cTransaction                   
2000d539  initI2C                          
2000f645  initTimer                        
20010d75  initUART                         
20010a81  initVectors                      
200118a9  main                             
2000e099  mainThread                       
20011a99  malloc                           
2000de5d  memalign                         
200112b7  memccpy                          
2001252c  output                           
200131e8  parkInfo                         
2000ed99  readTemp                         
200113bd  resetISR                         
20012610  rxBuffer                         
200103e1  snprintf                         
20012608  timer0                           
20012cdc  timerCC32XXHWAttrs               
200124a8  timerCC32XXObjects               
200119f1  timerCallback                    
20012612  txBuffer                         
2000fdf9  uDMAChannelAssign                
2000f007  uDMAChannelAttributeDisable      
200105ed  uDMAChannelControlSet            
200112d5  uDMAChannelDisable               
200112f3  uDMAChannelEnable                
20011311  uDMAChannelIsEnabled             
2000ffc1  uDMAChannelSizeGet               
2000e1b1  uDMAChannelTransferSet           
200116b9  uDMAControlBaseSet               
20011911  uDMAEnable                       
2001191f  uDMAErrorStatusClear             
200119fd  uDMAErrorStatusGet               
200116cd  uDMAIntClear                     
2001260c  uart                             
20012000  uart2CC32XXObjects0              
20012d14  udmaCC3220SHWAttrs               
200125f0  udmaCC3220SObject                
200118b9  wcslen                           


GLOBAL SYMBOLS: SORTED BY Symbol Address 

address   name                             
-------   ----                             
00000000  __TI_ATRegion0_region_sz         
00000000  __TI_ATRegion0_src_addr          
00000000  __TI_ATRegion0_trg_addr          
00000000  __TI_ATRegion1_region_sz         
00000000  __TI_ATRegion1_src_addr          
00000000  __TI_ATRegion1_trg_addr          
00000000  __TI_ATRegion2_region_sz         
00000000  __TI_ATRegion2_src_addr          
00000000  __TI_ATRegion2_trg_addr          
00001000  __STACK_SIZE                     
00008000  __SYSMEM_SIZE                    
20003000  __stack                          
20004000  __STACK_END                      
20004000  __start___llvm_prf_bits          
20004000  __start___llvm_prf_cnts          
20004000  __stop___llvm_prf_bits           
20004000  __stop___llvm_prf_cnts           
20004040  _sys_memory                      
2000c041  __TI_printfi_nofloat             
2000c8ad  PRCMCC3200MCUInit                
2000cd65  Power_sleep                      
2000d36b  Board_initHook                   
2000d36d  UART2_open                       
2000d539  initI2C                          
2000d6b1  UART2_writeTimeoutBlocking       
2000d825  PowerCC32XX_sleepPolicy          
2000d975  Timer_open                       
2000dabd  GPIO_setConfig                   
2000dd35  I2C_transferTimeout              
2000de5b  I2C_init                         
2000de5d  aligned_alloc                    
2000de5d  memalign                         
2000df7d  UART2_writeTimeoutNonblocking    
2000e097  PowerCC32XX_initPolicy           
2000e099  mainThread                       
2000e1b1  uDMAChannelTransferSet           
2000e2c3  SemaphoreP_destruct              
2000e2c5  __aeabi_dmul                     
2000e2c5  __muldf3                         
2000e3c1  free                             
2000e4b1  I2C_open                         
2000e599  UART2_close                      
2000e681  UART2Support_dmaStartRx          
2000e74d  IntDisable                       
2000e815  IntEnable                        
2000e9a1  UART2Support_dmaStartTx          
2000ea59  __udivmoddi4                     
2000eb09  GPIOIntTypeSet                   
2000ebb5  IntPendSet                       
2000ec59  PinConfigSet                     
2000ed97  Timer_init                       
2000ed99  readTemp                         
2000ee35  I2CMasterInitExpClk              
2000eecd  SemaphoreP_pend                  
2000ef65  CPUwfi                           
2000ef71  PowerCC32XX_enterLPDS            
2000efb5  PowerCC32XX_resumeLPDS           
2000f007  uDMAChannelAttributeDisable      
2000f099  GPIO_init                        
2000f129  PRCMSysResetCauseGet             
2000f1b9  PowerCC32XX_configureWakeup      
2000f2bb  __aeabi_ldiv0                    
2000f2bd  Power_init                       
2000f335  HwiP_construct                   
2000f3a9  PRCMHibernateWakeUpGPIOSelect    
2000f41d  UARTConfigSetExpClk              
2000f491  __TI_decompress_lzss             
2000f501  PinLockLevelSet                  
2000f56d  Power_setDependency              
2000f5d9  UDMACC32XX_open                  
2000f645  initTimer                        
2000f789  PRCMPeripheralReset              
2000f7f3  _nop                             
2000f85d  IntPendClear                     
2000f92b  UART2Support_dmaStopTx           
2000f98b  FlashDisable                     
2000f9e7  I2CSupport_primeTransfer         
2000fa43  PRCMHibernateWakeupSourceDisable 
2000faa1  TimerCC32XX_allocateTimerResource
2000fafd  PRCMPeripheralClkEnable          
2000fb57  clkFxn                           
2000fb59  ClockP_startup                   
2000fbb1  IntPrioritySet                   
2000fc09  PRCMLPDSEnter                    
2000fc61  PowerCC32XX_setParkState         
2000fcb5  Power_releaseDependency          
2000fd09  GPIO_hwiIntFxn                   
2000fd59  PRCMHibernateWakeupSourceEnable  
2000fda9  SemaphoreP_construct             
2000fdf9  uDMAChannelAssign                
2000fe49  GPIO_setInterruptConfig          
2000fe95  PRCMLPDSRestoreInfoSet           
2000ff2d  UART2Support_dmaStopRx           
2000ffc1  uDMAChannelSizeGet               
2001000d  ClockP_sysTickHandler            
20010055  PRCMIntEnable                    
2001009d  PRCMPeripheralStatusGet          
200100e5  PinConfigGet                     
2001012d  __aeabi_d2iz                     
2001012d  __fixdfsi                        
200101bb  PRCMLPDSEnterKeepDebugIf         
20010201  RingBuf_put                      
20010247  GPIODirModeSet                   
2001028d  GPIO_disableInt                  
200102d1  GPIO_enableInt                   
20010315  Power_releaseConstraint          
20010359  Timer_start                      
200103e1  snprintf                         
20010425  PinModeSet                       
20010467  TimerControlStall                
200104a9  Timer_close                      
2001052d  SemaphoreP_post                  
2001056d  Timer_stop                       
200105ad  atoi                             
200105ed  uDMAChannelControlSet            
2001062d  PinDirModeSet                    
2001066d  ClockP_stop                      
200106a9  UDMACC32XX_init                  
200106e5  TimerSupport_timerEnable         
20010721  ClockP_destruct                  
20010759  Power_setConstraint              
20010791  RingBuf_putAdvance               
200107c9  SwiP_restore                     
20010801  UDMACC32XX_close                 
20010839  __TI_auto_init_nobinit_nopinit   
20010871  PinLock                          
200108dd  UARTCharPutNonBlocking           
20010915  ClockP_start                     
20010949  I2CFIFODataPutNonBlocking        
2001097d  PinDirModeGet                    
200109b1  PinModeGet                       
200109e5  PowerCC32XX_parkPin              
20010a19  TimerCC32XX_freeTimerResource    
20010a4d  UART2_rxDisable                  
20010a81  initVectors                      
20010ab5  ClockP_getTicksUntilInterrupt    
20010ae5  I2CFIFODataGetNonBlocking        
20010b15  PRCMLPDSIntervalSet              
20010b45  PRCMSlowClkCtrFastGet            
20010b75  TimerLoadSet                     
20010ba5  TimerPrescaleSet                 
20010c35  GPIOIntStatus                    
20010c63  RingBuf_getConsume               
20010c91  RingBuf_putPointer               
20010cbf  UARTDisable                      
20010ced  __aeabi_i2d                      
20010ced  __floatsidf                      
20010d1b  I2CMasterIntStatusEx             
20010d75  initUART                         
20010da1  HwiP_create                      
20010dcb  PRCMLPDSWakeUpGPIOSelect         
20010df5  PRCMPeripheralClkDisable         
20010e1f  UARTIntStatus                    
20010e49  I2CMasterBusBusy                 
20010e71  I2CMasterSlaveAddrSet            
20010e99  I2CTxFIFOConfigSet               
20010ec1  I2C_cancel                       
20010ee9  List_remove                      
20010f11  PRCMSRAMRetentionEnable          
20010f39  PowerCC32XX_getParkState         
20010f61  TimerSupport_timerDisable        
20010fb1  I2CRxFIFOConfigSet               
20010fd5  IntUnregister                    
20010ff9  List_put                         
2001101d  PRCMLPDSWakeupSourceEnable       
20011041  PowerCC32XX_restoreParkState     
20011065  PowerCC32XX_restoreParkedPin     
20011089  Power_registerNotify             
200110ad  UART2Support_disableRx           
200110d1  _c_int00_noargs                  
200110f5  GPIOPinWrite                     
20011117  PinUnlock                        
20011139  RingBuf_getPointer               
2001115b  UART2Support_sendData            
2001117d  IntRegister                      
2001119d  PinTypeI2C                       
200111bd  PowerCC32XX_reset                
200111dd  Power_unregisterNotify           
200111fd  SemaphoreP_constructBinary       
2001121d  SemaphoreP_createBinary          
2001123d  TimerDisable                     
2001125d  PinTypeUART                      
2001127b  UART2_writeTimeout               
20011299  UARTEnable                       
200112b7  memccpy                          
200112d5  uDMAChannelDisable               
200112f3  uDMAChannelEnable                
20011311  uDMAChannelIsEnabled             
20011331  GPIO_setCallback                 
2001134d  HwiP_dispatch                    
20011369  SwiP_disable                     
200113bd  resetISR                         
200113d9  GPIOIntDisable                   
200113f3  PRCMHIBRegRead                   
2001140d  PRCMHIBRegWrite                  
20011427  PRCMLPDSWakeupSourceDisable      
20011441  PinToPadGet                      
2001145b  TimerEnable                      
20011475  UARTFlowControlSet               
2001148f  GPIOIntEnable                    
200114a7  SemaphoreP_create                
200114d7  Board_init                       
200114ed  I2CMasterBurstLengthSet          
20011503  I2CMasterIntDisableEx            
20011519  I2CRxFIFOFlush                   
2001152f  I2CTxFIFOFlush                   
20011545  SysTickPeriodSet                 
2001155b  TimerIntDisable                  
20011571  UARTCharsAvail                   
20011587  UARTDMADisable                   
2001159d  UARTFIFOLevelSet                 
200115b3  UARTIntDisable                   
200115c9  CPUcpsid                         
200115dd  CPUcpsie                         
200115f1  HwiP_destruct                    
20011605  I2CMasterIntEnableEx             
20011619  IntVTableBaseSet                 
2001162d  Power_disablePolicy              
20011641  Power_getTransitionLatency       
20011655  Power_idleFunc                   
20011669  TimerIntEnable                   
2001167d  UARTDMAEnable                    
20011691  UARTIntEnable                    
200116a5  __aeabi_uldivmod                 
200116b9  uDMAControlBaseSet               
200116cd  uDMAIntClear                     
200116e1  ClockP_add                       
200116f3  GPIOIntClear                     
20011705  HwiP_Params_init                 
20011717  HwiP_delete                      
20011729  I2CMasterDisable                 
2001173b  I2CMasterEnable                  
2001174d  I2C_transfer                     
2001175f  SysTickEnable                    
20011771  SysTickIntDisable                
20011783  SysTickIntEnable                 
200117a7  TI_memcpy_small                  
200117b9  ClockP_getCpuFreq                
200117c9  ClockP_getSystemTicks            
200117d9  ClockP_setTicks                  
200117e9  HwiP_inISR                       
200117f9  I2CMasterControl                 
20011809  I2CMasterIntClearEx              
20011819  I2CMasterTimeoutSet              
20011829  Power_enablePolicy               
20011839  RingBuf_construct                
20011849  TimerIntClear                    
20011859  Timer_Params_init                
20011869  UART2Support_txDone              
20011879  UARTBusy                         
20011889  UARTIntClear                     
20011899  UARTRxErrorGet                   
200118a9  main                             
200118b9  wcslen                           
200118c9  __TI_zero_init                   
200118d9  HwiP_interruptsEnabled           
200118e7  I2CFIFOStatus                    
200118f5  UART2_write                      
20011911  uDMAEnable                       
2001191f  uDMAErrorStatusClear             
2001192d  TI_memset_small                  
2001193b  __TI_decompress_none             
20011955  I2C_Params_init                  
20011985  PRCMLPDSWakeupCauseGet           
20011991  Power_getConstraintMask          
200119a9  UART2Support_disableTx           
200119b5  UART2Support_enableTx            
200119c1  UART2_Params_init                
200119cd  gpioButtonFxn0                   
200119d9  gpioButtonFxn1                   
200119f1  timerCallback                    
200119fd  uDMAErrorStatusGet               
20011a09  CPUprimask                       
20011a13  ClockP_isActive                  
20011a1d  IntMasterDisable                 
20011a27  IntMasterEnable                  
20011a45  __aeabi_memset                   
20011a45  __aeabi_memset4                  
20011a45  __aeabi_memset8                  
20011a59  HwiP_disable                     
20011a61  HwiP_restore                     
20011a71  I2CSupport_controllerFinish      
20011a79  PRCMSleepEnter                   
20011a81  UtilsDelay                       
20011a89  __aeabi_errno_addr               
20011a91  __aeabi_memclr                   
20011a91  __aeabi_memclr4                  
20011a91  __aeabi_memclr8                  
20011a99  malloc                           
20011aa1  I2CSupport_powerRelConstraint    
20011aa7  I2CSupport_powerSetConstraint    
20011aad  UART2Support_powerRelConstraint  
20011ab3  ClockP_doTick                    
20011ab7  HwiP_clearInterrupt              
20011abb  HwiP_disableInterrupt            
20011abf  HwiP_enable                      
20011ac3  HwiP_enableInterrupt             
20011ac7  HwiP_post                        
20011acf  NoRTOS_start                     
20011ad3  RingBuf_getCount                 
20011ad7  SemaphoreP_delete                
20011add  __aeabi_memcpy                   
20011add  __aeabi_memcpy4                  
20011add  __aeabi_memcpy8                  
20011ae1  _system_pre_init                 
20011ae4  C$$EXIT                          
20011ae5  abort                            
20011ae8  __TI_static_base__               
20011bbc  __TI_Handler_Table_Base          
20011bc8  __TI_Handler_Table_Limit         
20011bd0  __TI_CINIT_Base                  
20011be0  __TI_CINIT_Limit                 
20011be0  __TI_CINIT_Warm                  
20012000  uart2CC32XXObjects0              
20012178  PowerCC32XX_contextSave          
200122a4  i2cCC32XXObjects                 
200123a0  gpioCallbackFunctions            
20012424  gpioUserArgs                     
200124a8  timerCC32XXObjects               
2001252c  output                           
200125ac  i2cTransaction                   
200125e0  ClockP_ctrl                      
200125f0  udmaCC3220SObject                
20012604  i2c                              
20012608  timer0                           
2001260c  uart                             
20012610  rxBuffer                         
20012612  txBuffer                         
20012620  __aeabi_ctype_table_             
20012620  __aeabi_ctype_table_C            
20012723  GPIO_pinUpperBound               
200129e8  PowerCC32XX_config               
20012ace  I2C_count                        
20012acf  Timer_count                      
20012b20  UART2_defaultParams              
20012b86  UART2_count                      
20012c70  i2cCC32XXHWAttrs                 
20012cbc  GPIO_config                      
20012cdc  timerCC32XXHWAttrs               
20012d14  udmaCC3220SHWAttrs               
20012d38  I2C_config                       
20012d40  Timer_config                     
20012d48  UART2_config                     
20012d50  UDMACC32XX_config                
2001307c  PowerCC32XX_module               
200131e8  parkInfo                         
200132e0  gpioPinConfigs                   
200133d0  SemaphoreP_defaultParams         
200133e4  ClockP_tickPeriod                
200133e8  HwiP_swiPIntNum                  
200133ec  __aeabi_errno                    
200133f0  _lock                            
200133f4  _unlock                          
200133f8  Button0Flag                      
200133f9  Button1Flag                      
200133fa  TimerFlag                        
ffffffff  __TI_pprof_out_hndl              
ffffffff  __TI_prof_data_size              
ffffffff  __TI_prof_data_start             
ffffffff  __binit__                        
ffffffff  binit                            
UNDEFED   ITM_flush                        
UNDEFED   ITM_restore                      
UNDEFED   __mpu_init                       
UNDEFED   _system_post_cinit               

[365 symbols]
